00:08:22 committed source fa4ba1cdc6f1; output results/speedups-swarm-throughput-2026-09-30/session3-retry/run
00:08:26 ranking: host record, then USD per fit; estimates use 0.5 hours plus 8 GB download; 47680627 good on-demand $0.615/h, $0.307/fit, $0.318 total; 47513476 unknown bid $0.277/h, $0.139/fit, $0.160 total; 45028237 unknown bid $0.342/h, $0.171/fit, $0.202 total; 48425190 unknown bid $0.392/h, $0.196/fit, $0.238 total; 41075410 unknown bid $0.481/h, $0.241/fit, $0.251 total; 48851740 unknown bid $0.496/h, $0.248/fit, $0.269 total; 51969558 unknown bid $0.532/h, $0.266/fit, $0.266 total; 42405157 unknown bid $0.534/h, $0.267/fit, $0.288 total; 52723068 unknown on-demand $0.536/h, $0.268/fit, $0.310 total; 45309042 unknown on-demand $0.544/h, $0.272/fit, $0.293 total; 48851735 unknow
00:08:26 renting RTX 5090, host 370354, $0.615/h; estimate $0.318
00:08:29 instance 53608131: (None, None)
00:08:57 instance 53608131: ('running', 'success, running ghcr.io/potatoist314/ceridwen-gpu_sha256_6565b52d486cfe82cd17f6f2bd928b45529576d32b6dc52734c4549a953ed1a1/ssh')
00:09:07 uploading pinned source, inputs and cached grid
00:10:16 bootstrap: 0; d
Installed kernelspec ceridwen in /root/.local/share/jupyter/kernels/ceridwen
Selected fit inputs verified
LEGA-C inputs and schema-2.1 HR SSP grid verified: /workspace/cosmic-chronometers-jwst/grid/6fe00c55a177a93d5c74782e94d3a78418ce2ad856a4edfca8dcd8ed5e572a67.h5
Ceridwen GPU environment ready.
00:10:42 01-k4: running; 
00:10:52 01-k4: running; START 1790813442
00:10:42 fitting neb_eline_ca_nohe_zevo/M14_27068, seed 20260927
00:10:42 fitting neb_eline_ca_nohe_zevo/M14_37023, seed 20260927
00:10:42 fitting neb_eline_ca_nohe_zevo/M1_210210, seed 20260927
00:10:42 fitting neb_eline_ca_nohe_zevo/M14_31835, seed 20260927
00:11:01 01-k4: running; ting neb_eline_ca_nohe_zevo/M14_27068, seed 20260927
00:10:42 fitting neb_eline_ca_nohe_zevo/M14_37023, seed 20260927
00:10:42 fitting neb_eline_ca_nohe_zevo/M1_210210, seed 20260927
00:10:42 fitting neb_eline_ca_nohe_zevo/M14_31835, seed 20260927
MEM host_used_MiB=16493 avail=47508 gpu=26648MiB,0%
00:11:10 01-k4: running; ting neb_eline_ca_nohe_zevo/M14_27068, seed 20260927
00:10:42 fitting neb_eline_ca_nohe_zevo/M14_37023, seed 20260927
00:10:42 fitting neb_eline_ca_nohe_zevo/M1_210210, seed 20260927
00:10:42 fitting neb_eline_ca_nohe_zevo/M14_31835, seed 20260927
MEM host_used_MiB=16493 avail=47508 gpu=26648MiB,0%
00:11:19 01-k4: running; 0:10:42 fitting neb_eline_ca_nohe_zevo/M14_37023, seed 20260927
00:10:42 fitting neb_eline_ca_nohe_zevo/M1_210210, seed 20260927
00:10:42 fitting neb_eline_ca_nohe_zevo/M14_31835, seed 20260927
MEM host_used_MiB=16493 avail=47508 gpu=26648MiB,0%
MEM host_used_MiB=21302 avail=42698 gpu=27616MiB,100%
00:11:28 01-k4: running; 20260927
00:10:42 fitting neb_eline_ca_nohe_zevo/M1_210210, seed 20260927
00:10:42 fitting neb_eline_ca_nohe_zevo/M14_31835, seed 20260927
MEM host_used_MiB=16493 avail=47508 gpu=26648MiB,0%
MEM host_used_MiB=21302 avail=42698 gpu=27616MiB,100%
MEM host_used_MiB=20497 avail=43504 gpu=27616MiB,100%
00:11:37 01-k4: running; 20260927
00:10:42 fitting neb_eline_ca_nohe_zevo/M1_210210, seed 20260927
00:10:42 fitting neb_eline_ca_nohe_zevo/M14_31835, seed 20260927
MEM host_used_MiB=16493 avail=47508 gpu=26648MiB,0%
MEM host_used_MiB=21302 avail=42698 gpu=27616MiB,100%
MEM host_used_MiB=20497 avail=43504 gpu=27616MiB,100%
00:11:47 01-k4: running; 10210, seed 20260927
00:10:42 fitting neb_eline_ca_nohe_zevo/M14_31835, seed 20260927
MEM host_used_MiB=16493 avail=47508 gpu=26648MiB,0%
MEM host_used_MiB=21302 avail=42698 gpu=27616MiB,100%
MEM host_used_MiB=20497 avail=43504 gpu=27616MiB,100%
MEM host_used_MiB=20391 avail=43610 gpu=27616MiB,100%
00:11:56 01-k4: running; 10210, seed 20260927
00:10:42 fitting neb_eline_ca_nohe_zevo/M14_31835, seed 20260927
MEM host_used_MiB=16493 avail=47508 gpu=26648MiB,0%
MEM host_used_MiB=21302 avail=42698 gpu=27616MiB,100%
MEM host_used_MiB=20497 avail=43504 gpu=27616MiB,100%
MEM host_used_MiB=20391 avail=43610 gpu=27616MiB,100%
00:12:05 01-k4: running; e_zevo/M14_31835, seed 20260927
MEM host_used_MiB=16493 avail=47508 gpu=26648MiB,0%
MEM host_used_MiB=21302 avail=42698 gpu=27616MiB,100%
MEM host_used_MiB=20497 avail=43504 gpu=27616MiB,100%
MEM host_used_MiB=20391 avail=43610 gpu=27616MiB,100%
MEM host_used_MiB=20359 avail=43642 gpu=27616MiB,100%
00:12:15 01-k4: running; 3 avail=47508 gpu=26648MiB,0%
MEM host_used_MiB=21302 avail=42698 gpu=27616MiB,100%
MEM host_used_MiB=20497 avail=43504 gpu=27616MiB,100%
MEM host_used_MiB=20391 avail=43610 gpu=27616MiB,100%
MEM host_used_MiB=20359 avail=43642 gpu=27616MiB,100%
MEM host_used_MiB=20353 avail=43648 gpu=27616MiB,100%
00:12:24 01-k4: running; 3 avail=47508 gpu=26648MiB,0%
MEM host_used_MiB=21302 avail=42698 gpu=27616MiB,100%
MEM host_used_MiB=20497 avail=43504 gpu=27616MiB,100%
MEM host_used_MiB=20391 avail=43610 gpu=27616MiB,100%
MEM host_used_MiB=20359 avail=43642 gpu=27616MiB,100%
MEM host_used_MiB=20353 avail=43648 gpu=27616MiB,100%
00:12:33 01-k4: running; avail=42698 gpu=27616MiB,100%
MEM host_used_MiB=20497 avail=43504 gpu=27616MiB,100%
MEM host_used_MiB=20391 avail=43610 gpu=27616MiB,100%
MEM host_used_MiB=20359 avail=43642 gpu=27616MiB,100%
MEM host_used_MiB=20353 avail=43648 gpu=27616MiB,100%
MEM host_used_MiB=20350 avail=43651 gpu=27616MiB,100%
00:12:42 01-k4: running; avail=42698 gpu=27616MiB,100%
MEM host_used_MiB=20497 avail=43504 gpu=27616MiB,100%
MEM host_used_MiB=20391 avail=43610 gpu=27616MiB,100%
MEM host_used_MiB=20359 avail=43642 gpu=27616MiB,100%
MEM host_used_MiB=20353 avail=43648 gpu=27616MiB,100%
MEM host_used_MiB=20350 avail=43651 gpu=27616MiB,100%
00:12:51 01-k4: running; avail=43504 gpu=27616MiB,100%
MEM host_used_MiB=20391 avail=43610 gpu=27616MiB,100%
MEM host_used_MiB=20359 avail=43642 gpu=27616MiB,100%
MEM host_used_MiB=20353 avail=43648 gpu=27616MiB,100%
MEM host_used_MiB=20350 avail=43651 gpu=27616MiB,100%
MEM host_used_MiB=20365 avail=43636 gpu=27616MiB,100%
00:13:01 01-k4: running; avail=43610 gpu=27616MiB,100%
MEM host_used_MiB=20359 avail=43642 gpu=27616MiB,100%
MEM host_used_MiB=20353 avail=43648 gpu=27616MiB,100%
MEM host_used_MiB=20350 avail=43651 gpu=27616MiB,100%
MEM host_used_MiB=20365 avail=43636 gpu=27616MiB,100%
MEM host_used_MiB=20353 avail=43647 gpu=27616MiB,100%
00:13:10 01-k4: running; avail=43610 gpu=27616MiB,100%
MEM host_used_MiB=20359 avail=43642 gpu=27616MiB,100%
MEM host_used_MiB=20353 avail=43648 gpu=27616MiB,100%
MEM host_used_MiB=20350 avail=43651 gpu=27616MiB,100%
MEM host_used_MiB=20365 avail=43636 gpu=27616MiB,100%
MEM host_used_MiB=20353 avail=43647 gpu=27616MiB,100%
00:13:19 01-k4: running; avail=43642 gpu=27616MiB,100%
MEM host_used_MiB=20353 avail=43648 gpu=27616MiB,100%
MEM host_used_MiB=20350 avail=43651 gpu=27616MiB,100%
MEM host_used_MiB=20365 avail=43636 gpu=27616MiB,100%
MEM host_used_MiB=20353 avail=43647 gpu=27616MiB,100%
MEM host_used_MiB=20354 avail=43647 gpu=27616MiB,100%
00:13:28 01-k4: running; avail=43648 gpu=27616MiB,100%
MEM host_used_MiB=20350 avail=43651 gpu=27616MiB,100%
MEM host_used_MiB=20365 avail=43636 gpu=27616MiB,100%
MEM host_used_MiB=20353 avail=43647 gpu=27616MiB,100%
MEM host_used_MiB=20354 avail=43647 gpu=27616MiB,100%
MEM host_used_MiB=20363 avail=43638 gpu=27616MiB,100%
00:13:37 01-k4: running; avail=43648 gpu=27616MiB,100%
MEM host_used_MiB=20350 avail=43651 gpu=27616MiB,100%
MEM host_used_MiB=20365 avail=43636 gpu=27616MiB,100%
MEM host_used_MiB=20353 avail=43647 gpu=27616MiB,100%
MEM host_used_MiB=20354 avail=43647 gpu=27616MiB,100%
MEM host_used_MiB=20363 avail=43638 gpu=27616MiB,100%
00:13:46 01-k4: running; avail=43651 gpu=27616MiB,100%
MEM host_used_MiB=20365 avail=43636 gpu=27616MiB,100%
MEM host_used_MiB=20353 avail=43647 gpu=27616MiB,100%
MEM host_used_MiB=20354 avail=43647 gpu=27616MiB,100%
MEM host_used_MiB=20363 avail=43638 gpu=27616MiB,100%
MEM host_used_MiB=20360 avail=43641 gpu=27616MiB,100%
00:13:55 01-k4: running; avail=43651 gpu=27616MiB,100%
MEM host_used_MiB=20365 avail=43636 gpu=27616MiB,100%
MEM host_used_MiB=20353 avail=43647 gpu=27616MiB,100%
MEM host_used_MiB=20354 avail=43647 gpu=27616MiB,100%
MEM host_used_MiB=20363 avail=43638 gpu=27616MiB,100%
MEM host_used_MiB=20360 avail=43641 gpu=27616MiB,100%
00:14:04 01-k4: running; avail=43636 gpu=27616MiB,100%
MEM host_used_MiB=20353 avail=43647 gpu=27616MiB,100%
MEM host_used_MiB=20354 avail=43647 gpu=27616MiB,100%
MEM host_used_MiB=20363 avail=43638 gpu=27616MiB,100%
MEM host_used_MiB=20360 avail=43641 gpu=27616MiB,100%
MEM host_used_MiB=20343 avail=43658 gpu=27616MiB,100%
00:14:13 01-k4: running; avail=43647 gpu=27616MiB,100%
MEM host_used_MiB=20354 avail=43647 gpu=27616MiB,100%
MEM host_used_MiB=20363 avail=43638 gpu=27616MiB,100%
MEM host_used_MiB=20360 avail=43641 gpu=27616MiB,100%
MEM host_used_MiB=20343 avail=43658 gpu=27616MiB,100%
MEM host_used_MiB=20369 avail=43631 gpu=27616MiB,100%
00:14:22 01-k4: running; avail=43647 gpu=27616MiB,100%
MEM host_used_MiB=20354 avail=43647 gpu=27616MiB,100%
MEM host_used_MiB=20363 avail=43638 gpu=27616MiB,100%
MEM host_used_MiB=20360 avail=43641 gpu=27616MiB,100%
MEM host_used_MiB=20343 avail=43658 gpu=27616MiB,100%
MEM host_used_MiB=20369 avail=43631 gpu=27616MiB,100%
00:14:31 01-k4: running; avail=43647 gpu=27616MiB,100%
MEM host_used_MiB=20363 avail=43638 gpu=27616MiB,100%
MEM host_used_MiB=20360 avail=43641 gpu=27616MiB,100%
MEM host_used_MiB=20343 avail=43658 gpu=27616MiB,100%
MEM host_used_MiB=20369 avail=43631 gpu=27616MiB,100%
MEM host_used_MiB=20370 avail=43631 gpu=27616MiB,100%
00:14:41 01-k4: running; avail=43647 gpu=27616MiB,100%
MEM host_used_MiB=20363 avail=43638 gpu=27616MiB,100%
MEM host_used_MiB=20360 avail=43641 gpu=27616MiB,100%
MEM host_used_MiB=20343 avail=43658 gpu=27616MiB,100%
MEM host_used_MiB=20369 avail=43631 gpu=27616MiB,100%
MEM host_used_MiB=20370 avail=43631 gpu=27616MiB,100%
00:14:50 01-k4: running; avail=43638 gpu=27616MiB,100%
MEM host_used_MiB=20360 avail=43641 gpu=27616MiB,100%
MEM host_used_MiB=20343 avail=43658 gpu=27616MiB,100%
MEM host_used_MiB=20369 avail=43631 gpu=27616MiB,100%
MEM host_used_MiB=20370 avail=43631 gpu=27616MiB,100%
MEM host_used_MiB=20351 avail=43649 gpu=27616MiB,100%
00:14:59 01-k4: running; avail=43641 gpu=27616MiB,100%
MEM host_used_MiB=20343 avail=43658 gpu=27616MiB,100%
MEM host_used_MiB=20369 avail=43631 gpu=27616MiB,100%
MEM host_used_MiB=20370 avail=43631 gpu=27616MiB,100%
MEM host_used_MiB=20351 avail=43649 gpu=27616MiB,100%
MEM host_used_MiB=20361 avail=43640 gpu=27616MiB,100%
00:15:08 01-k4: running; avail=43641 gpu=27616MiB,100%
MEM host_used_MiB=20343 avail=43658 gpu=27616MiB,100%
MEM host_used_MiB=20369 avail=43631 gpu=27616MiB,100%
MEM host_used_MiB=20370 avail=43631 gpu=27616MiB,100%
MEM host_used_MiB=20351 avail=43649 gpu=27616MiB,100%
MEM host_used_MiB=20361 avail=43640 gpu=27616MiB,100%
00:15:17 01-k4: running; avail=43658 gpu=27616MiB,100%
MEM host_used_MiB=20369 avail=43631 gpu=27616MiB,100%
MEM host_used_MiB=20370 avail=43631 gpu=27616MiB,100%
MEM host_used_MiB=20351 avail=43649 gpu=27616MiB,100%
MEM host_used_MiB=20361 avail=43640 gpu=27616MiB,100%
MEM host_used_MiB=20380 avail=43621 gpu=27616MiB,100%
00:15:26 01-k4: running; avail=43658 gpu=27616MiB,100%
MEM host_used_MiB=20369 avail=43631 gpu=27616MiB,100%
MEM host_used_MiB=20370 avail=43631 gpu=27616MiB,100%
MEM host_used_MiB=20351 avail=43649 gpu=27616MiB,100%
MEM host_used_MiB=20361 avail=43640 gpu=27616MiB,100%
MEM host_used_MiB=20380 avail=43621 gpu=27616MiB,100%
00:15:35 01-k4: running; avail=43631 gpu=27616MiB,100%
MEM host_used_MiB=20370 avail=43631 gpu=27616MiB,100%
MEM host_used_MiB=20351 avail=43649 gpu=27616MiB,100%
MEM host_used_MiB=20361 avail=43640 gpu=27616MiB,100%
MEM host_used_MiB=20380 avail=43621 gpu=27616MiB,100%
MEM host_used_MiB=20380 avail=43621 gpu=27616MiB,100%
00:15:44 01-k4: running; avail=43631 gpu=27616MiB,100%
MEM host_used_MiB=20351 avail=43649 gpu=27616MiB,100%
MEM host_used_MiB=20361 avail=43640 gpu=27616MiB,100%
MEM host_used_MiB=20380 avail=43621 gpu=27616MiB,100%
MEM host_used_MiB=20380 avail=43621 gpu=27616MiB,100%
MEM host_used_MiB=20348 avail=43652 gpu=27616MiB,100%
00:15:53 01-k4: running; avail=43631 gpu=27616MiB,100%
MEM host_used_MiB=20351 avail=43649 gpu=27616MiB,100%
MEM host_used_MiB=20361 avail=43640 gpu=27616MiB,100%
MEM host_used_MiB=20380 avail=43621 gpu=27616MiB,100%
MEM host_used_MiB=20380 avail=43621 gpu=27616MiB,100%
MEM host_used_MiB=20348 avail=43652 gpu=27616MiB,100%
00:16:02 01-k4: running; avail=43649 gpu=27616MiB,100%
MEM host_used_MiB=20361 avail=43640 gpu=27616MiB,100%
MEM host_used_MiB=20380 avail=43621 gpu=27616MiB,100%
MEM host_used_MiB=20380 avail=43621 gpu=27616MiB,100%
MEM host_used_MiB=20348 avail=43652 gpu=27616MiB,100%
MEM host_used_MiB=20390 avail=43611 gpu=27616MiB,100%
00:16:11 01-k4: running; avail=43649 gpu=27616MiB,100%
MEM host_used_MiB=20361 avail=43640 gpu=27616MiB,100%
MEM host_used_MiB=20380 avail=43621 gpu=27616MiB,100%
MEM host_used_MiB=20380 avail=43621 gpu=27616MiB,100%
MEM host_used_MiB=20348 avail=43652 gpu=27616MiB,100%
MEM host_used_MiB=20390 avail=43611 gpu=27616MiB,100%
00:16:21 01-k4: running; avail=43640 gpu=27616MiB,100%
MEM host_used_MiB=20380 avail=43621 gpu=27616MiB,100%
MEM host_used_MiB=20380 avail=43621 gpu=27616MiB,100%
MEM host_used_MiB=20348 avail=43652 gpu=27616MiB,100%
MEM host_used_MiB=20390 avail=43611 gpu=27616MiB,100%
MEM host_used_MiB=20336 avail=43664 gpu=27616MiB,100%
00:16:30 01-k4: running; avail=43621 gpu=27616MiB,100%
MEM host_used_MiB=20380 avail=43621 gpu=27616MiB,100%
MEM host_used_MiB=20348 avail=43652 gpu=27616MiB,100%
MEM host_used_MiB=20390 avail=43611 gpu=27616MiB,100%
MEM host_used_MiB=20336 avail=43664 gpu=27616MiB,100%
MEM host_used_MiB=20351 avail=43650 gpu=27616MiB,100%
00:16:39 01-k4: running; avail=43621 gpu=27616MiB,100%
MEM host_used_MiB=20380 avail=43621 gpu=27616MiB,100%
MEM host_used_MiB=20348 avail=43652 gpu=27616MiB,100%
MEM host_used_MiB=20390 avail=43611 gpu=27616MiB,100%
MEM host_used_MiB=20336 avail=43664 gpu=27616MiB,100%
MEM host_used_MiB=20351 avail=43650 gpu=27616MiB,100%
00:16:48 01-k4: running; avail=43621 gpu=27616MiB,100%
MEM host_used_MiB=20348 avail=43652 gpu=27616MiB,100%
MEM host_used_MiB=20390 avail=43611 gpu=27616MiB,100%
MEM host_used_MiB=20336 avail=43664 gpu=27616MiB,100%
MEM host_used_MiB=20351 avail=43650 gpu=27616MiB,100%
MEM host_used_MiB=20347 avail=43654 gpu=27616MiB,100%
00:16:57 01-k4: running; avail=43621 gpu=27616MiB,100%
MEM host_used_MiB=20348 avail=43652 gpu=27616MiB,100%
MEM host_used_MiB=20390 avail=43611 gpu=27616MiB,100%
MEM host_used_MiB=20336 avail=43664 gpu=27616MiB,100%
MEM host_used_MiB=20351 avail=43650 gpu=27616MiB,100%
MEM host_used_MiB=20347 avail=43654 gpu=27616MiB,100%
00:17:06 01-k4: running; avail=43652 gpu=27616MiB,100%
MEM host_used_MiB=20390 avail=43611 gpu=27616MiB,100%
MEM host_used_MiB=20336 avail=43664 gpu=27616MiB,100%
MEM host_used_MiB=20351 avail=43650 gpu=27616MiB,100%
MEM host_used_MiB=20347 avail=43654 gpu=27616MiB,100%
MEM host_used_MiB=20357 avail=43644 gpu=27616MiB,100%
00:17:15 01-k4: running; avail=43611 gpu=27616MiB,100%
MEM host_used_MiB=20336 avail=43664 gpu=27616MiB,100%
MEM host_used_MiB=20351 avail=43650 gpu=27616MiB,100%
MEM host_used_MiB=20347 avail=43654 gpu=27616MiB,100%
MEM host_used_MiB=20357 avail=43644 gpu=27616MiB,100%
MEM host_used_MiB=20364 avail=43643 gpu=27616MiB,100%
00:17:24 01-k4: running; avail=43611 gpu=27616MiB,100%
MEM host_used_MiB=20336 avail=43664 gpu=27616MiB,100%
MEM host_used_MiB=20351 avail=43650 gpu=27616MiB,100%
MEM host_used_MiB=20347 avail=43654 gpu=27616MiB,100%
MEM host_used_MiB=20357 avail=43644 gpu=27616MiB,100%
MEM host_used_MiB=20364 avail=43643 gpu=27616MiB,100%
00:17:34 01-k4: running; avail=43664 gpu=27616MiB,100%
MEM host_used_MiB=20351 avail=43650 gpu=27616MiB,100%
MEM host_used_MiB=20347 avail=43654 gpu=27616MiB,100%
MEM host_used_MiB=20357 avail=43644 gpu=27616MiB,100%
MEM host_used_MiB=20364 avail=43643 gpu=27616MiB,100%
MEM host_used_MiB=20354 avail=43646 gpu=27616MiB,100%
00:17:43 01-k4: running; avail=43664 gpu=27616MiB,100%
MEM host_used_MiB=20351 avail=43650 gpu=27616MiB,100%
MEM host_used_MiB=20347 avail=43654 gpu=27616MiB,100%
MEM host_used_MiB=20357 avail=43644 gpu=27616MiB,100%
MEM host_used_MiB=20364 avail=43643 gpu=27616MiB,100%
MEM host_used_MiB=20354 avail=43646 gpu=27616MiB,100%
00:17:52 01-k4: running; avail=43650 gpu=27616MiB,100%
MEM host_used_MiB=20347 avail=43654 gpu=27616MiB,100%
MEM host_used_MiB=20357 avail=43644 gpu=27616MiB,100%
MEM host_used_MiB=20364 avail=43643 gpu=27616MiB,100%
MEM host_used_MiB=20354 avail=43646 gpu=27616MiB,100%
MEM host_used_MiB=20359 avail=43642 gpu=27616MiB,100%
00:18:01 01-k4: running; avail=43654 gpu=27616MiB,100%
MEM host_used_MiB=20357 avail=43644 gpu=27616MiB,100%
MEM host_used_MiB=20364 avail=43643 gpu=27616MiB,100%
MEM host_used_MiB=20354 avail=43646 gpu=27616MiB,100%
MEM host_used_MiB=20359 avail=43642 gpu=27616MiB,100%
MEM host_used_MiB=20408 avail=43593 gpu=27616MiB,100%
00:18:10 01-k4: running; avail=43654 gpu=27616MiB,100%
MEM host_used_MiB=20357 avail=43644 gpu=27616MiB,100%
MEM host_used_MiB=20364 avail=43643 gpu=27616MiB,100%
MEM host_used_MiB=20354 avail=43646 gpu=27616MiB,100%
MEM host_used_MiB=20359 avail=43642 gpu=27616MiB,100%
MEM host_used_MiB=20408 avail=43593 gpu=27616MiB,100%
00:18:19 01-k4: running; avail=43644 gpu=27616MiB,100%
MEM host_used_MiB=20364 avail=43643 gpu=27616MiB,100%
MEM host_used_MiB=20354 avail=43646 gpu=27616MiB,100%
MEM host_used_MiB=20359 avail=43642 gpu=27616MiB,100%
MEM host_used_MiB=20408 avail=43593 gpu=27616MiB,100%
MEM host_used_MiB=20383 avail=43618 gpu=27616MiB,100%
00:18:29 01-k4: running; avail=43643 gpu=27616MiB,100%
MEM host_used_MiB=20354 avail=43646 gpu=27616MiB,100%
MEM host_used_MiB=20359 avail=43642 gpu=27616MiB,100%
MEM host_used_MiB=20408 avail=43593 gpu=27616MiB,100%
MEM host_used_MiB=20383 avail=43618 gpu=27616MiB,100%
MEM host_used_MiB=20371 avail=43630 gpu=27616MiB,100%
00:18:38 01-k4: running; avail=43643 gpu=27616MiB,100%
MEM host_used_MiB=20354 avail=43646 gpu=27616MiB,100%
MEM host_used_MiB=20359 avail=43642 gpu=27616MiB,100%
MEM host_used_MiB=20408 avail=43593 gpu=27616MiB,100%
MEM host_used_MiB=20383 avail=43618 gpu=27616MiB,100%
MEM host_used_MiB=20371 avail=43630 gpu=27616MiB,100%
00:18:48 01-k4: running; avail=43646 gpu=27616MiB,100%
MEM host_used_MiB=20359 avail=43642 gpu=27616MiB,100%
MEM host_used_MiB=20408 avail=43593 gpu=27616MiB,100%
MEM host_used_MiB=20383 avail=43618 gpu=27616MiB,100%
MEM host_used_MiB=20371 avail=43630 gpu=27616MiB,100%
MEM host_used_MiB=20380 avail=43622 gpu=27616MiB,100%
00:18:57 01-k4: running; avail=43646 gpu=27616MiB,100%
MEM host_used_MiB=20359 avail=43642 gpu=27616MiB,100%
MEM host_used_MiB=20408 avail=43593 gpu=27616MiB,100%
MEM host_used_MiB=20383 avail=43618 gpu=27616MiB,100%
MEM host_used_MiB=20371 avail=43630 gpu=27616MiB,100%
MEM host_used_MiB=20380 avail=43622 gpu=27616MiB,100%
00:19:06 01-k4: running; avail=43642 gpu=27616MiB,100%
MEM host_used_MiB=20408 avail=43593 gpu=27616MiB,100%
MEM host_used_MiB=20383 avail=43618 gpu=27616MiB,100%
MEM host_used_MiB=20371 avail=43630 gpu=27616MiB,100%
MEM host_used_MiB=20380 avail=43622 gpu=27616MiB,100%
MEM host_used_MiB=20368 avail=43633 gpu=27616MiB,100%
00:19:15 01-k4: running; avail=43593 gpu=27616MiB,100%
MEM host_used_MiB=20383 avail=43618 gpu=27616MiB,100%
MEM host_used_MiB=20371 avail=43630 gpu=27616MiB,100%
MEM host_used_MiB=20380 avail=43622 gpu=27616MiB,100%
MEM host_used_MiB=20368 avail=43633 gpu=27616MiB,100%
MEM host_used_MiB=20681 avail=43319 gpu=27532MiB,100%
00:19:24 01-k4: running; gpu=27616MiB,100%
MEM host_used_MiB=20371 avail=43630 gpu=27616MiB,100%
MEM host_used_MiB=20380 avail=43622 gpu=27616MiB,100%
MEM host_used_MiB=20368 avail=43633 gpu=27616MiB,100%
MEM host_used_MiB=20681 avail=43319 gpu=27532MiB,100%
00:19:18 fitting neb_eline_ca_nohe_zevo/M14_36550, seed 20260927
00:19:34 01-k4: running; gpu=27616MiB,100%
MEM host_used_MiB=20380 avail=43622 gpu=27616MiB,100%
MEM host_used_MiB=20368 avail=43633 gpu=27616MiB,100%
MEM host_used_MiB=20681 avail=43319 gpu=27532MiB,100%
00:19:18 fitting neb_eline_ca_nohe_zevo/M14_36550, seed 20260927
MEM host_used_MiB=19186 avail=44818 gpu=27366MiB,100%
00:19:43 01-k4: running; gpu=27616MiB,100%
MEM host_used_MiB=20380 avail=43622 gpu=27616MiB,100%
MEM host_used_MiB=20368 avail=43633 gpu=27616MiB,100%
MEM host_used_MiB=20681 avail=43319 gpu=27532MiB,100%
00:19:18 fitting neb_eline_ca_nohe_zevo/M14_36550, seed 20260927
MEM host_used_MiB=19186 avail=44818 gpu=27366MiB,100%
00:19:52 01-k4: running; iB,100%
MEM host_used_MiB=20681 avail=43319 gpu=27532MiB,100%
00:19:18 fitting neb_eline_ca_nohe_zevo/M14_36550, seed 20260927
MEM host_used_MiB=19186 avail=44818 gpu=27366MiB,100%
MEM host_used_MiB=16966 avail=47034 gpu=20729MiB,100%
00:19:44 fitting neb_eline_ca_nohe_zevo/M14_37219, seed 20260927
00:20:01 01-k4: running; iB,100%
00:19:18 fitting neb_eline_ca_nohe_zevo/M14_36550, seed 20260927
MEM host_used_MiB=19186 avail=44818 gpu=27366MiB,100%
MEM host_used_MiB=16966 avail=47034 gpu=20729MiB,100%
00:19:44 fitting neb_eline_ca_nohe_zevo/M14_37219, seed 20260927
MEM host_used_MiB=19562 avail=44438 gpu=27374MiB,100%
00:20:10 01-k4: running; iB,100%
00:19:18 fitting neb_eline_ca_nohe_zevo/M14_36550, seed 20260927
MEM host_used_MiB=19186 avail=44818 gpu=27366MiB,100%
MEM host_used_MiB=16966 avail=47034 gpu=20729MiB,100%
00:19:44 fitting neb_eline_ca_nohe_zevo/M14_37219, seed 20260927
MEM host_used_MiB=19562 avail=44438 gpu=27374MiB,100%
00:20:19 01-k4: running; iB,100%
MEM host_used_MiB=16966 avail=47034 gpu=20729MiB,100%
00:19:44 fitting neb_eline_ca_nohe_zevo/M14_37219, seed 20260927
MEM host_used_MiB=19562 avail=44438 gpu=27374MiB,100%
MEM host_used_MiB=16755 avail=47246 gpu=20567MiB,100%
00:20:14 fitting neb_eline_ca_nohe_zevo/M14_37723, seed 20260927
00:20:29 01-k4: running; 0260927
MEM host_used_MiB=19562 avail=44438 gpu=27374MiB,100%
MEM host_used_MiB=16755 avail=47246 gpu=20567MiB,100%
00:20:14 fitting neb_eline_ca_nohe_zevo/M14_37723, seed 20260927
00:20:23 fitting neb_eline_ca_nohe_zevo/M14_37843, seed 20260927
MEM host_used_MiB=16488 avail=47513 gpu=27118MiB,100%
00:20:38 01-k4: running; 0260927
MEM host_used_MiB=19562 avail=44438 gpu=27374MiB,100%
MEM host_used_MiB=16755 avail=47246 gpu=20567MiB,100%
00:20:14 fitting neb_eline_ca_nohe_zevo/M14_37723, seed 20260927
00:20:23 fitting neb_eline_ca_nohe_zevo/M14_37843, seed 20260927
MEM host_used_MiB=16488 avail=47513 gpu=27118MiB,100%
00:20:47 01-k4: running; iB,100%
MEM host_used_MiB=16755 avail=47246 gpu=20567MiB,100%
00:20:14 fitting neb_eline_ca_nohe_zevo/M14_37723, seed 20260927
00:20:23 fitting neb_eline_ca_nohe_zevo/M14_37843, seed 20260927
MEM host_used_MiB=16488 avail=47513 gpu=27118MiB,100%
MEM host_used_MiB=20910 avail=43091 gpu=27378MiB,100%
00:20:56 01-k4: running; iB,100%
MEM host_used_MiB=16755 avail=47246 gpu=20567MiB,100%
00:20:14 fitting neb_eline_ca_nohe_zevo/M14_37723, seed 20260927
00:20:23 fitting neb_eline_ca_nohe_zevo/M14_37843, seed 20260927
MEM host_used_MiB=16488 avail=47513 gpu=27118MiB,100%
MEM host_used_MiB=20910 avail=43091 gpu=27378MiB,100%
00:21:06 01-k4: running; iB,100%
00:20:14 fitting neb_eline_ca_nohe_zevo/M14_37723, seed 20260927
00:20:23 fitting neb_eline_ca_nohe_zevo/M14_37843, seed 20260927
MEM host_used_MiB=16488 avail=47513 gpu=27118MiB,100%
MEM host_used_MiB=20910 avail=43091 gpu=27378MiB,100%
MEM host_used_MiB=20507 avail=43494 gpu=27614MiB,100%
00:21:15 01-k4: running; 723, seed 20260927
00:20:23 fitting neb_eline_ca_nohe_zevo/M14_37843, seed 20260927
MEM host_used_MiB=16488 avail=47513 gpu=27118MiB,100%
MEM host_used_MiB=20910 avail=43091 gpu=27378MiB,100%
MEM host_used_MiB=20507 avail=43494 gpu=27614MiB,100%
MEM host_used_MiB=20403 avail=43598 gpu=27614MiB,100%
00:21:24 01-k4: running; 723, seed 20260927
00:20:23 fitting neb_eline_ca_nohe_zevo/M14_37843, seed 20260927
MEM host_used_MiB=16488 avail=47513 gpu=27118MiB,100%
MEM host_used_MiB=20910 avail=43091 gpu=27378MiB,100%
MEM host_used_MiB=20507 avail=43494 gpu=27614MiB,100%
MEM host_used_MiB=20403 avail=43598 gpu=27614MiB,100%
00:21:33 01-k4: running; zevo/M14_37843, seed 20260927
MEM host_used_MiB=16488 avail=47513 gpu=27118MiB,100%
MEM host_used_MiB=20910 avail=43091 gpu=27378MiB,100%
MEM host_used_MiB=20507 avail=43494 gpu=27614MiB,100%
MEM host_used_MiB=20403 avail=43598 gpu=27614MiB,100%
MEM host_used_MiB=20353 avail=43648 gpu=27614MiB,100%
00:21:42 01-k4: running; zevo/M14_37843, seed 20260927
MEM host_used_MiB=16488 avail=47513 gpu=27118MiB,100%
MEM host_used_MiB=20910 avail=43091 gpu=27378MiB,100%
MEM host_used_MiB=20507 avail=43494 gpu=27614MiB,100%
MEM host_used_MiB=20403 avail=43598 gpu=27614MiB,100%
MEM host_used_MiB=20353 avail=43648 gpu=27614MiB,100%
00:21:52 01-k4: running; avail=47513 gpu=27118MiB,100%
MEM host_used_MiB=20910 avail=43091 gpu=27378MiB,100%
MEM host_used_MiB=20507 avail=43494 gpu=27614MiB,100%
MEM host_used_MiB=20403 avail=43598 gpu=27614MiB,100%
MEM host_used_MiB=20353 avail=43648 gpu=27614MiB,100%
MEM host_used_MiB=20414 avail=43587 gpu=27614MiB,100%
00:22:01 01-k4: running; avail=43091 gpu=27378MiB,100%
MEM host_used_MiB=20507 avail=43494 gpu=27614MiB,100%
MEM host_used_MiB=20403 avail=43598 gpu=27614MiB,100%
MEM host_used_MiB=20353 avail=43648 gpu=27614MiB,100%
MEM host_used_MiB=20414 avail=43587 gpu=27614MiB,100%
MEM host_used_MiB=20357 avail=43644 gpu=27614MiB,100%
00:22:10 01-k4: running; avail=43091 gpu=27378MiB,100%
MEM host_used_MiB=20507 avail=43494 gpu=27614MiB,100%
MEM host_used_MiB=20403 avail=43598 gpu=27614MiB,100%
MEM host_used_MiB=20353 avail=43648 gpu=27614MiB,100%
MEM host_used_MiB=20414 avail=43587 gpu=27614MiB,100%
MEM host_used_MiB=20357 avail=43644 gpu=27614MiB,100%
00:22:19 01-k4: running; avail=43494 gpu=27614MiB,100%
MEM host_used_MiB=20403 avail=43598 gpu=27614MiB,100%
MEM host_used_MiB=20353 avail=43648 gpu=27614MiB,100%
MEM host_used_MiB=20414 avail=43587 gpu=27614MiB,100%
MEM host_used_MiB=20357 avail=43644 gpu=27614MiB,100%
MEM host_used_MiB=20367 avail=43633 gpu=27614MiB,100%
00:22:29 01-k4: running; avail=43598 gpu=27614MiB,100%
MEM host_used_MiB=20353 avail=43648 gpu=27614MiB,100%
MEM host_used_MiB=20414 avail=43587 gpu=27614MiB,100%
MEM host_used_MiB=20357 avail=43644 gpu=27614MiB,100%
MEM host_used_MiB=20367 avail=43633 gpu=27614MiB,100%
MEM host_used_MiB=20377 avail=43624 gpu=27614MiB,100%
00:22:38 01-k4: running; avail=43598 gpu=27614MiB,100%
MEM host_used_MiB=20353 avail=43648 gpu=27614MiB,100%
MEM host_used_MiB=20414 avail=43587 gpu=27614MiB,100%
MEM host_used_MiB=20357 avail=43644 gpu=27614MiB,100%
MEM host_used_MiB=20367 avail=43633 gpu=27614MiB,100%
MEM host_used_MiB=20377 avail=43624 gpu=27614MiB,100%
00:22:48 01-k4: running; avail=43648 gpu=27614MiB,100%
MEM host_used_MiB=20414 avail=43587 gpu=27614MiB,100%
MEM host_used_MiB=20357 avail=43644 gpu=27614MiB,100%
MEM host_used_MiB=20367 avail=43633 gpu=27614MiB,100%
MEM host_used_MiB=20377 avail=43624 gpu=27614MiB,100%
MEM host_used_MiB=20340 avail=43661 gpu=27614MiB,100%
00:22:57 01-k4: running; avail=43648 gpu=27614MiB,100%
MEM host_used_MiB=20414 avail=43587 gpu=27614MiB,100%
MEM host_used_MiB=20357 avail=43644 gpu=27614MiB,100%
MEM host_used_MiB=20367 avail=43633 gpu=27614MiB,100%
MEM host_used_MiB=20377 avail=43624 gpu=27614MiB,100%
MEM host_used_MiB=20340 avail=43661 gpu=27614MiB,100%
00:23:06 01-k4: running; avail=43587 gpu=27614MiB,100%
MEM host_used_MiB=20357 avail=43644 gpu=27614MiB,100%
MEM host_used_MiB=20367 avail=43633 gpu=27614MiB,100%
MEM host_used_MiB=20377 avail=43624 gpu=27614MiB,100%
MEM host_used_MiB=20340 avail=43661 gpu=27614MiB,100%
MEM host_used_MiB=20330 avail=43670 gpu=27614MiB,100%
00:23:15 01-k4: running; avail=43644 gpu=27614MiB,100%
MEM host_used_MiB=20367 avail=43633 gpu=27614MiB,100%
MEM host_used_MiB=20377 avail=43624 gpu=27614MiB,100%
MEM host_used_MiB=20340 avail=43661 gpu=27614MiB,100%
MEM host_used_MiB=20330 avail=43670 gpu=27614MiB,100%
MEM host_used_MiB=20330 avail=43670 gpu=27614MiB,100%
00:23:24 01-k4: running; avail=43644 gpu=27614MiB,100%
MEM host_used_MiB=20367 avail=43633 gpu=27614MiB,100%
MEM host_used_MiB=20377 avail=43624 gpu=27614MiB,100%
MEM host_used_MiB=20340 avail=43661 gpu=27614MiB,100%
MEM host_used_MiB=20330 avail=43670 gpu=27614MiB,100%
MEM host_used_MiB=20330 avail=43670 gpu=27614MiB,100%
00:23:33 01-k4: running; avail=43633 gpu=27614MiB,100%
MEM host_used_MiB=20377 avail=43624 gpu=27614MiB,100%
MEM host_used_MiB=20340 avail=43661 gpu=27614MiB,100%
MEM host_used_MiB=20330 avail=43670 gpu=27614MiB,100%
MEM host_used_MiB=20330 avail=43670 gpu=27614MiB,100%
MEM host_used_MiB=20347 avail=43654 gpu=27614MiB,100%
00:23:42 01-k4: running; avail=43633 gpu=27614MiB,100%
MEM host_used_MiB=20377 avail=43624 gpu=27614MiB,100%
MEM host_used_MiB=20340 avail=43661 gpu=27614MiB,100%
MEM host_used_MiB=20330 avail=43670 gpu=27614MiB,100%
MEM host_used_MiB=20330 avail=43670 gpu=27614MiB,100%
MEM host_used_MiB=20347 avail=43654 gpu=27614MiB,100%
00:23:51 01-k4: running; avail=43624 gpu=27614MiB,100%
MEM host_used_MiB=20340 avail=43661 gpu=27614MiB,100%
MEM host_used_MiB=20330 avail=43670 gpu=27614MiB,100%
MEM host_used_MiB=20330 avail=43670 gpu=27614MiB,100%
MEM host_used_MiB=20347 avail=43654 gpu=27614MiB,100%
MEM host_used_MiB=20332 avail=43668 gpu=27614MiB,100%
00:24:01 01-k4: running; avail=43661 gpu=27614MiB,100%
MEM host_used_MiB=20330 avail=43670 gpu=27614MiB,100%
MEM host_used_MiB=20330 avail=43670 gpu=27614MiB,100%
MEM host_used_MiB=20347 avail=43654 gpu=27614MiB,100%
MEM host_used_MiB=20332 avail=43668 gpu=27614MiB,100%
MEM host_used_MiB=20335 avail=43665 gpu=27614MiB,100%
00:24:10 01-k4: running; avail=43661 gpu=27614MiB,100%
MEM host_used_MiB=20330 avail=43670 gpu=27614MiB,100%
MEM host_used_MiB=20330 avail=43670 gpu=27614MiB,100%
MEM host_used_MiB=20347 avail=43654 gpu=27614MiB,100%
MEM host_used_MiB=20332 avail=43668 gpu=27614MiB,100%
MEM host_used_MiB=20335 avail=43665 gpu=27614MiB,100%
00:24:19 01-k4: running; avail=43670 gpu=27614MiB,100%
MEM host_used_MiB=20330 avail=43670 gpu=27614MiB,100%
MEM host_used_MiB=20347 avail=43654 gpu=27614MiB,100%
MEM host_used_MiB=20332 avail=43668 gpu=27614MiB,100%
MEM host_used_MiB=20335 avail=43665 gpu=27614MiB,100%
MEM host_used_MiB=20359 avail=43642 gpu=27614MiB,100%
00:24:28 01-k4: running; avail=43670 gpu=27614MiB,100%
MEM host_used_MiB=20330 avail=43670 gpu=27614MiB,100%
MEM host_used_MiB=20347 avail=43654 gpu=27614MiB,100%
MEM host_used_MiB=20332 avail=43668 gpu=27614MiB,100%
MEM host_used_MiB=20335 avail=43665 gpu=27614MiB,100%
MEM host_used_MiB=20359 avail=43642 gpu=27614MiB,100%
00:24:37 01-k4: running; avail=43670 gpu=27614MiB,100%
MEM host_used_MiB=20347 avail=43654 gpu=27614MiB,100%
MEM host_used_MiB=20332 avail=43668 gpu=27614MiB,100%
MEM host_used_MiB=20335 avail=43665 gpu=27614MiB,100%
MEM host_used_MiB=20359 avail=43642 gpu=27614MiB,100%
MEM host_used_MiB=20360 avail=43641 gpu=27614MiB,100%
00:24:46 01-k4: running; avail=43654 gpu=27614MiB,100%
MEM host_used_MiB=20332 avail=43668 gpu=27614MiB,100%
MEM host_used_MiB=20335 avail=43665 gpu=27614MiB,100%
MEM host_used_MiB=20359 avail=43642 gpu=27614MiB,100%
MEM host_used_MiB=20360 avail=43641 gpu=27614MiB,100%
MEM host_used_MiB=20381 avail=43620 gpu=27614MiB,100%
00:24:55 01-k4: running; avail=43654 gpu=27614MiB,100%
MEM host_used_MiB=20332 avail=43668 gpu=27614MiB,100%
MEM host_used_MiB=20335 avail=43665 gpu=27614MiB,100%
MEM host_used_MiB=20359 avail=43642 gpu=27614MiB,100%
MEM host_used_MiB=20360 avail=43641 gpu=27614MiB,100%
MEM host_used_MiB=20381 avail=43620 gpu=27614MiB,100%
00:25:05 01-k4: running; avail=43668 gpu=27614MiB,100%
MEM host_used_MiB=20335 avail=43665 gpu=27614MiB,100%
MEM host_used_MiB=20359 avail=43642 gpu=27614MiB,100%
MEM host_used_MiB=20360 avail=43641 gpu=27614MiB,100%
MEM host_used_MiB=20381 avail=43620 gpu=27614MiB,100%
MEM host_used_MiB=20340 avail=43661 gpu=27614MiB,100%
00:25:14 01-k4: running; avail=43665 gpu=27614MiB,100%
MEM host_used_MiB=20359 avail=43642 gpu=27614MiB,100%
MEM host_used_MiB=20360 avail=43641 gpu=27614MiB,100%
MEM host_used_MiB=20381 avail=43620 gpu=27614MiB,100%
MEM host_used_MiB=20340 avail=43661 gpu=27614MiB,100%
MEM host_used_MiB=20367 avail=43634 gpu=27614MiB,100%
00:25:23 01-k4: running; avail=43665 gpu=27614MiB,100%
MEM host_used_MiB=20359 avail=43642 gpu=27614MiB,100%
MEM host_used_MiB=20360 avail=43641 gpu=27614MiB,100%
MEM host_used_MiB=20381 avail=43620 gpu=27614MiB,100%
MEM host_used_MiB=20340 avail=43661 gpu=27614MiB,100%
MEM host_used_MiB=20367 avail=43634 gpu=27614MiB,100%
00:25:33 01-k4: running; avail=43642 gpu=27614MiB,100%
MEM host_used_MiB=20360 avail=43641 gpu=27614MiB,100%
MEM host_used_MiB=20381 avail=43620 gpu=27614MiB,100%
MEM host_used_MiB=20340 avail=43661 gpu=27614MiB,100%
MEM host_used_MiB=20367 avail=43634 gpu=27614MiB,100%
MEM host_used_MiB=20339 avail=43662 gpu=27614MiB,100%
00:25:42 01-k4: running; avail=43642 gpu=27614MiB,100%
MEM host_used_MiB=20360 avail=43641 gpu=27614MiB,100%
MEM host_used_MiB=20381 avail=43620 gpu=27614MiB,100%
MEM host_used_MiB=20340 avail=43661 gpu=27614MiB,100%
MEM host_used_MiB=20367 avail=43634 gpu=27614MiB,100%
MEM host_used_MiB=20339 avail=43662 gpu=27614MiB,100%
00:25:51 01-k4: running; avail=43641 gpu=27614MiB,100%
MEM host_used_MiB=20381 avail=43620 gpu=27614MiB,100%
MEM host_used_MiB=20340 avail=43661 gpu=27614MiB,100%
MEM host_used_MiB=20367 avail=43634 gpu=27614MiB,100%
MEM host_used_MiB=20339 avail=43662 gpu=27614MiB,100%
MEM host_used_MiB=20360 avail=43641 gpu=27614MiB,100%
00:26:00 01-k4: running; avail=43620 gpu=27614MiB,100%
MEM host_used_MiB=20340 avail=43661 gpu=27614MiB,100%
MEM host_used_MiB=20367 avail=43634 gpu=27614MiB,100%
MEM host_used_MiB=20339 avail=43662 gpu=27614MiB,100%
MEM host_used_MiB=20360 avail=43641 gpu=27614MiB,100%
MEM host_used_MiB=20348 avail=43653 gpu=27614MiB,100%
00:26:11 01-k4: running; avail=43620 gpu=27614MiB,100%
MEM host_used_MiB=20340 avail=43661 gpu=27614MiB,100%
MEM host_used_MiB=20367 avail=43634 gpu=27614MiB,100%
MEM host_used_MiB=20339 avail=43662 gpu=27614MiB,100%
MEM host_used_MiB=20360 avail=43641 gpu=27614MiB,100%
MEM host_used_MiB=20348 avail=43653 gpu=27614MiB,100%
00:26:23 01-k4: running; avail=43661 gpu=27614MiB,100%
MEM host_used_MiB=20367 avail=43634 gpu=27614MiB,100%
MEM host_used_MiB=20339 avail=43662 gpu=27614MiB,100%
MEM host_used_MiB=20360 avail=43641 gpu=27614MiB,100%
MEM host_used_MiB=20348 avail=43653 gpu=27614MiB,100%
MEM host_used_MiB=20363 avail=43638 gpu=27614MiB,100%
00:26:34 01-k4: running; avail=43634 gpu=27614MiB,100%
MEM host_used_MiB=20339 avail=43662 gpu=27614MiB,100%
MEM host_used_MiB=20360 avail=43641 gpu=27614MiB,100%
MEM host_used_MiB=20348 avail=43653 gpu=27614MiB,100%
MEM host_used_MiB=20363 avail=43638 gpu=27614MiB,100%
MEM host_used_MiB=20356 avail=43644 gpu=27614MiB,100%
00:26:45 01-k4: running; avail=43662 gpu=27614MiB,100%
MEM host_used_MiB=20360 avail=43641 gpu=27614MiB,100%
MEM host_used_MiB=20348 avail=43653 gpu=27614MiB,100%
MEM host_used_MiB=20363 avail=43638 gpu=27614MiB,100%
MEM host_used_MiB=20356 avail=43644 gpu=27614MiB,100%
MEM host_used_MiB=20336 avail=43664 gpu=27614MiB,100%
00:26:54 01-k4: running; avail=43662 gpu=27614MiB,100%
MEM host_used_MiB=20360 avail=43641 gpu=27614MiB,100%
MEM host_used_MiB=20348 avail=43653 gpu=27614MiB,100%
MEM host_used_MiB=20363 avail=43638 gpu=27614MiB,100%
MEM host_used_MiB=20356 avail=43644 gpu=27614MiB,100%
MEM host_used_MiB=20336 avail=43664 gpu=27614MiB,100%
00:27:04 01-k4: running; avail=43641 gpu=27614MiB,100%
MEM host_used_MiB=20348 avail=43653 gpu=27614MiB,100%
MEM host_used_MiB=20363 avail=43638 gpu=27614MiB,100%
MEM host_used_MiB=20356 avail=43644 gpu=27614MiB,100%
MEM host_used_MiB=20336 avail=43664 gpu=27614MiB,100%
MEM host_used_MiB=20332 avail=43668 gpu=27614MiB,100%
00:27:12 01-k4: running; avail=43641 gpu=27614MiB,100%
MEM host_used_MiB=20348 avail=43653 gpu=27614MiB,100%
MEM host_used_MiB=20363 avail=43638 gpu=27614MiB,100%
MEM host_used_MiB=20356 avail=43644 gpu=27614MiB,100%
MEM host_used_MiB=20336 avail=43664 gpu=27614MiB,100%
MEM host_used_MiB=20332 avail=43668 gpu=27614MiB,100%
00:27:22 01-k4: running; avail=43653 gpu=27614MiB,100%
MEM host_used_MiB=20363 avail=43638 gpu=27614MiB,100%
MEM host_used_MiB=20356 avail=43644 gpu=27614MiB,100%
MEM host_used_MiB=20336 avail=43664 gpu=27614MiB,100%
MEM host_used_MiB=20332 avail=43668 gpu=27614MiB,100%
MEM host_used_MiB=20333 avail=43668 gpu=27614MiB,100%
00:27:31 01-k4: running; avail=43638 gpu=27614MiB,100%
MEM host_used_MiB=20356 avail=43644 gpu=27614MiB,100%
MEM host_used_MiB=20336 avail=43664 gpu=27614MiB,100%
MEM host_used_MiB=20332 avail=43668 gpu=27614MiB,100%
MEM host_used_MiB=20333 avail=43668 gpu=27614MiB,100%
MEM host_used_MiB=20385 avail=43616 gpu=27614MiB,100%
00:27:40 01-k4: running; avail=43638 gpu=27614MiB,100%
MEM host_used_MiB=20356 avail=43644 gpu=27614MiB,100%
MEM host_used_MiB=20336 avail=43664 gpu=27614MiB,100%
MEM host_used_MiB=20332 avail=43668 gpu=27614MiB,100%
MEM host_used_MiB=20333 avail=43668 gpu=27614MiB,100%
MEM host_used_MiB=20385 avail=43616 gpu=27614MiB,100%
00:27:50 01-k4: running; avail=43644 gpu=27614MiB,100%
MEM host_used_MiB=20336 avail=43664 gpu=27614MiB,100%
MEM host_used_MiB=20332 avail=43668 gpu=27614MiB,100%
MEM host_used_MiB=20333 avail=43668 gpu=27614MiB,100%
MEM host_used_MiB=20385 avail=43616 gpu=27614MiB,100%
MEM host_used_MiB=20349 avail=43653 gpu=27614MiB,100%
00:27:59 01-k4: running; avail=43644 gpu=27614MiB,100%
MEM host_used_MiB=20336 avail=43664 gpu=27614MiB,100%
MEM host_used_MiB=20332 avail=43668 gpu=27614MiB,100%
MEM host_used_MiB=20333 avail=43668 gpu=27614MiB,100%
MEM host_used_MiB=20385 avail=43616 gpu=27614MiB,100%
MEM host_used_MiB=20349 avail=43653 gpu=27614MiB,100%
00:28:08 01-k4: running; avail=43664 gpu=27614MiB,100%
MEM host_used_MiB=20332 avail=43668 gpu=27614MiB,100%
MEM host_used_MiB=20333 avail=43668 gpu=27614MiB,100%
MEM host_used_MiB=20385 avail=43616 gpu=27614MiB,100%
MEM host_used_MiB=20349 avail=43653 gpu=27614MiB,100%
MEM host_used_MiB=16603 avail=47398 gpu=20729MiB,100%
00:28:17 01-k4: running; avail=43668 gpu=27614MiB,100%
MEM host_used_MiB=20333 avail=43668 gpu=27614MiB,100%
MEM host_used_MiB=20385 avail=43616 gpu=27614MiB,100%
MEM host_used_MiB=20349 avail=43653 gpu=27614MiB,100%
MEM host_used_MiB=16603 avail=47398 gpu=20729MiB,100%
MEM host_used_MiB=16478 avail=47523 gpu=20729MiB,100%
00:28:26 01-k4: running; avail=43668 gpu=27614MiB,100%
MEM host_used_MiB=20333 avail=43668 gpu=27614MiB,100%
MEM host_used_MiB=20385 avail=43616 gpu=27614MiB,100%
MEM host_used_MiB=20349 avail=43653 gpu=27614MiB,100%
MEM host_used_MiB=16603 avail=47398 gpu=20729MiB,100%
MEM host_used_MiB=16478 avail=47523 gpu=20729MiB,100%
00:28:36 01-k4: running; 33 avail=43668 gpu=27614MiB,100%
MEM host_used_MiB=20385 avail=43616 gpu=27614MiB,100%
MEM host_used_MiB=20349 avail=43653 gpu=27614MiB,100%
MEM host_used_MiB=16603 avail=47398 gpu=20729MiB,100%
MEM host_used_MiB=16478 avail=47523 gpu=20729MiB,100%
MEM host_used_MiB=8609 avail=55392 gpu=6956MiB,97%
00:28:45 01-k4: running; 20385 avail=43616 gpu=27614MiB,100%
MEM host_used_MiB=20349 avail=43653 gpu=27614MiB,100%
MEM host_used_MiB=16603 avail=47398 gpu=20729MiB,100%
MEM host_used_MiB=16478 avail=47523 gpu=20729MiB,100%
MEM host_used_MiB=8609 avail=55392 gpu=6956MiB,97%
MEM host_used_MiB=8443 avail=55558 gpu=6956MiB,96%
00:28:54 01-k4: running; 20385 avail=43616 gpu=27614MiB,100%
MEM host_used_MiB=20349 avail=43653 gpu=27614MiB,100%
MEM host_used_MiB=16603 avail=47398 gpu=20729MiB,100%
MEM host_used_MiB=16478 avail=47523 gpu=20729MiB,100%
MEM host_used_MiB=8609 avail=55392 gpu=6956MiB,97%
MEM host_used_MiB=8443 avail=55558 gpu=6956MiB,96%
00:29:03 01-k4: 0; 3 gpu=27614MiB,100%
MEM host_used_MiB=16603 avail=47398 gpu=20729MiB,100%
MEM host_used_MiB=16478 avail=47523 gpu=20729MiB,100%
MEM host_used_MiB=8609 avail=55392 gpu=6956MiB,97%
MEM host_used_MiB=8443 avail=55558 gpu=6956MiB,96%
MEM host_used_MiB=5390 avail=58621 gpu=6796MiB,0%
END 1790814540 rc=0
00:29:34 02-k8: running; 
00:29:42 02-k8: running; e_ca_nohe_zevo/M14_31835, seed 20260927
00:29:33 fitting neb_eline_ca_nohe_zevo/M14_37023, seed 20260927
00:29:33 fitting neb_eline_ca_nohe_zevo/M14_37219, seed 20260927
00:29:33 fitting neb_eline_ca_nohe_zevo/M14_37723, seed 20260927
00:29:33 fitting neb_eline_ca_nohe_zevo/M14_37843, seed 20260927
00:29:51 02-k8: running; ting neb_eline_ca_nohe_zevo/M14_37023, seed 20260927
00:29:33 fitting neb_eline_ca_nohe_zevo/M14_37219, seed 20260927
00:29:33 fitting neb_eline_ca_nohe_zevo/M14_37723, seed 20260927
00:29:33 fitting neb_eline_ca_nohe_zevo/M14_37843, seed 20260927
MEM host_used_MiB=26072 avail=37923 gpu=27551MiB,0%
00:30:01 02-k8: running; ting neb_eline_ca_nohe_zevo/M14_37023, seed 20260927
00:29:33 fitting neb_eline_ca_nohe_zevo/M14_37219, seed 20260927
00:29:33 fitting neb_eline_ca_nohe_zevo/M14_37723, seed 20260927
00:29:33 fitting neb_eline_ca_nohe_zevo/M14_37843, seed 20260927
MEM host_used_MiB=26072 avail=37923 gpu=27551MiB,0%
00:30:10 02-k8: running; 0:29:33 fitting neb_eline_ca_nohe_zevo/M14_37219, seed 20260927
00:29:33 fitting neb_eline_ca_nohe_zevo/M14_37723, seed 20260927
00:29:33 fitting neb_eline_ca_nohe_zevo/M14_37843, seed 20260927
MEM host_used_MiB=26072 avail=37923 gpu=27551MiB,0%
MEM host_used_MiB=37178 avail=26822 gpu=29485MiB,100%
00:30:19 02-k8: running; 20260927
00:29:33 fitting neb_eline_ca_nohe_zevo/M14_37723, seed 20260927
00:29:33 fitting neb_eline_ca_nohe_zevo/M14_37843, seed 20260927
MEM host_used_MiB=26072 avail=37923 gpu=27551MiB,0%
MEM host_used_MiB=37178 avail=26822 gpu=29485MiB,100%
MEM host_used_MiB=35905 avail=28096 gpu=29485MiB,100%
00:30:28 02-k8: running; 20260927
00:29:33 fitting neb_eline_ca_nohe_zevo/M14_37723, seed 20260927
00:29:33 fitting neb_eline_ca_nohe_zevo/M14_37843, seed 20260927
MEM host_used_MiB=26072 avail=37923 gpu=27551MiB,0%
MEM host_used_MiB=37178 avail=26822 gpu=29485MiB,100%
MEM host_used_MiB=35905 avail=28096 gpu=29485MiB,100%
00:30:37 02-k8: running; 37723, seed 20260927
00:29:33 fitting neb_eline_ca_nohe_zevo/M14_37843, seed 20260927
MEM host_used_MiB=26072 avail=37923 gpu=27551MiB,0%
MEM host_used_MiB=37178 avail=26822 gpu=29485MiB,100%
MEM host_used_MiB=35905 avail=28096 gpu=29485MiB,100%
MEM host_used_MiB=35586 avail=28415 gpu=29485MiB,100%
00:30:46 02-k8: running; 37723, seed 20260927
00:29:33 fitting neb_eline_ca_nohe_zevo/M14_37843, seed 20260927
MEM host_used_MiB=26072 avail=37923 gpu=27551MiB,0%
MEM host_used_MiB=37178 avail=26822 gpu=29485MiB,100%
MEM host_used_MiB=35905 avail=28096 gpu=29485MiB,100%
MEM host_used_MiB=35586 avail=28415 gpu=29485MiB,100%
00:30:56 02-k8: running; e_zevo/M14_37843, seed 20260927
MEM host_used_MiB=26072 avail=37923 gpu=27551MiB,0%
MEM host_used_MiB=37178 avail=26822 gpu=29485MiB,100%
MEM host_used_MiB=35905 avail=28096 gpu=29485MiB,100%
MEM host_used_MiB=35586 avail=28415 gpu=29485MiB,100%
MEM host_used_MiB=35570 avail=28431 gpu=29485MiB,100%
00:31:05 02-k8: running; 2 avail=37923 gpu=27551MiB,0%
MEM host_used_MiB=37178 avail=26822 gpu=29485MiB,100%
MEM host_used_MiB=35905 avail=28096 gpu=29485MiB,100%
MEM host_used_MiB=35586 avail=28415 gpu=29485MiB,100%
MEM host_used_MiB=35570 avail=28431 gpu=29485MiB,100%
MEM host_used_MiB=35542 avail=28459 gpu=29485MiB,100%
00:31:14 02-k8: running; 2 avail=37923 gpu=27551MiB,0%
MEM host_used_MiB=37178 avail=26822 gpu=29485MiB,100%
MEM host_used_MiB=35905 avail=28096 gpu=29485MiB,100%
MEM host_used_MiB=35586 avail=28415 gpu=29485MiB,100%
MEM host_used_MiB=35570 avail=28431 gpu=29485MiB,100%
MEM host_used_MiB=35542 avail=28459 gpu=29485MiB,100%
00:31:23 02-k8: running; avail=26822 gpu=29485MiB,100%
MEM host_used_MiB=35905 avail=28096 gpu=29485MiB,100%
MEM host_used_MiB=35586 avail=28415 gpu=29485MiB,100%
MEM host_used_MiB=35570 avail=28431 gpu=29485MiB,100%
MEM host_used_MiB=35542 avail=28459 gpu=29485MiB,100%
MEM host_used_MiB=35562 avail=28439 gpu=29485MiB,100%
00:31:32 02-k8: running; avail=26822 gpu=29485MiB,100%
MEM host_used_MiB=35905 avail=28096 gpu=29485MiB,100%
MEM host_used_MiB=35586 avail=28415 gpu=29485MiB,100%
MEM host_used_MiB=35570 avail=28431 gpu=29485MiB,100%
MEM host_used_MiB=35542 avail=28459 gpu=29485MiB,100%
MEM host_used_MiB=35562 avail=28439 gpu=29485MiB,100%
00:31:41 02-k8: running; avail=28096 gpu=29485MiB,100%
MEM host_used_MiB=35586 avail=28415 gpu=29485MiB,100%
MEM host_used_MiB=35570 avail=28431 gpu=29485MiB,100%
MEM host_used_MiB=35542 avail=28459 gpu=29485MiB,100%
MEM host_used_MiB=35562 avail=28439 gpu=29485MiB,100%
MEM host_used_MiB=35550 avail=28450 gpu=29485MiB,100%
00:31:50 02-k8: running; avail=28415 gpu=29485MiB,100%
MEM host_used_MiB=35570 avail=28431 gpu=29485MiB,100%
MEM host_used_MiB=35542 avail=28459 gpu=29485MiB,100%
MEM host_used_MiB=35562 avail=28439 gpu=29485MiB,100%
MEM host_used_MiB=35550 avail=28450 gpu=29485MiB,100%
MEM host_used_MiB=35561 avail=28440 gpu=29485MiB,100%
00:31:59 02-k8: running; avail=28415 gpu=29485MiB,100%
MEM host_used_MiB=35570 avail=28431 gpu=29485MiB,100%
MEM host_used_MiB=35542 avail=28459 gpu=29485MiB,100%
MEM host_used_MiB=35562 avail=28439 gpu=29485MiB,100%
MEM host_used_MiB=35550 avail=28450 gpu=29485MiB,100%
MEM host_used_MiB=35561 avail=28440 gpu=29485MiB,100%
00:32:08 02-k8: running; avail=28431 gpu=29485MiB,100%
MEM host_used_MiB=35542 avail=28459 gpu=29485MiB,100%
MEM host_used_MiB=35562 avail=28439 gpu=29485MiB,100%
MEM host_used_MiB=35550 avail=28450 gpu=29485MiB,100%
MEM host_used_MiB=35561 avail=28440 gpu=29485MiB,100%
MEM host_used_MiB=35564 avail=28436 gpu=29485MiB,100%
00:32:17 02-k8: running; avail=28431 gpu=29485MiB,100%
MEM host_used_MiB=35542 avail=28459 gpu=29485MiB,100%
MEM host_used_MiB=35562 avail=28439 gpu=29485MiB,100%
MEM host_used_MiB=35550 avail=28450 gpu=29485MiB,100%
MEM host_used_MiB=35561 avail=28440 gpu=29485MiB,100%
MEM host_used_MiB=35564 avail=28436 gpu=29485MiB,100%
00:32:26 02-k8: running; avail=28459 gpu=29485MiB,100%
MEM host_used_MiB=35562 avail=28439 gpu=29485MiB,100%
MEM host_used_MiB=35550 avail=28450 gpu=29485MiB,100%
MEM host_used_MiB=35561 avail=28440 gpu=29485MiB,100%
MEM host_used_MiB=35564 avail=28436 gpu=29485MiB,100%
MEM host_used_MiB=35556 avail=28445 gpu=29485MiB,100%
00:32:36 02-k8: running; avail=28439 gpu=29485MiB,100%
MEM host_used_MiB=35550 avail=28450 gpu=29485MiB,100%
MEM host_used_MiB=35561 avail=28440 gpu=29485MiB,100%
MEM host_used_MiB=35564 avail=28436 gpu=29485MiB,100%
MEM host_used_MiB=35556 avail=28445 gpu=29485MiB,100%
MEM host_used_MiB=35571 avail=28430 gpu=29485MiB,100%
00:32:45 02-k8: running; avail=28439 gpu=29485MiB,100%
MEM host_used_MiB=35550 avail=28450 gpu=29485MiB,100%
MEM host_used_MiB=35561 avail=28440 gpu=29485MiB,100%
MEM host_used_MiB=35564 avail=28436 gpu=29485MiB,100%
MEM host_used_MiB=35556 avail=28445 gpu=29485MiB,100%
MEM host_used_MiB=35571 avail=28430 gpu=29485MiB,100%
00:32:54 02-k8: running; avail=28450 gpu=29485MiB,100%
MEM host_used_MiB=35561 avail=28440 gpu=29485MiB,100%
MEM host_used_MiB=35564 avail=28436 gpu=29485MiB,100%
MEM host_used_MiB=35556 avail=28445 gpu=29485MiB,100%
MEM host_used_MiB=35571 avail=28430 gpu=29485MiB,100%
MEM host_used_MiB=35553 avail=28447 gpu=29485MiB,100%
00:33:03 02-k8: running; avail=28450 gpu=29485MiB,100%
MEM host_used_MiB=35561 avail=28440 gpu=29485MiB,100%
MEM host_used_MiB=35564 avail=28436 gpu=29485MiB,100%
MEM host_used_MiB=35556 avail=28445 gpu=29485MiB,100%
MEM host_used_MiB=35571 avail=28430 gpu=29485MiB,100%
MEM host_used_MiB=35553 avail=28447 gpu=29485MiB,100%
00:33:12 02-k8: running; avail=28440 gpu=29485MiB,100%
MEM host_used_MiB=35564 avail=28436 gpu=29485MiB,100%
MEM host_used_MiB=35556 avail=28445 gpu=29485MiB,100%
MEM host_used_MiB=35571 avail=28430 gpu=29485MiB,100%
MEM host_used_MiB=35553 avail=28447 gpu=29485MiB,100%
MEM host_used_MiB=35577 avail=28424 gpu=29485MiB,100%
00:33:22 02-k8: running; avail=28436 gpu=29485MiB,100%
MEM host_used_MiB=35556 avail=28445 gpu=29485MiB,100%
MEM host_used_MiB=35571 avail=28430 gpu=29485MiB,100%
MEM host_used_MiB=35553 avail=28447 gpu=29485MiB,100%
MEM host_used_MiB=35577 avail=28424 gpu=29485MiB,100%
MEM host_used_MiB=35634 avail=28367 gpu=29485MiB,100%
00:33:31 02-k8: running; avail=28436 gpu=29485MiB,100%
MEM host_used_MiB=35556 avail=28445 gpu=29485MiB,100%
MEM host_used_MiB=35571 avail=28430 gpu=29485MiB,100%
MEM host_used_MiB=35553 avail=28447 gpu=29485MiB,100%
MEM host_used_MiB=35577 avail=28424 gpu=29485MiB,100%
MEM host_used_MiB=35634 avail=28367 gpu=29485MiB,100%
00:33:40 02-k8: running; avail=28445 gpu=29485MiB,100%
MEM host_used_MiB=35571 avail=28430 gpu=29485MiB,100%
MEM host_used_MiB=35553 avail=28447 gpu=29485MiB,100%
MEM host_used_MiB=35577 avail=28424 gpu=29485MiB,100%
MEM host_used_MiB=35634 avail=28367 gpu=29485MiB,100%
MEM host_used_MiB=35570 avail=28431 gpu=29485MiB,100%
00:33:49 02-k8: running; avail=28430 gpu=29485MiB,100%
MEM host_used_MiB=35553 avail=28447 gpu=29485MiB,100%
MEM host_used_MiB=35577 avail=28424 gpu=29485MiB,100%
MEM host_used_MiB=35634 avail=28367 gpu=29485MiB,100%
MEM host_used_MiB=35570 avail=28431 gpu=29485MiB,100%
MEM host_used_MiB=35583 avail=28418 gpu=29485MiB,100%
00:33:58 02-k8: running; avail=28430 gpu=29485MiB,100%
MEM host_used_MiB=35553 avail=28447 gpu=29485MiB,100%
MEM host_used_MiB=35577 avail=28424 gpu=29485MiB,100%
MEM host_used_MiB=35634 avail=28367 gpu=29485MiB,100%
MEM host_used_MiB=35570 avail=28431 gpu=29485MiB,100%
MEM host_used_MiB=35583 avail=28418 gpu=29485MiB,100%
00:34:07 02-k8: running; avail=28447 gpu=29485MiB,100%
MEM host_used_MiB=35577 avail=28424 gpu=29485MiB,100%
MEM host_used_MiB=35634 avail=28367 gpu=29485MiB,100%
MEM host_used_MiB=35570 avail=28431 gpu=29485MiB,100%
MEM host_used_MiB=35583 avail=28418 gpu=29485MiB,100%
MEM host_used_MiB=35569 avail=28432 gpu=29485MiB,100%
00:34:16 02-k8: running; avail=28447 gpu=29485MiB,100%
MEM host_used_MiB=35577 avail=28424 gpu=29485MiB,100%
MEM host_used_MiB=35634 avail=28367 gpu=29485MiB,100%
MEM host_used_MiB=35570 avail=28431 gpu=29485MiB,100%
MEM host_used_MiB=35583 avail=28418 gpu=29485MiB,100%
MEM host_used_MiB=35569 avail=28432 gpu=29485MiB,100%
00:34:26 02-k8: running; avail=28424 gpu=29485MiB,100%
MEM host_used_MiB=35634 avail=28367 gpu=29485MiB,100%
MEM host_used_MiB=35570 avail=28431 gpu=29485MiB,100%
MEM host_used_MiB=35583 avail=28418 gpu=29485MiB,100%
MEM host_used_MiB=35569 avail=28432 gpu=29485MiB,100%
MEM host_used_MiB=35602 avail=28399 gpu=29485MiB,100%
00:34:35 02-k8: running; avail=28367 gpu=29485MiB,100%
MEM host_used_MiB=35570 avail=28431 gpu=29485MiB,100%
MEM host_used_MiB=35583 avail=28418 gpu=29485MiB,100%
MEM host_used_MiB=35569 avail=28432 gpu=29485MiB,100%
MEM host_used_MiB=35602 avail=28399 gpu=29485MiB,100%
MEM host_used_MiB=35550 avail=28451 gpu=29485MiB,100%
00:34:44 02-k8: running; avail=28367 gpu=29485MiB,100%
MEM host_used_MiB=35570 avail=28431 gpu=29485MiB,100%
MEM host_used_MiB=35583 avail=28418 gpu=29485MiB,100%
MEM host_used_MiB=35569 avail=28432 gpu=29485MiB,100%
MEM host_used_MiB=35602 avail=28399 gpu=29485MiB,100%
MEM host_used_MiB=35550 avail=28451 gpu=29485MiB,100%
00:34:53 02-k8: running; avail=28431 gpu=29485MiB,100%
MEM host_used_MiB=35583 avail=28418 gpu=29485MiB,100%
MEM host_used_MiB=35569 avail=28432 gpu=29485MiB,100%
MEM host_used_MiB=35602 avail=28399 gpu=29485MiB,100%
MEM host_used_MiB=35550 avail=28451 gpu=29485MiB,100%
MEM host_used_MiB=35546 avail=28455 gpu=29485MiB,100%
00:35:03 02-k8: running; avail=28431 gpu=29485MiB,100%
MEM host_used_MiB=35583 avail=28418 gpu=29485MiB,100%
MEM host_used_MiB=35569 avail=28432 gpu=29485MiB,100%
MEM host_used_MiB=35602 avail=28399 gpu=29485MiB,100%
MEM host_used_MiB=35550 avail=28451 gpu=29485MiB,100%
MEM host_used_MiB=35546 avail=28455 gpu=29485MiB,100%
00:35:12 02-k8: running; avail=28418 gpu=29485MiB,100%
MEM host_used_MiB=35569 avail=28432 gpu=29485MiB,100%
MEM host_used_MiB=35602 avail=28399 gpu=29485MiB,100%
MEM host_used_MiB=35550 avail=28451 gpu=29485MiB,100%
MEM host_used_MiB=35546 avail=28455 gpu=29485MiB,100%
MEM host_used_MiB=35610 avail=28390 gpu=29485MiB,100%
00:35:21 02-k8: running; avail=28432 gpu=29485MiB,100%
MEM host_used_MiB=35602 avail=28399 gpu=29485MiB,100%
MEM host_used_MiB=35550 avail=28451 gpu=29485MiB,100%
MEM host_used_MiB=35546 avail=28455 gpu=29485MiB,100%
MEM host_used_MiB=35610 avail=28390 gpu=29485MiB,100%
MEM host_used_MiB=35568 avail=28432 gpu=29485MiB,100%
00:35:30 02-k8: running; avail=28432 gpu=29485MiB,100%
MEM host_used_MiB=35602 avail=28399 gpu=29485MiB,100%
MEM host_used_MiB=35550 avail=28451 gpu=29485MiB,100%
MEM host_used_MiB=35546 avail=28455 gpu=29485MiB,100%
MEM host_used_MiB=35610 avail=28390 gpu=29485MiB,100%
MEM host_used_MiB=35568 avail=28432 gpu=29485MiB,100%
00:35:39 02-k8: running; avail=28399 gpu=29485MiB,100%
MEM host_used_MiB=35550 avail=28451 gpu=29485MiB,100%
MEM host_used_MiB=35546 avail=28455 gpu=29485MiB,100%
MEM host_used_MiB=35610 avail=28390 gpu=29485MiB,100%
MEM host_used_MiB=35568 avail=28432 gpu=29485MiB,100%
MEM host_used_MiB=35573 avail=28428 gpu=29485MiB,100%
00:35:48 02-k8: running; avail=28399 gpu=29485MiB,100%
MEM host_used_MiB=35550 avail=28451 gpu=29485MiB,100%
MEM host_used_MiB=35546 avail=28455 gpu=29485MiB,100%
MEM host_used_MiB=35610 avail=28390 gpu=29485MiB,100%
MEM host_used_MiB=35568 avail=28432 gpu=29485MiB,100%
MEM host_used_MiB=35573 avail=28428 gpu=29485MiB,100%
00:35:58 02-k8: running; avail=28451 gpu=29485MiB,100%
MEM host_used_MiB=35546 avail=28455 gpu=29485MiB,100%
MEM host_used_MiB=35610 avail=28390 gpu=29485MiB,100%
MEM host_used_MiB=35568 avail=28432 gpu=29485MiB,100%
MEM host_used_MiB=35573 avail=28428 gpu=29485MiB,100%
MEM host_used_MiB=35572 avail=28428 gpu=29485MiB,100%
00:36:07 02-k8: running; avail=28455 gpu=29485MiB,100%
MEM host_used_MiB=35610 avail=28390 gpu=29485MiB,100%
MEM host_used_MiB=35568 avail=28432 gpu=29485MiB,100%
MEM host_used_MiB=35573 avail=28428 gpu=29485MiB,100%
MEM host_used_MiB=35572 avail=28428 gpu=29485MiB,100%
MEM host_used_MiB=35582 avail=28419 gpu=29485MiB,100%
00:36:16 02-k8: running; avail=28455 gpu=29485MiB,100%
MEM host_used_MiB=35610 avail=28390 gpu=29485MiB,100%
MEM host_used_MiB=35568 avail=28432 gpu=29485MiB,100%
MEM host_used_MiB=35573 avail=28428 gpu=29485MiB,100%
MEM host_used_MiB=35572 avail=28428 gpu=29485MiB,100%
MEM host_used_MiB=35582 avail=28419 gpu=29485MiB,100%
00:36:25 02-k8: running; avail=28390 gpu=29485MiB,100%
MEM host_used_MiB=35568 avail=28432 gpu=29485MiB,100%
MEM host_used_MiB=35573 avail=28428 gpu=29485MiB,100%
MEM host_used_MiB=35572 avail=28428 gpu=29485MiB,100%
MEM host_used_MiB=35582 avail=28419 gpu=29485MiB,100%
MEM host_used_MiB=35605 avail=28396 gpu=29485MiB,100%
00:36:34 02-k8: running; avail=28432 gpu=29485MiB,100%
MEM host_used_MiB=35573 avail=28428 gpu=29485MiB,100%
MEM host_used_MiB=35572 avail=28428 gpu=29485MiB,100%
MEM host_used_MiB=35582 avail=28419 gpu=29485MiB,100%
MEM host_used_MiB=35605 avail=28396 gpu=29485MiB,100%
MEM host_used_MiB=35564 avail=28437 gpu=29485MiB,100%
00:36:43 02-k8: running; avail=28432 gpu=29485MiB,100%
MEM host_used_MiB=35573 avail=28428 gpu=29485MiB,100%
MEM host_used_MiB=35572 avail=28428 gpu=29485MiB,100%
MEM host_used_MiB=35582 avail=28419 gpu=29485MiB,100%
MEM host_used_MiB=35605 avail=28396 gpu=29485MiB,100%
MEM host_used_MiB=35564 avail=28437 gpu=29485MiB,100%
00:36:53 02-k8: running; avail=28428 gpu=29485MiB,100%
MEM host_used_MiB=35572 avail=28428 gpu=29485MiB,100%
MEM host_used_MiB=35582 avail=28419 gpu=29485MiB,100%
MEM host_used_MiB=35605 avail=28396 gpu=29485MiB,100%
MEM host_used_MiB=35564 avail=28437 gpu=29485MiB,100%
MEM host_used_MiB=35590 avail=28411 gpu=29485MiB,100%
00:37:02 02-k8: running; avail=28428 gpu=29485MiB,100%
MEM host_used_MiB=35572 avail=28428 gpu=29485MiB,100%
MEM host_used_MiB=35582 avail=28419 gpu=29485MiB,100%
MEM host_used_MiB=35605 avail=28396 gpu=29485MiB,100%
MEM host_used_MiB=35564 avail=28437 gpu=29485MiB,100%
MEM host_used_MiB=35590 avail=28411 gpu=29485MiB,100%
00:37:11 02-k8: running; avail=28428 gpu=29485MiB,100%
MEM host_used_MiB=35582 avail=28419 gpu=29485MiB,100%
MEM host_used_MiB=35605 avail=28396 gpu=29485MiB,100%
MEM host_used_MiB=35564 avail=28437 gpu=29485MiB,100%
MEM host_used_MiB=35590 avail=28411 gpu=29485MiB,100%
MEM host_used_MiB=35590 avail=28410 gpu=29485MiB,100%
00:37:21 02-k8: running; avail=28419 gpu=29485MiB,100%
MEM host_used_MiB=35605 avail=28396 gpu=29485MiB,100%
MEM host_used_MiB=35564 avail=28437 gpu=29485MiB,100%
MEM host_used_MiB=35590 avail=28411 gpu=29485MiB,100%
MEM host_used_MiB=35590 avail=28410 gpu=29485MiB,100%
MEM host_used_MiB=35620 avail=28380 gpu=29485MiB,100%
00:37:30 02-k8: running; avail=28419 gpu=29485MiB,100%
MEM host_used_MiB=35605 avail=28396 gpu=29485MiB,100%
MEM host_used_MiB=35564 avail=28437 gpu=29485MiB,100%
MEM host_used_MiB=35590 avail=28411 gpu=29485MiB,100%
MEM host_used_MiB=35590 avail=28410 gpu=29485MiB,100%
MEM host_used_MiB=35620 avail=28380 gpu=29485MiB,100%
00:37:39 02-k8: running; avail=28396 gpu=29485MiB,100%
MEM host_used_MiB=35564 avail=28437 gpu=29485MiB,100%
MEM host_used_MiB=35590 avail=28411 gpu=29485MiB,100%
MEM host_used_MiB=35590 avail=28410 gpu=29485MiB,100%
MEM host_used_MiB=35620 avail=28380 gpu=29485MiB,100%
MEM host_used_MiB=35595 avail=28406 gpu=29485MiB,100%
00:37:48 02-k8: running; avail=28396 gpu=29485MiB,100%
MEM host_used_MiB=35564 avail=28437 gpu=29485MiB,100%
MEM host_used_MiB=35590 avail=28411 gpu=29485MiB,100%
MEM host_used_MiB=35590 avail=28410 gpu=29485MiB,100%
MEM host_used_MiB=35620 avail=28380 gpu=29485MiB,100%
MEM host_used_MiB=35595 avail=28406 gpu=29485MiB,100%
00:37:57 02-k8: running; avail=28437 gpu=29485MiB,100%
MEM host_used_MiB=35590 avail=28411 gpu=29485MiB,100%
MEM host_used_MiB=35590 avail=28410 gpu=29485MiB,100%
MEM host_used_MiB=35620 avail=28380 gpu=29485MiB,100%
MEM host_used_MiB=35595 avail=28406 gpu=29485MiB,100%
MEM host_used_MiB=35557 avail=28444 gpu=29485MiB,100%
00:38:06 02-k8: running; avail=28411 gpu=29485MiB,100%
MEM host_used_MiB=35590 avail=28410 gpu=29485MiB,100%
MEM host_used_MiB=35620 avail=28380 gpu=29485MiB,100%
MEM host_used_MiB=35595 avail=28406 gpu=29485MiB,100%
MEM host_used_MiB=35557 avail=28444 gpu=29485MiB,100%
MEM host_used_MiB=35753 avail=28247 gpu=29485MiB,100%
00:38:15 02-k8: running; avail=28411 gpu=29485MiB,100%
MEM host_used_MiB=35590 avail=28410 gpu=29485MiB,100%
MEM host_used_MiB=35620 avail=28380 gpu=29485MiB,100%
MEM host_used_MiB=35595 avail=28406 gpu=29485MiB,100%
MEM host_used_MiB=35557 avail=28444 gpu=29485MiB,100%
MEM host_used_MiB=35753 avail=28247 gpu=29485MiB,100%
00:38:25 02-k8: running; avail=28410 gpu=29485MiB,100%
MEM host_used_MiB=35620 avail=28380 gpu=29485MiB,100%
MEM host_used_MiB=35595 avail=28406 gpu=29485MiB,100%
MEM host_used_MiB=35557 avail=28444 gpu=29485MiB,100%
MEM host_used_MiB=35753 avail=28247 gpu=29485MiB,100%
MEM host_used_MiB=35575 avail=28426 gpu=29485MiB,100%
00:38:34 02-k8: running; avail=28410 gpu=29485MiB,100%
MEM host_used_MiB=35620 avail=28380 gpu=29485MiB,100%
MEM host_used_MiB=35595 avail=28406 gpu=29485MiB,100%
MEM host_used_MiB=35557 avail=28444 gpu=29485MiB,100%
MEM host_used_MiB=35753 avail=28247 gpu=29485MiB,100%
MEM host_used_MiB=35575 avail=28426 gpu=29485MiB,100%
00:38:43 02-k8: running; avail=28380 gpu=29485MiB,100%
MEM host_used_MiB=35595 avail=28406 gpu=29485MiB,100%
MEM host_used_MiB=35557 avail=28444 gpu=29485MiB,100%
MEM host_used_MiB=35753 avail=28247 gpu=29485MiB,100%
MEM host_used_MiB=35575 avail=28426 gpu=29485MiB,100%
MEM host_used_MiB=35599 avail=28401 gpu=29485MiB,100%
00:38:53 02-k8: running; avail=28406 gpu=29485MiB,100%
MEM host_used_MiB=35557 avail=28444 gpu=29485MiB,100%
MEM host_used_MiB=35753 avail=28247 gpu=29485MiB,100%
MEM host_used_MiB=35575 avail=28426 gpu=29485MiB,100%
MEM host_used_MiB=35599 avail=28401 gpu=29485MiB,100%
MEM host_used_MiB=35568 avail=28432 gpu=29485MiB,100%
00:39:02 02-k8: running; avail=28406 gpu=29485MiB,100%
MEM host_used_MiB=35557 avail=28444 gpu=29485MiB,100%
MEM host_used_MiB=35753 avail=28247 gpu=29485MiB,100%
MEM host_used_MiB=35575 avail=28426 gpu=29485MiB,100%
MEM host_used_MiB=35599 avail=28401 gpu=29485MiB,100%
MEM host_used_MiB=35568 avail=28432 gpu=29485MiB,100%
00:39:11 02-k8: running; avail=28444 gpu=29485MiB,100%
MEM host_used_MiB=35753 avail=28247 gpu=29485MiB,100%
MEM host_used_MiB=35575 avail=28426 gpu=29485MiB,100%
MEM host_used_MiB=35599 avail=28401 gpu=29485MiB,100%
MEM host_used_MiB=35568 avail=28432 gpu=29485MiB,100%
MEM host_used_MiB=35621 avail=28380 gpu=29485MiB,100%
00:39:20 02-k8: running; avail=28247 gpu=29485MiB,100%
MEM host_used_MiB=35575 avail=28426 gpu=29485MiB,100%
MEM host_used_MiB=35599 avail=28401 gpu=29485MiB,100%
MEM host_used_MiB=35568 avail=28432 gpu=29485MiB,100%
MEM host_used_MiB=35621 avail=28380 gpu=29485MiB,100%
MEM host_used_MiB=35583 avail=28418 gpu=29485MiB,100%
00:39:29 02-k8: running; avail=28247 gpu=29485MiB,100%
MEM host_used_MiB=35575 avail=28426 gpu=29485MiB,100%
MEM host_used_MiB=35599 avail=28401 gpu=29485MiB,100%
MEM host_used_MiB=35568 avail=28432 gpu=29485MiB,100%
MEM host_used_MiB=35621 avail=28380 gpu=29485MiB,100%
MEM host_used_MiB=35583 avail=28418 gpu=29485MiB,100%
00:39:38 02-k8: running; avail=28426 gpu=29485MiB,100%
MEM host_used_MiB=35599 avail=28401 gpu=29485MiB,100%
MEM host_used_MiB=35568 avail=28432 gpu=29485MiB,100%
MEM host_used_MiB=35621 avail=28380 gpu=29485MiB,100%
MEM host_used_MiB=35583 avail=28418 gpu=29485MiB,100%
MEM host_used_MiB=35589 avail=28412 gpu=29485MiB,100%
00:39:47 02-k8: running; avail=28426 gpu=29485MiB,100%
MEM host_used_MiB=35599 avail=28401 gpu=29485MiB,100%
MEM host_used_MiB=35568 avail=28432 gpu=29485MiB,100%
MEM host_used_MiB=35621 avail=28380 gpu=29485MiB,100%
MEM host_used_MiB=35583 avail=28418 gpu=29485MiB,100%
MEM host_used_MiB=35589 avail=28412 gpu=29485MiB,100%
00:39:56 02-k8: running; avail=28401 gpu=29485MiB,100%
MEM host_used_MiB=35568 avail=28432 gpu=29485MiB,100%
MEM host_used_MiB=35621 avail=28380 gpu=29485MiB,100%
MEM host_used_MiB=35583 avail=28418 gpu=29485MiB,100%
MEM host_used_MiB=35589 avail=28412 gpu=29485MiB,100%
MEM host_used_MiB=35584 avail=28417 gpu=29485MiB,100%
00:40:06 02-k8: running; avail=28432 gpu=29485MiB,100%
MEM host_used_MiB=35621 avail=28380 gpu=29485MiB,100%
MEM host_used_MiB=35583 avail=28418 gpu=29485MiB,100%
MEM host_used_MiB=35589 avail=28412 gpu=29485MiB,100%
MEM host_used_MiB=35584 avail=28417 gpu=29485MiB,100%
MEM host_used_MiB=35717 avail=28284 gpu=29485MiB,100%
00:40:14 02-k8: running; avail=28432 gpu=29485MiB,100%
MEM host_used_MiB=35621 avail=28380 gpu=29485MiB,100%
MEM host_used_MiB=35583 avail=28418 gpu=29485MiB,100%
MEM host_used_MiB=35589 avail=28412 gpu=29485MiB,100%
MEM host_used_MiB=35584 avail=28417 gpu=29485MiB,100%
MEM host_used_MiB=35717 avail=28284 gpu=29485MiB,100%
00:40:23 02-k8: running; avail=28380 gpu=29485MiB,100%
MEM host_used_MiB=35583 avail=28418 gpu=29485MiB,100%
MEM host_used_MiB=35589 avail=28412 gpu=29485MiB,100%
MEM host_used_MiB=35584 avail=28417 gpu=29485MiB,100%
MEM host_used_MiB=35717 avail=28284 gpu=29485MiB,100%
MEM host_used_MiB=35643 avail=28358 gpu=29485MiB,100%
00:40:33 02-k8: running; avail=28380 gpu=29485MiB,100%
MEM host_used_MiB=35583 avail=28418 gpu=29485MiB,100%
MEM host_used_MiB=35589 avail=28412 gpu=29485MiB,100%
MEM host_used_MiB=35584 avail=28417 gpu=29485MiB,100%
MEM host_used_MiB=35717 avail=28284 gpu=29485MiB,100%
MEM host_used_MiB=35643 avail=28358 gpu=29485MiB,100%
00:40:42 02-k8: running; avail=28418 gpu=29485MiB,100%
MEM host_used_MiB=35589 avail=28412 gpu=29485MiB,100%
MEM host_used_MiB=35584 avail=28417 gpu=29485MiB,100%
MEM host_used_MiB=35717 avail=28284 gpu=29485MiB,100%
MEM host_used_MiB=35643 avail=28358 gpu=29485MiB,100%
MEM host_used_MiB=35616 avail=28384 gpu=29485MiB,100%
00:40:51 02-k8: running; avail=28412 gpu=29485MiB,100%
MEM host_used_MiB=35584 avail=28417 gpu=29485MiB,100%
MEM host_used_MiB=35717 avail=28284 gpu=29485MiB,100%
MEM host_used_MiB=35643 avail=28358 gpu=29485MiB,100%
MEM host_used_MiB=35616 avail=28384 gpu=29485MiB,100%
MEM host_used_MiB=35564 avail=28437 gpu=29485MiB,100%
00:41:01 02-k8: running; avail=28412 gpu=29485MiB,100%
MEM host_used_MiB=35584 avail=28417 gpu=29485MiB,100%
MEM host_used_MiB=35717 avail=28284 gpu=29485MiB,100%
MEM host_used_MiB=35643 avail=28358 gpu=29485MiB,100%
MEM host_used_MiB=35616 avail=28384 gpu=29485MiB,100%
MEM host_used_MiB=35564 avail=28437 gpu=29485MiB,100%
00:41:10 02-k8: running; avail=28417 gpu=29485MiB,100%
MEM host_used_MiB=35717 avail=28284 gpu=29485MiB,100%
MEM host_used_MiB=35643 avail=28358 gpu=29485MiB,100%
MEM host_used_MiB=35616 avail=28384 gpu=29485MiB,100%
MEM host_used_MiB=35564 avail=28437 gpu=29485MiB,100%
MEM host_used_MiB=35554 avail=28447 gpu=29485MiB,100%
00:41:19 02-k8: running; avail=28417 gpu=29485MiB,100%
MEM host_used_MiB=35717 avail=28284 gpu=29485MiB,100%
MEM host_used_MiB=35643 avail=28358 gpu=29485MiB,100%
MEM host_used_MiB=35616 avail=28384 gpu=29485MiB,100%
MEM host_used_MiB=35564 avail=28437 gpu=29485MiB,100%
MEM host_used_MiB=35554 avail=28447 gpu=29485MiB,100%
00:41:28 02-k8: running; avail=28284 gpu=29485MiB,100%
MEM host_used_MiB=35643 avail=28358 gpu=29485MiB,100%
MEM host_used_MiB=35616 avail=28384 gpu=29485MiB,100%
MEM host_used_MiB=35564 avail=28437 gpu=29485MiB,100%
MEM host_used_MiB=35554 avail=28447 gpu=29485MiB,100%
MEM host_used_MiB=35572 avail=28429 gpu=29485MiB,100%
00:41:37 02-k8: running; avail=28358 gpu=29485MiB,100%
MEM host_used_MiB=35616 avail=28384 gpu=29485MiB,100%
MEM host_used_MiB=35564 avail=28437 gpu=29485MiB,100%
MEM host_used_MiB=35554 avail=28447 gpu=29485MiB,100%
MEM host_used_MiB=35572 avail=28429 gpu=29485MiB,100%
MEM host_used_MiB=35583 avail=28418 gpu=29485MiB,100%
00:41:46 02-k8: running; avail=28358 gpu=29485MiB,100%
MEM host_used_MiB=35616 avail=28384 gpu=29485MiB,100%
MEM host_used_MiB=35564 avail=28437 gpu=29485MiB,100%
MEM host_used_MiB=35554 avail=28447 gpu=29485MiB,100%
MEM host_used_MiB=35572 avail=28429 gpu=29485MiB,100%
MEM host_used_MiB=35583 avail=28418 gpu=29485MiB,100%
00:41:55 02-k8: running; avail=28384 gpu=29485MiB,100%
MEM host_used_MiB=35564 avail=28437 gpu=29485MiB,100%
MEM host_used_MiB=35554 avail=28447 gpu=29485MiB,100%
MEM host_used_MiB=35572 avail=28429 gpu=29485MiB,100%
MEM host_used_MiB=35583 avail=28418 gpu=29485MiB,100%
MEM host_used_MiB=35578 avail=28422 gpu=29485MiB,100%
00:42:04 02-k8: running; avail=28384 gpu=29485MiB,100%
MEM host_used_MiB=35564 avail=28437 gpu=29485MiB,100%
MEM host_used_MiB=35554 avail=28447 gpu=29485MiB,100%
MEM host_used_MiB=35572 avail=28429 gpu=29485MiB,100%
MEM host_used_MiB=35583 avail=28418 gpu=29485MiB,100%
MEM host_used_MiB=35578 avail=28422 gpu=29485MiB,100%
00:42:13 02-k8: running; avail=28437 gpu=29485MiB,100%
MEM host_used_MiB=35554 avail=28447 gpu=29485MiB,100%
MEM host_used_MiB=35572 avail=28429 gpu=29485MiB,100%
MEM host_used_MiB=35583 avail=28418 gpu=29485MiB,100%
MEM host_used_MiB=35578 avail=28422 gpu=29485MiB,100%
MEM host_used_MiB=35605 avail=28397 gpu=29485MiB,100%
00:42:23 02-k8: running; avail=28447 gpu=29485MiB,100%
MEM host_used_MiB=35572 avail=28429 gpu=29485MiB,100%
MEM host_used_MiB=35583 avail=28418 gpu=29485MiB,100%
MEM host_used_MiB=35578 avail=28422 gpu=29485MiB,100%
MEM host_used_MiB=35605 avail=28397 gpu=29485MiB,100%
MEM host_used_MiB=31786 avail=32215 gpu=25810MiB,100%
00:42:32 02-k8: running; avail=28447 gpu=29485MiB,100%
MEM host_used_MiB=35572 avail=28429 gpu=29485MiB,100%
MEM host_used_MiB=35583 avail=28418 gpu=29485MiB,100%
MEM host_used_MiB=35578 avail=28422 gpu=29485MiB,100%
MEM host_used_MiB=35605 avail=28397 gpu=29485MiB,100%
MEM host_used_MiB=31786 avail=32215 gpu=25810MiB,100%
00:42:41 02-k8: running; avail=28429 gpu=29485MiB,100%
MEM host_used_MiB=35583 avail=28418 gpu=29485MiB,100%
MEM host_used_MiB=35578 avail=28422 gpu=29485MiB,100%
MEM host_used_MiB=35605 avail=28397 gpu=29485MiB,100%
MEM host_used_MiB=31786 avail=32215 gpu=25810MiB,100%
MEM host_used_MiB=31746 avail=32255 gpu=25810MiB,100%
00:42:50 02-k8: running; avail=28418 gpu=29485MiB,100%
MEM host_used_MiB=35578 avail=28422 gpu=29485MiB,100%
MEM host_used_MiB=35605 avail=28397 gpu=29485MiB,100%
MEM host_used_MiB=31786 avail=32215 gpu=25810MiB,100%
MEM host_used_MiB=31746 avail=32255 gpu=25810MiB,100%
MEM host_used_MiB=31720 avail=32280 gpu=25810MiB,100%
00:42:59 02-k8: running; avail=28418 gpu=29485MiB,100%
MEM host_used_MiB=35578 avail=28422 gpu=29485MiB,100%
MEM host_used_MiB=35605 avail=28397 gpu=29485MiB,100%
MEM host_used_MiB=31786 avail=32215 gpu=25810MiB,100%
MEM host_used_MiB=31746 avail=32255 gpu=25810MiB,100%
MEM host_used_MiB=31720 avail=32280 gpu=25810MiB,100%
00:43:08 02-k8: running; avail=28422 gpu=29485MiB,100%
MEM host_used_MiB=35605 avail=28397 gpu=29485MiB,100%
MEM host_used_MiB=31786 avail=32215 gpu=25810MiB,100%
MEM host_used_MiB=31746 avail=32255 gpu=25810MiB,100%
MEM host_used_MiB=31720 avail=32280 gpu=25810MiB,100%
MEM host_used_MiB=31741 avail=32260 gpu=25810MiB,100%
00:43:17 02-k8: running; avail=28422 gpu=29485MiB,100%
MEM host_used_MiB=35605 avail=28397 gpu=29485MiB,100%
MEM host_used_MiB=31786 avail=32215 gpu=25810MiB,100%
MEM host_used_MiB=31746 avail=32255 gpu=25810MiB,100%
MEM host_used_MiB=31720 avail=32280 gpu=25810MiB,100%
MEM host_used_MiB=31741 avail=32260 gpu=25810MiB,100%
00:43:26 02-k8: running; avail=28397 gpu=29485MiB,100%
MEM host_used_MiB=31786 avail=32215 gpu=25810MiB,100%
MEM host_used_MiB=31746 avail=32255 gpu=25810MiB,100%
MEM host_used_MiB=31720 avail=32280 gpu=25810MiB,100%
MEM host_used_MiB=31741 avail=32260 gpu=25810MiB,100%
MEM host_used_MiB=31743 avail=32258 gpu=25810MiB,100%
00:43:35 02-k8: running; avail=32215 gpu=25810MiB,100%
MEM host_used_MiB=31746 avail=32255 gpu=25810MiB,100%
MEM host_used_MiB=31720 avail=32280 gpu=25810MiB,100%
MEM host_used_MiB=31741 avail=32260 gpu=25810MiB,100%
MEM host_used_MiB=31743 avail=32258 gpu=25810MiB,100%
MEM host_used_MiB=31730 avail=32271 gpu=25810MiB,100%
00:43:44 02-k8: running; avail=32215 gpu=25810MiB,100%
MEM host_used_MiB=31746 avail=32255 gpu=25810MiB,100%
MEM host_used_MiB=31720 avail=32280 gpu=25810MiB,100%
MEM host_used_MiB=31741 avail=32260 gpu=25810MiB,100%
MEM host_used_MiB=31743 avail=32258 gpu=25810MiB,100%
MEM host_used_MiB=31730 avail=32271 gpu=25810MiB,100%
00:43:53 02-k8: running; avail=32255 gpu=25810MiB,100%
MEM host_used_MiB=31720 avail=32280 gpu=25810MiB,100%
MEM host_used_MiB=31741 avail=32260 gpu=25810MiB,100%
MEM host_used_MiB=31743 avail=32258 gpu=25810MiB,100%
MEM host_used_MiB=31730 avail=32271 gpu=25810MiB,100%
MEM host_used_MiB=31866 avail=32135 gpu=25726MiB,100%
00:44:02 02-k8: running; avail=32255 gpu=25810MiB,100%
MEM host_used_MiB=31720 avail=32280 gpu=25810MiB,100%
MEM host_used_MiB=31741 avail=32260 gpu=25810MiB,100%
MEM host_used_MiB=31743 avail=32258 gpu=25810MiB,100%
MEM host_used_MiB=31730 avail=32271 gpu=25810MiB,100%
MEM host_used_MiB=31866 avail=32135 gpu=25726MiB,100%
00:44:11 02-k8: running; avail=32280 gpu=25810MiB,100%
MEM host_used_MiB=31741 avail=32260 gpu=25810MiB,100%
MEM host_used_MiB=31743 avail=32258 gpu=25810MiB,100%
MEM host_used_MiB=31730 avail=32271 gpu=25810MiB,100%
MEM host_used_MiB=31866 avail=32135 gpu=25726MiB,100%
MEM host_used_MiB=27902 avail=36099 gpu=22133MiB,100%
00:44:20 02-k8: running; avail=32260 gpu=25810MiB,100%
MEM host_used_MiB=31743 avail=32258 gpu=25810MiB,100%
MEM host_used_MiB=31730 avail=32271 gpu=25810MiB,100%
MEM host_used_MiB=31866 avail=32135 gpu=25726MiB,100%
MEM host_used_MiB=27902 avail=36099 gpu=22133MiB,100%
MEM host_used_MiB=27862 avail=36139 gpu=22133MiB,100%
00:44:29 02-k8: running; avail=32260 gpu=25810MiB,100%
MEM host_used_MiB=31743 avail=32258 gpu=25810MiB,100%
MEM host_used_MiB=31730 avail=32271 gpu=25810MiB,100%
MEM host_used_MiB=31866 avail=32135 gpu=25726MiB,100%
MEM host_used_MiB=27902 avail=36099 gpu=22133MiB,100%
MEM host_used_MiB=27862 avail=36139 gpu=22133MiB,100%
00:44:38 02-k8: running; avail=32258 gpu=25810MiB,100%
MEM host_used_MiB=31730 avail=32271 gpu=25810MiB,100%
MEM host_used_MiB=31866 avail=32135 gpu=25726MiB,100%
MEM host_used_MiB=27902 avail=36099 gpu=22133MiB,100%
MEM host_used_MiB=27862 avail=36139 gpu=22133MiB,100%
MEM host_used_MiB=23987 avail=40015 gpu=18457MiB,100%
00:44:48 02-k8: running; avail=32258 gpu=25810MiB,100%
MEM host_used_MiB=31730 avail=32271 gpu=25810MiB,100%
MEM host_used_MiB=31866 avail=32135 gpu=25726MiB,100%
MEM host_used_MiB=27902 avail=36099 gpu=22133MiB,100%
MEM host_used_MiB=27862 avail=36139 gpu=22133MiB,100%
MEM host_used_MiB=23987 avail=40015 gpu=18457MiB,100%
00:44:57 02-k8: running; avail=32271 gpu=25810MiB,100%
MEM host_used_MiB=31866 avail=32135 gpu=25726MiB,100%
MEM host_used_MiB=27902 avail=36099 gpu=22133MiB,100%
MEM host_used_MiB=27862 avail=36139 gpu=22133MiB,100%
MEM host_used_MiB=23987 avail=40015 gpu=18457MiB,100%
MEM host_used_MiB=20206 avail=43795 gpu=14778MiB,100%
00:45:06 02-k8: running; avail=32135 gpu=25726MiB,100%
MEM host_used_MiB=27902 avail=36099 gpu=22133MiB,100%
MEM host_used_MiB=27862 avail=36139 gpu=22133MiB,100%
MEM host_used_MiB=23987 avail=40015 gpu=18457MiB,100%
MEM host_used_MiB=20206 avail=43795 gpu=14778MiB,100%
MEM host_used_MiB=20083 avail=43918 gpu=14778MiB,100%
00:45:15 02-k8: running; avail=32135 gpu=25726MiB,100%
MEM host_used_MiB=27902 avail=36099 gpu=22133MiB,100%
MEM host_used_MiB=27862 avail=36139 gpu=22133MiB,100%
MEM host_used_MiB=23987 avail=40015 gpu=18457MiB,100%
MEM host_used_MiB=20206 avail=43795 gpu=14778MiB,100%
MEM host_used_MiB=20083 avail=43918 gpu=14778MiB,100%
00:45:24 02-k8: running; 2 avail=36099 gpu=22133MiB,100%
MEM host_used_MiB=27862 avail=36139 gpu=22133MiB,100%
MEM host_used_MiB=23987 avail=40015 gpu=18457MiB,100%
MEM host_used_MiB=20206 avail=43795 gpu=14778MiB,100%
MEM host_used_MiB=20083 avail=43918 gpu=14778MiB,100%
MEM host_used_MiB=20397 avail=43597 gpu=14284MiB,0%
00:45:33 02-k8: 0; 133MiB,100%
MEM host_used_MiB=27862 avail=36139 gpu=22133MiB,100%
MEM host_used_MiB=23987 avail=40015 gpu=18457MiB,100%
MEM host_used_MiB=20206 avail=43795 gpu=14778MiB,100%
MEM host_used_MiB=20083 avail=43918 gpu=14778MiB,100%
MEM host_used_MiB=20397 avail=43597 gpu=14284MiB,0%
END 1790815530 rc=0
00:46:10 destroyed instance 53608131
