marker=1 utc=2026-08-27T22:37:00Z 0, 1, 10.52
      0 R    16988
marker=2 utc=2026-08-27T22:37:05Z 0, 157, 23.89
      5 Rl   881648
marker=3 utc=2026-08-27T22:37:10Z 1, 223, 25.48
     10 Rl   1028792
marker=4 utc=2026-08-27T22:37:15Z 0, 225, 24.05
     15 Rl   1137936
marker=5 utc=2026-08-27T22:37:20Z 0, 227, 25.12
     20 Sl   1239728
marker=6 utc=2026-08-27T22:37:25Z 0, 227, 24.76
     25 Sl   1340856
marker=7 utc=2026-08-27T22:37:30Z 0, 227, 24.29
     30 Sl   1428140
marker=8 utc=2026-08-27T22:37:35Z 0, 227, 25.37
     35 Rl   1513164
marker=9 utc=2026-08-27T22:37:40Z 0, 227, 24.73
     40 Rl   1592140
marker=10 utc=2026-08-27T22:37:45Z 0, 227, 24.13
     45 Sl   1684636
marker=11 utc=2026-08-27T22:37:50Z 0, 227, 25.07
     50 Sl   1762184
marker=12 utc=2026-08-27T22:37:55Z 0, 227, 24.63
     55 Rl   1828312
marker=13 utc=2026-08-27T22:38:00Z 0, 227, 24.17
     60 Sl   1908284
marker=14 utc=2026-08-27T22:38:05Z 0, 229, 25.21
     65 Sl   1994532
marker=15 utc=2026-08-27T22:38:10Z 0, 229, 24.39
     70 Sl   2067228
marker=16 utc=2026-08-27T22:38:15Z 0, 229, 24.37
     75 Sl   2150900
marker=17 utc=2026-08-27T22:38:20Z 0, 229, 25.42
     80 Rl   2207864
marker=18 utc=2026-08-27T22:38:25Z 0, 229, 24.41
     85 Sl   2270048
marker=19 utc=2026-08-27T22:38:30Z 1, 229, 24.84
     90 Sl   2357172
marker=20 utc=2026-08-27T22:38:35Z 0, 229, 25.48
     95 Sl   2429852
marker=21 utc=2026-08-27T22:38:40Z 0, 229, 24.66
    101 Rl   2497764
marker=22 utc=2026-08-27T22:38:46Z 0, 229, 25.43
    106 Sl   2569700
marker=23 utc=2026-08-27T22:38:51Z 0, 231, 25.33
    111 Rl   2645852
marker=24 utc=2026-08-27T22:38:56Z 0, 231, 24.07
    116 Sl   2717260
marker=25 utc=2026-08-27T22:39:01Z 1, 231, 25.10
    121 Sl   2788452
marker=26 utc=2026-08-27T22:39:06Z 0, 231, 24.91
    126 Rl   2859328
marker=27 utc=2026-08-27T22:39:11Z 0, 231, 24.33
    131 Rl   2926736
marker=28 utc=2026-08-27T22:39:16Z 0, 231, 25.91
    136 Rl   2998316
marker=29 utc=2026-08-27T22:39:21Z 0, 231, 24.93
    141 Sl   3079232
marker=30 utc=2026-08-27T22:39:26Z 0, 231, 25.17
    146 Sl   3169416
marker=31 utc=2026-08-27T22:39:31Z 0, 231, 25.48
    151 Rl   3249944
marker=32 utc=2026-08-27T22:39:36Z 0, 231, 24.75
    156 Rl   3314804
marker=33 utc=2026-08-27T22:39:41Z 0, 2281, 31.40
    161 Sl   4510016
marker=34 utc=2026-08-27T22:39:46Z 0, 2281, 25.41
    167 Rl   5014716
marker=35 utc=2026-08-27T22:39:52Z 0, 2283, 24.40
    172 Sl   4682176
marker=36 utc=2026-08-27T22:39:57Z 0, 2283, 24.74
    177 Sl   4764184
marker=37 utc=2026-08-27T22:40:02Z 0, 2283, 24.98
    182 Rl   4842608
marker=38 utc=2026-08-27T22:40:07Z 0, 2295, 24.16
    187 Rl   4943688
marker=39 utc=2026-08-27T22:40:12Z 0, 2295, 26.36
    192 Rl   5033052
marker=40 utc=2026-08-27T22:40:17Z 0, 2295, 26.67
    197 Rl   5362148
marker=41 utc=2026-08-27T22:40:22Z 0, 2295, 24.41
    202 Rl   6434476
marker=42 utc=2026-08-27T22:40:27Z 0, 2295, 24.18
    207 Rl   6841920
marker=43 utc=2026-08-27T22:40:32Z 0, 2295, 25.22
    212 Rl   6877336
marker=44 utc=2026-08-27T22:40:37Z 0, 2295, 12.73
    217 Rl   6877336
marker=45 utc=2026-08-27T22:40:42Z 0, 2295, 10.18
    222 Rl   6877336
marker=46 utc=2026-08-27T22:40:47Z 0, 2295, 10.40
    227 Sl   6616912
marker=47 utc=2026-08-27T22:40:52Z 0, 2295, 24.02
    232 Rl   6053972
marker=48 utc=2026-08-27T22:40:57Z 0, 2295, 24.72
    237 Rl   6741364
marker=49 utc=2026-08-27T22:41:02Z 0, 2295, 24.75
    243 Rl   6484564
marker=50 utc=2026-08-27T22:41:08Z 0, 2295, 23.08
    248 Rl   6961108
marker=51 utc=2026-08-27T22:41:13Z 0, 2295, 10.59
    253 Rl   6961108
marker=52 utc=2026-08-27T22:41:18Z 0, 2295, 9.98
    258 Rl   6961108
marker=53 utc=2026-08-27T22:41:23Z 0, 2295, 25.89
    263 Rl   6305504
marker=54 utc=2026-08-27T22:41:28Z 0, 2295, 24.87
    268 Rl   6787424
marker=55 utc=2026-08-27T22:41:33Z 0, 2295, 23.55
    273 Rl   6886332
marker=56 utc=2026-08-27T22:41:38Z 0, 2295, 24.68
    278 Rl   6981240
marker=57 utc=2026-08-27T22:41:43Z 0, 2295, 10.66
    283 Rl   6981240
marker=58 utc=2026-08-27T22:41:48Z 0, 2295, 23.99
    288 Rl   6262360
marker=59 utc=2026-08-27T22:41:53Z 0, 2295, 24.78
    293 Rl   6945644
marker=60 utc=2026-08-27T22:41:58Z 0, 2295, 24.74
    298 Rl   6997896
marker=61 utc=2026-08-27T22:42:03Z 0, 2295, 15.10
    303 Rl   6997896
marker=62 utc=2026-08-27T22:42:08Z 1, 2295, 16.45
    308 Rl   5664576
marker=63 utc=2026-08-27T22:42:13Z 0, 2295, 24.92
    313 Rl   6761076
marker=64 utc=2026-08-27T22:42:18Z 0, 2295, 24.15
    318 Rl   6805132
marker=65 utc=2026-08-27T22:42:23Z 0, 2295, 24.47
    323 Rl   7008208
marker=66 utc=2026-08-27T22:42:28Z 0, 2295, 10.75
    328 Rl   7008208
marker=67 utc=2026-08-27T22:42:33Z 0, 2295, 24.04
    333 Rl   6118516
marker=68 utc=2026-08-27T22:42:38Z 0, 2295, 25.14
    339 Rl   6906108
marker=69 utc=2026-08-27T22:42:44Z 0, 2295, 24.54
    344 Rl   7017588
marker=70 utc=2026-08-27T22:42:49Z 0, 2295, 21.05
    349 Rl   7017588
marker=71 utc=2026-08-27T22:42:54Z 0, 2295, 10.82
    354 Sl   6719900
marker=72 utc=2026-08-27T22:42:59Z 0, 2295, 24.25
    359 Sl   6425412
marker=73 utc=2026-08-27T22:43:04Z 0, 2295, 24.30
    364 Rl   7020916
marker=74 utc=2026-08-27T22:43:09Z 0, 2295, 24.84
    369 Rl   7023672
marker=75 utc=2026-08-27T22:43:14Z 0, 2295, 11.51
    374 Rl   7023672
marker=76 utc=2026-08-27T22:43:19Z 0, 2295, 25.13
    379 Rl   6059580
marker=77 utc=2026-08-27T22:43:24Z 0, 2295, 24.73
    384 Rl   7536600
marker=78 utc=2026-08-27T22:43:29Z 0, 2295, 23.67
    389 Rl   8226900
marker=79 utc=2026-08-27T22:43:34Z 0, 2295, 24.32
    394 Rl   7631812
marker=80 utc=2026-08-27T22:43:39Z 0, 2295, 10.36
    399 Rl   7051636
marker=81 utc=2026-08-27T22:43:44Z 0, 2295, 9.84
    404 Rl   7586288
marker=82 utc=2026-08-27T22:43:49Z 0, 2295, 10.69
    409 Rl   7628496
marker=83 utc=2026-08-27T22:43:54Z 0, 2295, 10.36
    414 Rl   7628496
marker=84 utc=2026-08-27T22:43:59Z 0, 2589, 14.95
    419 Rl   6740008
marker=85 utc=2026-08-27T22:44:04Z 0, 2589, 25.23
    425 Rl   6740248
marker=86 utc=2026-08-27T22:44:10Z 0, 4637, 26.24
    430 Rl   6806116
marker=87 utc=2026-08-27T22:44:15Z 0, 4637, 32.02
    435 Rl   7172592
marker=88 utc=2026-08-27T22:44:20Z 0, 4637, 25.42
    440 Rl   7241128
marker=89 utc=2026-08-27T22:44:25Z 0, 4637, 24.23
    445 Rl   7317612
marker=90 utc=2026-08-27T22:44:30Z 1, 4637, 24.81
    450 Rl   7323536
marker=91 utc=2026-08-27T22:44:35Z 0, 4367, 25.46
    455 Rl   6176744
marker=92 utc=2026-08-27T22:44:40Z 0, 4367, 25.21
    460 Rl   6557928
marker=93 utc=2026-08-27T22:44:45Z 0, 4367, 24.82
    465 Sl   6251924
marker=94 utc=2026-08-27T22:44:50Z 0, 4367, 25.92
    470 Rl   6300328
marker=95 utc=2026-08-27T22:44:55Z 0, 4367, 24.13
    475 Rl   6007964
marker=96 utc=2026-08-27T22:45:00Z 0, 4367, 26.07
    480 Rl   6011724
marker=97 utc=2026-08-27T22:45:05Z 0, 4367, 24.92
    485 Rl   6011800
marker=98 utc=2026-08-27T22:45:10Z 0, 4339, 23.98
    490 Rl   5964656
diagnostic_exit_code=0
