marker=1 utc=2026-08-27T22:17:56Z 15, 1, 25.28
      0 R    16480
marker=2 utc=2026-08-27T22:18:01Z 0, 157, 24.96
      5 Rl   879404
marker=3 utc=2026-08-27T22:18:06Z 0, 223, 23.94
     10 Rl   1017764
marker=4 utc=2026-08-27T22:18:11Z 0, 225, 24.62
     15 Rl   1130372
marker=5 utc=2026-08-27T22:18:16Z 0, 227, 25.29
     20 Sl   1224660
marker=6 utc=2026-08-27T22:18:21Z 0, 227, 24.07
     25 Sl   1317392
marker=7 utc=2026-08-27T22:18:26Z 0, 227, 25.19
     30 Sl   1403520
marker=8 utc=2026-08-27T22:18:31Z 0, 227, 24.81
     35 Sl   1496588
marker=9 utc=2026-08-27T22:18:36Z 2, 227, 24.29
     40 Sl   1587772
marker=10 utc=2026-08-27T22:18:41Z 0, 227, 25.46
     45 Sl   1666652
marker=11 utc=2026-08-27T22:18:46Z 0, 227, 24.58
     50 Sl   1747968
marker=12 utc=2026-08-27T22:18:51Z 0, 227, 24.30
     55 Sl   1817528
marker=13 utc=2026-08-27T22:18:56Z 2, 227, 25.48
     60 Rl   1894168
marker=14 utc=2026-08-27T22:19:01Z 0, 229, 24.71
     65 Rl   1981468
marker=15 utc=2026-08-27T22:19:07Z 0, 229, 24.06
     70 Rl   2062404
marker=16 utc=2026-08-27T22:19:12Z 0, 229, 25.48
     75 Rl   2137400
marker=17 utc=2026-08-27T22:19:17Z 0, 229, 24.37
     80 Sl   2206180
marker=18 utc=2026-08-27T22:19:22Z 0, 229, 24.91
     85 Rl   2268340
marker=19 utc=2026-08-27T22:19:27Z 0, 229, 25.54
     90 Sl   2354120
marker=20 utc=2026-08-27T22:19:32Z 0, 229, 24.37
     95 Sl   2432628
marker=21 utc=2026-08-27T22:19:37Z 0, 229, 25.43
    100 Rl   2513368
marker=22 utc=2026-08-27T22:19:42Z 0, 229, 25.65
    106 Sl   2582624
marker=23 utc=2026-08-27T22:19:47Z 0, 231, 24.18
    111 Sl   2663168
marker=24 utc=2026-08-27T22:19:52Z 0, 231, 24.69
    116 Rl   2736184
marker=25 utc=2026-08-27T22:19:57Z 0, 231, 25.26
    121 Sl   2807892
marker=26 utc=2026-08-27T22:20:02Z 0, 231, 24.16
    126 Sl   2883684
marker=27 utc=2026-08-27T22:20:07Z 0, 231, 25.24
    131 Rl   2959592
marker=28 utc=2026-08-27T22:20:12Z 0, 231, 24.75
    136 Rl   3035836
marker=29 utc=2026-08-27T22:20:17Z 0, 231, 24.81
    141 Rl   3118480
marker=30 utc=2026-08-27T22:20:22Z 0, 231, 25.50
    146 Sl   3211208
marker=31 utc=2026-08-27T22:20:27Z 0, 231, 24.78
    151 Rl   3297932
marker=32 utc=2026-08-27T22:20:32Z 0, 231, 23.91
    156 Rl   3483376
marker=33 utc=2026-08-27T22:20:37Z 0, 231, 24.57
    161 Rl   3778288
marker=34 utc=2026-08-27T22:20:42Z 0, 2281, 30.83
    166 Sl   4508320
marker=35 utc=2026-08-27T22:20:47Z 0, 2281, 24.26
    171 Rl   4598720
marker=36 utc=2026-08-27T22:20:53Z 0, 2281, 25.51
    176 Rl   4687932
marker=37 utc=2026-08-27T22:20:58Z 0, 2283, 24.70
    181 Rl   4757404
marker=38 utc=2026-08-27T22:21:03Z 0, 2283, 24.95
    186 Sl   4841480
marker=39 utc=2026-08-27T22:21:08Z 0, 2295, 25.50
    191 Sl   4963552
marker=40 utc=2026-08-27T22:21:13Z 0, 2295, 24.22
    196 Sl   5057308
marker=41 utc=2026-08-27T22:21:18Z 0, 2295, 24.80
    201 Sl   5088756
marker=42 utc=2026-08-27T22:21:23Z 0, 2295, 24.83
    207 Rl   5985944
marker=43 utc=2026-08-27T22:21:28Z 0, 2295, 24.69
    212 Rl   6731096
marker=44 utc=2026-08-27T22:21:33Z 0, 2295, 24.11
    217 Rl   6808732
marker=45 utc=2026-08-27T22:21:38Z 0, 2295, 24.98
    222 Rl   6916468
marker=46 utc=2026-08-27T22:21:43Z 0, 2295, 10.49
    227 Rl   6916468
marker=47 utc=2026-08-27T22:21:48Z 0, 2295, 10.43
    232 Rl   6916468
marker=48 utc=2026-08-27T22:21:53Z 0, 2295, 25.62
    237 Rl   5475528
marker=49 utc=2026-08-27T22:21:58Z 0, 2295, 24.23
    242 Sl   6383156
marker=50 utc=2026-08-27T22:22:03Z 0, 2295, 24.75
    247 Rl   6968976
marker=51 utc=2026-08-27T22:22:08Z 0, 2295, 24.97
    252 Rl   6985812
marker=52 utc=2026-08-27T22:22:13Z 0, 2295, 11.55
    257 Rl   6985812
marker=53 utc=2026-08-27T22:22:18Z 0, 2295, 9.90
    262 Sl   6710668
marker=54 utc=2026-08-27T22:22:23Z 0, 2295, 24.20
    267 Rl   6415684
marker=55 utc=2026-08-27T22:22:29Z 0, 2295, 23.98
    272 Rl   6922288
marker=56 utc=2026-08-27T22:22:34Z 0, 2295, 25.05
    277 Rl   7016300
marker=57 utc=2026-08-27T22:22:39Z 0, 2295, 11.53
    282 Rl   7016300
marker=58 utc=2026-08-27T22:22:44Z 0, 2295, 19.46
    287 Rl   5699500
marker=59 utc=2026-08-27T22:22:49Z 0, 2295, 25.00
    292 Rl   6767868
marker=60 utc=2026-08-27T22:22:54Z 0, 2295, 24.34
    297 Rl   6798140
marker=61 utc=2026-08-27T22:22:59Z 0, 2295, 23.97
    303 Rl   7032616
marker=62 utc=2026-08-27T22:23:04Z 0, 2295, 11.07
    308 Rl   7032616
marker=63 utc=2026-08-27T22:23:09Z 0, 2295, 10.88
    313 Rl   5545740
marker=64 utc=2026-08-27T22:23:14Z 0, 2295, 24.02
    318 Rl   6744724
marker=65 utc=2026-08-27T22:23:19Z 0, 2295, 24.42
    323 Rl   7025760
marker=66 utc=2026-08-27T22:23:24Z 0, 2295, 23.67
    328 Rl   7042936
marker=67 utc=2026-08-27T22:23:29Z 0, 2295, 10.91
    333 Rl   7042936
marker=68 utc=2026-08-27T22:23:34Z 0, 2295, 10.74
    338 Rl   7042936
marker=69 utc=2026-08-27T22:23:39Z 0, 2295, 24.42
    343 Rl   6154124
marker=70 utc=2026-08-27T22:23:44Z 0, 2295, 24.25
    348 Rl   6898684
marker=71 utc=2026-08-27T22:23:49Z 0, 2295, 24.91
    353 Rl   7050528
marker=72 utc=2026-08-27T22:23:54Z 0, 2295, 23.91
    358 Rl   7050528
marker=73 utc=2026-08-27T22:24:00Z 0, 2295, 10.18
    363 Sl   6753316
marker=74 utc=2026-08-27T22:24:05Z 0, 2295, 24.65
    368 Rl   6627124
marker=75 utc=2026-08-27T22:24:10Z 0, 2295, 23.88
    373 Rl   7038332
marker=76 utc=2026-08-27T22:24:15Z 0, 2295, 25.00
    378 Rl   7058244
marker=77 utc=2026-08-27T22:24:20Z 0, 2295, 12.20
    384 Rl   7058244
marker=78 utc=2026-08-27T22:24:25Z 0, 2295, 24.63
    389 Rl   6182352
marker=79 utc=2026-08-27T22:24:30Z 0, 2295, 24.61
    394 Rl   7067124
marker=80 utc=2026-08-27T22:24:35Z 0, 2295, 24.38
    399 Rl   8261676
marker=81 utc=2026-08-27T22:24:40Z 0, 2295, 24.06
    404 Rl   7666588
marker=82 utc=2026-08-27T22:24:45Z 0, 2295, 10.92
    409 Sl   7067492
marker=83 utc=2026-08-27T22:24:50Z 0, 2295, 9.71
    414 Rl   7661180
marker=84 utc=2026-08-27T22:24:55Z 0, 2295, 10.05
    419 Rl   7666100
marker=85 utc=2026-08-27T22:25:00Z 0, 2295, 10.52
    424 Rl   7666100
marker=86 utc=2026-08-27T22:25:05Z 1, 2589, 32.19
    429 Rl   6772928
marker=87 utc=2026-08-27T22:25:10Z 0, 4637, 32.37
    434 Rl   6839176
marker=88 utc=2026-08-27T22:25:15Z 0, 4637, 25.75
    439 Rl   7155060
marker=89 utc=2026-08-27T22:25:20Z 0, 4637, 24.45
    444 Rl   7275428
marker=90 utc=2026-08-27T22:25:26Z 1, 4637, 26.31
    449 Sl   7298956
marker=91 utc=2026-08-27T22:25:31Z 6, 4637, 25.31
    454 Rl   7302800
marker=92 utc=2026-08-27T22:25:36Z 0, 4345, 24.00
    459 Rl   6155668
marker=93 utc=2026-08-27T22:25:41Z 0, 4367, 25.31
    464 Rl   6156424
marker=94 utc=2026-08-27T22:25:46Z 2, 4367, 24.44
    469 Rl   6158260
marker=95 utc=2026-08-27T22:25:51Z 0, 4367, 24.83
    474 Rl   6253592
marker=96 utc=2026-08-27T22:25:56Z 0, 4391, 25.63
    480 Rl   6304332
marker=97 utc=2026-08-27T22:26:01Z 0, 4367, 23.97
    485 Rl   5963780
marker=98 utc=2026-08-27T22:26:06Z 0, 4345, 23.81
    490 Rl   5967292
marker=99 utc=2026-08-27T22:26:11Z 0, 4367, 25.13
    495 Rl   5967164
benchmark_exit_code=1
1, 1, 24.17
