[03:30:34] remote: mock_tilt4_baseline/M5_172669: already done
[03:30:34] remote: mock_tilt4_poly3/M5_172669: already done
[03:30:34] remote: baseline/M12_98104: already done
[03:30:34] remote: poly3/M12_98104: already done
[03:30:34] remote: poly3_total/M12_98104: already done
[03:30:34] remote: baseline/M5_173928: already done
[03:30:34] remote: poly3/M5_173928: start {'CERIDWEN_CALIBRATION_ORDER': '3', 'CERIDWEN_PHOTOMETRY': 'cosmos_ap3'}
[03:37:46] remote: poly3/M5_173928: done in 7.2 min
[03:37:46] remote: poly3_total/M5_173928: already done
[03:37:46] remote: baseline/M12_185653: already done
[03:37:46] remote: poly3/M12_185653: already done
[03:37:46] remote: poly3_total/M12_185653: already done
[03:37:46] remote: baseline/M4_108989: already done
[03:37:46] remote: poly3/M4_108989: already done
[03:37:46] remote: poly3_total/M4_108989: already done
[03:37:46] remote: baseline/M1_206545: already done
[03:37:46] remote: poly3/M1_206545: already done
[03:37:46] remote: poly3_total/M1_206545: already done
[03:37:46] remote: baseline/M5_172669: already done
[03:37:46] remote: poly3/M5_172669: already done
[03:37:46] remote: poly3_total/M5_172669: already done
