15:20:55 committed source 762f49f75269; output results/m1-210210-neb-eline-ca-nohe-2026-09-30/run
15:20:58 renting RTX 5090, host 370354, $0.380/h; estimate $0.201
15:20:58 ranking: host record, then USD per fit; estimates use 0.5 hours plus 8 GB download; 47680627 good bid $0.380/h, $0.190/fit, $0.201 total; 48854219 unknown bid $0.288/h, $0.144/fit, $0.165 total; 53483881 unknown bid $0.332/h, $0.166/fit, $0.187 total; 43626057 unknown bid $0.395/h, $0.198/fit, $0.229 total; 45028230 unknown bid $0.398/h, $0.199/fit, $0.230 total; 38697500 unknown bid $0.416/h, $0.208/fit, $0.229 total; 50464317 unknown bid $0.416/h, $0.208/fit, $0.229 total; 51000034 unknown bid $0.494/h, $0.247/fit, $0.257 total; 48851746 unknown bid $0.496/h, $0.248/fit, $0.269 total; 51000034 unknown on-demand $0.529/h, $0.264/fit, $0.275 total; 48854219 unknown on-demand 
15:20:59 SweepError: vastai returned no JSON: 
15:21:05 renting RTX 5090, host 571938, $0.288/h; estimate $0.165
15:21:05 ranking: host record, then USD per fit; estimates use 0.5 hours plus 8 GB download; 48854219 unknown bid $0.288/h, $0.144/fit, $0.165 total; 51857148 unknown bid $0.380/h, $0.190/fit, $0.221 total; 45028234 unknown bid $0.398/h, $0.199/fit, $0.230 total; 34905063 unknown bid $0.423/h, $0.212/fit, $0.232 total; 48212638 unknown bid $0.478/h, $0.239/fit, $0.260 total; 48751162 unknown bid $0.482/h, $0.241/fit, $0.242 total; 51857148 unknown on-demand $0.495/h, $0.247/fit, $0.279 total; 48851735 unknown bid $0.496/h, $0.248/fit, $0.269 total; 52414895 unknown on-demand $0.536/h, $0.268/fit, $0.310 total; 48854219 unknown on-demand $0.537/h, $0.269/fit, $0.289 total; 38697500 unk
15:21:06 SweepError: vastai returned no JSON: 
15:21:11 renting RTX 5090, host 127708, $0.259/h; estimate $0.151
15:21:11 ranking: host record, then USD per fit; estimates use 0.5 hours plus 8 GB download; 40374040 unknown bid $0.259/h, $0.130/fit, $0.151 total; 51857148 unknown bid $0.380/h, $0.190/fit, $0.221 total; 43626057 unknown bid $0.395/h, $0.198/fit, $0.229 total; 45028234 unknown bid $0.398/h, $0.199/fit, $0.230 total; 47511675 unknown bid $0.451/h, $0.226/fit, $0.246 total; 51857148 unknown on-demand $0.495/h, $0.247/fit, $0.279 total; 45080654 unknown bid $0.509/h, $0.255/fit, $0.256 total; 48851735 unknown on-demand $0.544/h, $0.272/fit, $0.293 total; 45070587 unknown bid $0.546/h, $0.273/fit, $0.294 total; 53483881 unknown on-demand $0.571/h, $0.286/fit, $0.306 total; 40411107 unk
15:21:12 SweepError: vastai returned no JSON: 
runner exit 1
15:21:57 committed source 762f49f75269; output results/m1-210210-neb-eline-ca-nohe-2026-09-30/run
15:22:01 renting RTX 5090, host 663330, $0.380/h; estimate $0.221
15:22:01 ranking: host record, then USD per fit; estimates use 0.5 hours plus 8 GB download; 51857148 unknown bid $0.380/h, $0.190/fit, $0.221 total; 45028234 unknown bid $0.398/h, $0.199/fit, $0.230 total; 34905063 unknown bid $0.423/h, $0.212/fit, $0.232 total; 48212638 unknown bid $0.478/h, $0.239/fit, $0.260 total; 48751162 unknown bid $0.482/h, $0.241/fit, $0.242 total; 48851735 unknown bid $0.496/h, $0.248/fit, $0.269 total; 38697500 unknown on-demand $0.544/h, $0.272/fit, $0.293 total; 45070581 unknown bid $0.546/h, $0.273/fit, $0.294 total; 53277229 unknown bid $0.553/h, $0.277/fit, $0.297 total; 42405155 unknown bid $0.561/h, $0.280/fit, $0.301 total; 45080654 unknown on-dema
15:22:03 SweepError: vastai returned no JSON: 
15:22:08 renting RTX 5090, host 362094, $0.392/h; estimate $0.238
15:22:08 ranking: host record, then USD per fit; estimates use 0.5 hours plus 8 GB download; 48425190 unknown bid $0.392/h, $0.196/fit, $0.238 total; 45028234 unknown bid $0.398/h, $0.199/fit, $0.230 total; 38697500 unknown bid $0.416/h, $0.208/fit, $0.229 total; 46289581 unknown bid $0.416/h, $0.208/fit, $0.229 total; 37375832 unknown bid $0.421/h, $0.210/fit, $0.231 total; 47511675 unknown bid $0.451/h, $0.226/fit, $0.246 total; 48212638 unknown bid $0.478/h, $0.239/fit, $0.260 total; 46691993 unknown on-demand $0.516/h, $0.258/fit, $0.279 total; 51000034 unknown on-demand $0.529/h, $0.264/fit, $0.275 total; 48851735 unknown on-demand $0.544/h, $0.272/fit, $0.293 total; 50464317 unk
15:22:09 SweepError: vastai returned no JSON: 
15:22:16 renting RTX 5090, host 166545, $0.363/h; estimate $0.202
15:22:16 ranking: host record, then USD per fit; estimates use 0.5 hours plus 8 GB download; 46699713 unknown bid $0.363/h, $0.182/fit, $0.202 total; 43626057 unknown bid $0.395/h, $0.198/fit, $0.229 total; 45028230 unknown bid $0.398/h, $0.199/fit, $0.230 total; 50464317 unknown bid $0.416/h, $0.208/fit, $0.229 total; 37375832 unknown bid $0.421/h, $0.210/fit, $0.231 total; 48751162 unknown bid $0.482/h, $0.241/fit, $0.242 total; 52414895 unknown on-demand $0.536/h, $0.268/fit, $0.310 total; 38697500 unknown on-demand $0.544/h, $0.272/fit, $0.293 total; 45070588 unknown bid $0.546/h, $0.273/fit, $0.294 total; 51971807 unknown bid $0.616/h, $0.308/fit, $0.360 total; 35010863 unknown o
15:22:17 SweepError: vastai returned no JSON: 
runner exit 1
15:23:22 committed source 762f49f75269; output results/m1-210210-neb-eline-ca-nohe-2026-09-30/run
15:23:29 renting RTX 5090, host 81276, $0.412/h; estimate $0.227
15:23:29 ranking: host record, then USD per fit; estimates use 0.5 hours plus 8 GB download; 51954044 good bid $0.412/h, $0.206/fit, $0.227 total; 45028234 unknown bid $0.123/h, $0.062/fit, $0.093 total; 43626057 unknown bid $0.346/h, $0.173/fit, $0.204 total; 43092247 unknown bid $0.413/h, $0.207/fit, $0.238 total; 38697500 unknown bid $0.416/h, $0.208/fit, $0.229 total; 48751162 unknown bid $0.482/h, $0.241/fit, $0.242 total; 51000034 unknown on-demand $0.529/h, $0.264/fit, $0.275 total; 23695637 unknown on-demand $0.539/h, $0.269/fit, $0.280 total; 45070587 unknown bid $0.546/h, $0.273/fit, $0.294 total; 42405155 unknown bid $0.561/h, $0.280/fit, $0.301 total; 44457597 unknown bid 
15:23:33 instance 53545621: (None, None)
15:24:01 instance 53545621: ('loading', 'Successfully loaded ghcr.io/potatoist314/ceridwen-gpu@sha256:e1c8846c0f06db1793ad788d46fcc99493cd9d5419aca4eecacce5fc30315c34')
15:24:08 instance 53545621: ('running', 'success, running ghcr.io/potatoist314/ceridwen-gpu_sha256_e1c8846c0f06db1793ad788d46fcc99493cd9d5419aca4eecacce5fc30315c34/ssh')
15:24:15 uploading pinned source, inputs and cached grid
15:26:42 bootstrap: running; -jax==0.1.1 (from file:///workspace/cosmic-chronometers-jwst/external/sedpy_jax)
Using Python 3.11.16 environment at: .venv-ceridwen-gpu
Checked 154 packages in 0.91ms
All installed packages are compatible
ceridwen: combined static smoother installed
JAX 0.10.2: [CudaDevice(id=0)]; float64 verified
15:26:51 bootstrap: 0; d
Installed kernelspec ceridwen in /root/.local/share/jupyter/kernels/ceridwen
Selected fit inputs verified
LEGA-C inputs and schema-2.1 HR SSP grid verified: /workspace/cosmic-chronometers-jwst/grid/6fe00c55a177a93d5c74782e94d3a78418ce2ad856a4edfca8dcd8ed5e572a67.h5
Ceridwen GPU environment ready.
15:27:00 fit-0: running; 15:26:58 fitting neb_eline_ca_nohe/M1_210210, seed 20260927
15:27:09 fit-0: running; 15:26:58 fitting neb_eline_ca_nohe/M1_210210, seed 20260927
15:27:17 fit-0: running; 15:26:58 fitting neb_eline_ca_nohe/M1_210210, seed 20260927
15:27:26 fit-0: running; 15:26:58 fitting neb_eline_ca_nohe/M1_210210, seed 20260927
15:27:35 fit-0: running; 15:26:58 fitting neb_eline_ca_nohe/M1_210210, seed 20260927
15:27:45 fit-0: running; 15:26:58 fitting neb_eline_ca_nohe/M1_210210, seed 20260927
15:27:54 fit-0: running; 15:26:58 fitting neb_eline_ca_nohe/M1_210210, seed 20260927
15:28:03 fit-0: running; 15:26:58 fitting neb_eline_ca_nohe/M1_210210, seed 20260927
15:28:12 fit-0: running; 15:26:58 fitting neb_eline_ca_nohe/M1_210210, seed 20260927
15:28:21 fit-0: running; 15:26:58 fitting neb_eline_ca_nohe/M1_210210, seed 20260927
15:28:29 fit-0: running; 15:26:58 fitting neb_eline_ca_nohe/M1_210210, seed 20260927
15:28:38 fit-0: running; 15:26:58 fitting neb_eline_ca_nohe/M1_210210, seed 20260927
15:28:47 fit-0: running; 15:26:58 fitting neb_eline_ca_nohe/M1_210210, seed 20260927
15:28:55 fit-0: running; 15:26:58 fitting neb_eline_ca_nohe/M1_210210, seed 20260927
15:29:04 fit-0: running; 15:26:58 fitting neb_eline_ca_nohe/M1_210210, seed 20260927
15:29:12 fit-0: running; 15:26:58 fitting neb_eline_ca_nohe/M1_210210, seed 20260927
15:29:21 fit-0: running; 15:26:58 fitting neb_eline_ca_nohe/M1_210210, seed 20260927
15:29:29 fit-0: running; 15:26:58 fitting neb_eline_ca_nohe/M1_210210, seed 20260927
15:29:38 fit-0: running; 15:26:58 fitting neb_eline_ca_nohe/M1_210210, seed 20260927
15:29:47 fit-0: running; 15:26:58 fitting neb_eline_ca_nohe/M1_210210, seed 20260927
15:29:56 fit-0: running; 15:26:58 fitting neb_eline_ca_nohe/M1_210210, seed 20260927
15:30:05 fit-0: running; 15:26:58 fitting neb_eline_ca_nohe/M1_210210, seed 20260927
15:30:13 fit-0: running; 15:26:58 fitting neb_eline_ca_nohe/M1_210210, seed 20260927
15:30:21 fit-0: running; 15:26:58 fitting neb_eline_ca_nohe/M1_210210, seed 20260927
15:30:30 fit-0: running; 15:26:58 fitting neb_eline_ca_nohe/M1_210210, seed 20260927
15:30:39 fit-0: running; 15:26:58 fitting neb_eline_ca_nohe/M1_210210, seed 20260927
15:30:48 fit-0: running; 15:26:58 fitting neb_eline_ca_nohe/M1_210210, seed 20260927
15:30:57 fit-0: running; 15:26:58 fitting neb_eline_ca_nohe/M1_210210, seed 20260927
15:31:05 fit-0: running; 15:26:58 fitting neb_eline_ca_nohe/M1_210210, seed 20260927
15:31:14 fit-0: running; 15:26:58 fitting neb_eline_ca_nohe/M1_210210, seed 20260927
15:31:23 fit-0: running; 15:26:58 fitting neb_eline_ca_nohe/M1_210210, seed 20260927
15:31:33 fit-0: running; 15:26:58 fitting neb_eline_ca_nohe/M1_210210, seed 20260927
15:31:43 fit-0: running; 15:26:58 fitting neb_eline_ca_nohe/M1_210210, seed 20260927
15:31:51 fit-0: running; 15:26:58 fitting neb_eline_ca_nohe/M1_210210, seed 20260927
15:32:00 fit-0: running; 15:26:58 fitting neb_eline_ca_nohe/M1_210210, seed 20260927
15:32:09 fit-0: running; 15:26:58 fitting neb_eline_ca_nohe/M1_210210, seed 20260927
15:32:18 fit-0: running; 15:26:58 fitting neb_eline_ca_nohe/M1_210210, seed 20260927
15:32:27 fit-0: running; 15:26:58 fitting neb_eline_ca_nohe/M1_210210, seed 20260927
15:32:36 fit-0: running; 15:26:58 fitting neb_eline_ca_nohe/M1_210210, seed 20260927
15:32:44 fit-0: running; 15:26:58 fitting neb_eline_ca_nohe/M1_210210, seed 20260927
15:32:53 fit-0: running; 15:26:58 fitting neb_eline_ca_nohe/M1_210210, seed 20260927
15:33:03 fit-0: running; 15:26:58 fitting neb_eline_ca_nohe/M1_210210, seed 20260927
15:33:11 fit-0: running; 15:26:58 fitting neb_eline_ca_nohe/M1_210210, seed 20260927
15:33:20 fit-0: running; 15:26:58 fitting neb_eline_ca_nohe/M1_210210, seed 20260927
15:33:29 fit-0: running; 15:26:58 fitting neb_eline_ca_nohe/M1_210210, seed 20260927
15:33:40 fit-0: running; 15:26:58 fitting neb_eline_ca_nohe/M1_210210, seed 20260927
15:33:49 fit-0: running; 15:26:58 fitting neb_eline_ca_nohe/M1_210210, seed 20260927
15:33:58 fit-0: running; 15:26:58 fitting neb_eline_ca_nohe/M1_210210, seed 20260927
15:34:06 fit-0: running; 15:26:58 fitting neb_eline_ca_nohe/M1_210210, seed 20260927
15:34:15 fit-0: running; 15:26:58 fitting neb_eline_ca_nohe/M1_210210, seed 20260927
15:34:23 fit-0: running; 15:26:58 fitting neb_eline_ca_nohe/M1_210210, seed 20260927
15:34:32 fit-0: running; 15:26:58 fitting neb_eline_ca_nohe/M1_210210, seed 20260927
15:34:40 fit-0: running; 15:26:58 fitting neb_eline_ca_nohe/M1_210210, seed 20260927
15:34:49 fit-0: running; 15:26:58 fitting neb_eline_ca_nohe/M1_210210, seed 20260927
15:34:58 fit-0: running; 15:26:58 fitting neb_eline_ca_nohe/M1_210210, seed 20260927
15:35:06 fit-0: running; 15:26:58 fitting neb_eline_ca_nohe/M1_210210, seed 20260927
15:35:15 fit-0: running; 15:26:58 fitting neb_eline_ca_nohe/M1_210210, seed 20260927
15:35:23 fit-0: running; 15:26:58 fitting neb_eline_ca_nohe/M1_210210, seed 20260927
15:35:32 fit-0: running; 15:26:58 fitting neb_eline_ca_nohe/M1_210210, seed 20260927
15:35:40 fit-0: running; 15:26:58 fitting neb_eline_ca_nohe/M1_210210, seed 20260927
15:35:49 fit-0: running; 15:26:58 fitting neb_eline_ca_nohe/M1_210210, seed 20260927
15:35:58 fit-0: running; 15:26:58 fitting neb_eline_ca_nohe/M1_210210, seed 20260927
15:36:06 fit-0: running; 15:26:58 fitting neb_eline_ca_nohe/M1_210210, seed 20260927
15:36:15 fit-0: running; 15:26:58 fitting neb_eline_ca_nohe/M1_210210, seed 20260927
15:36:24 fit-0: running; 15:26:58 fitting neb_eline_ca_nohe/M1_210210, seed 20260927
15:36:32 fit-0: running; 15:26:58 fitting neb_eline_ca_nohe/M1_210210, seed 20260927
15:36:41 fit-0: running; 15:26:58 fitting neb_eline_ca_nohe/M1_210210, seed 20260927
15:36:49 fit-0: running; 15:26:58 fitting neb_eline_ca_nohe/M1_210210, seed 20260927
15:36:58 fit-0: running; 15:26:58 fitting neb_eline_ca_nohe/M1_210210, seed 20260927
15:37:06 fit-0: running; 15:26:58 fitting neb_eline_ca_nohe/M1_210210, seed 20260927
15:37:15 fit-0: running; 15:26:58 fitting neb_eline_ca_nohe/M1_210210, seed 20260927
15:37:23 fit-0: running; 15:26:58 fitting neb_eline_ca_nohe/M1_210210, seed 20260927
15:37:32 fit-0: running; 15:26:58 fitting neb_eline_ca_nohe/M1_210210, seed 20260927
15:37:41 fit-0: 0; 15:26:58 fitting neb_eline_ca_nohe/M1_210210, seed 20260927
15:38:10 destroyed instance 53545621
15:39:13 local figures rebuilt for neb_eline_ca_nohe/M1_210210
runner exit 0
