12:56:00 committed source db75ee2ed959; output results/speedup-free-2026-09-30/run
12:56:04 renting RTX 5090, host 662751, $0.483/h; estimate $0.273
12:56:04 ranking: host record, then USD per fit; estimates use 0.5 hours plus 8 GB download; 49005869 good bid $0.483/h, $0.241/fit, $0.273 total; 46699713 unknown bid $0.355/h, $0.178/fit, $0.198 total; 49023406 unknown bid $0.360/h, $0.180/fit, $0.201 total; 46295486 unknown bid $0.391/h, $0.196/fit, $0.217 total; 53483881 unknown bid $0.415/h, $0.208/fit, $0.228 total; 45508898 unknown bid $0.415/h, $0.208/fit, $0.239 total; 53039899 unknown bid $0.424/h, $0.212/fit, $0.233 total; 48751162 unknown bid $0.482/h, $0.241/fit, $0.242 total; 49472718 unknown on-demand $0.543/h, $0.271/fit, $0.292 total; 52003771 unknown bid $0.559/h, $0.280/fit, $0.280 total; 53483881 unknown on-demand 
12:56:06 instance 53528334: (None, None)
12:56:38 instance 53528334: ('running', 'success, running ghcr.io/potatoist314/ceridwen-gpu_sha256_e1c8846c0f06db1793ad788d46fcc99493cd9d5419aca4eecacce5fc30315c34/ssh')
12:56:42 SSH not ready: root@15.204.86.122: Permission denied (publickey).
12:57:03 uploading pinned source, inputs and cached grid
13:00:45 bootstrap: running; dpy-jax==0.1.1 (from file:///workspace/cosmic-chronometers-jwst/external/sedpy_jax)
Using Python 3.11.16 environment at: .venv-ceridwen-gpu
Checked 154 packages in 1ms
All installed packages are compatible
ceridwen: combined static smoother installed
JAX 0.10.2: [CudaDevice(id=0)]; float64 verified
13:01:08 bootstrap: 0; d
Installed kernelspec ceridwen in /root/.local/share/jupyter/kernels/ceridwen
Selected fit inputs verified
LEGA-C inputs and schema-2.1 HR SSP grid verified: /workspace/cosmic-chronometers-jwst/grid/f6af03d813569f5982891d969f030d9345278a60de907b90b2a910d56af32a16.h5
Ceridwen GPU environment ready.
13:01:53 arm-carry: running; is not a recognized function If this is meant to be a custom unit, define it with 'u.def_unit'. To have it recognized inside a file reader or other code, enable it with 'u.add_enabled_units'. For details, see https://docs.astropy.org/en/latest/units/combining_and_defining.html [astropy.units.core]
13:02:17 arm-carry: running; file reader or other code, enable it with 'u.add_enabled_units'. For details, see https://docs.astropy.org/en/latest/units/combining_and_defining.html [astropy.units.core]
[ceridwen] fetching grid 'amist_c3k_hr_krou_afe' (~612 MB) -> /workspace/cosmic-chronometers-jwst/grid/amist_c3k_hr_krou_afe.h5
13:02:40 arm-carry: running; file reader or other code, enable it with 'u.add_enabled_units'. For details, see https://docs.astropy.org/en/latest/units/combining_and_defining.html [astropy.units.core]
[ceridwen] fetching grid 'amist_c3k_hr_krou_afe' (~612 MB) -> /workspace/cosmic-chronometers-jwst/grid/amist_c3k_hr_krou_afe.h5
13:03:04 arm-carry: running; file reader or other code, enable it with 'u.add_enabled_units'. For details, see https://docs.astropy.org/en/latest/units/combining_and_defining.html [astropy.units.core]
[ceridwen] fetching grid 'amist_c3k_hr_krou_afe' (~612 MB) -> /workspace/cosmic-chronometers-jwst/grid/amist_c3k_hr_krou_afe.h5
13:03:27 arm-carry: running; file reader or other code, enable it with 'u.add_enabled_units'. For details, see https://docs.astropy.org/en/latest/units/combining_and_defining.html [astropy.units.core]
[ceridwen] fetching grid 'amist_c3k_hr_krou_afe' (~612 MB) -> /workspace/cosmic-chronometers-jwst/grid/amist_c3k_hr_krou_afe.h5
13:03:51 arm-carry: running; file reader or other code, enable it with 'u.add_enabled_units'. For details, see https://docs.astropy.org/en/latest/units/combining_and_defining.html [astropy.units.core]
[ceridwen] fetching grid 'amist_c3k_hr_krou_afe' (~612 MB) -> /workspace/cosmic-chronometers-jwst/grid/amist_c3k_hr_krou_afe.h5
13:04:15 arm-carry: running; file reader or other code, enable it with 'u.add_enabled_units'. For details, see https://docs.astropy.org/en/latest/units/combining_and_defining.html [astropy.units.core]
[ceridwen] fetching grid 'amist_c3k_hr_krou_afe' (~612 MB) -> /workspace/cosmic-chronometers-jwst/grid/amist_c3k_hr_krou_afe.h5
13:04:39 arm-carry: running; file reader or other code, enable it with 'u.add_enabled_units'. For details, see https://docs.astropy.org/en/latest/units/combining_and_defining.html [astropy.units.core]
[ceridwen] fetching grid 'amist_c3k_hr_krou_afe' (~612 MB) -> /workspace/cosmic-chronometers-jwst/grid/amist_c3k_hr_krou_afe.h5
13:05:03 arm-carry: running; file reader or other code, enable it with 'u.add_enabled_units'. For details, see https://docs.astropy.org/en/latest/units/combining_and_defining.html [astropy.units.core]
[ceridwen] fetching grid 'amist_c3k_hr_krou_afe' (~612 MB) -> /workspace/cosmic-chronometers-jwst/grid/amist_c3k_hr_krou_afe.h5
13:05:26 arm-carry: running; file reader or other code, enable it with 'u.add_enabled_units'. For details, see https://docs.astropy.org/en/latest/units/combining_and_defining.html [astropy.units.core]
[ceridwen] fetching grid 'amist_c3k_hr_krou_afe' (~612 MB) -> /workspace/cosmic-chronometers-jwst/grid/amist_c3k_hr_krou_afe.h5
13:05:50 arm-carry: running; file reader or other code, enable it with 'u.add_enabled_units'. For details, see https://docs.astropy.org/en/latest/units/combining_and_defining.html [astropy.units.core]
[ceridwen] fetching grid 'amist_c3k_hr_krou_afe' (~612 MB) -> /workspace/cosmic-chronometers-jwst/grid/amist_c3k_hr_krou_afe.h5
13:06:13 arm-carry: running; file reader or other code, enable it with 'u.add_enabled_units'. For details, see https://docs.astropy.org/en/latest/units/combining_and_defining.html [astropy.units.core]
[ceridwen] fetching grid 'amist_c3k_hr_krou_afe' (~612 MB) -> /workspace/cosmic-chronometers-jwst/grid/amist_c3k_hr_krou_afe.h5
13:06:36 arm-carry: running; file reader or other code, enable it with 'u.add_enabled_units'. For details, see https://docs.astropy.org/en/latest/units/combining_and_defining.html [astropy.units.core]
[ceridwen] fetching grid 'amist_c3k_hr_krou_afe' (~612 MB) -> /workspace/cosmic-chronometers-jwst/grid/amist_c3k_hr_krou_afe.h5
13:07:00 arm-carry: running; file reader or other code, enable it with 'u.add_enabled_units'. For details, see https://docs.astropy.org/en/latest/units/combining_and_defining.html [astropy.units.core]
[ceridwen] fetching grid 'amist_c3k_hr_krou_afe' (~612 MB) -> /workspace/cosmic-chronometers-jwst/grid/amist_c3k_hr_krou_afe.h5
13:07:23 arm-carry: running; file reader or other code, enable it with 'u.add_enabled_units'. For details, see https://docs.astropy.org/en/latest/units/combining_and_defining.html [astropy.units.core]
[ceridwen] fetching grid 'amist_c3k_hr_krou_afe' (~612 MB) -> /workspace/cosmic-chronometers-jwst/grid/amist_c3k_hr_krou_afe.h5
13:07:46 arm-carry: running; file reader or other code, enable it with 'u.add_enabled_units'. For details, see https://docs.astropy.org/en/latest/units/combining_and_defining.html [astropy.units.core]
[ceridwen] fetching grid 'amist_c3k_hr_krou_afe' (~612 MB) -> /workspace/cosmic-chronometers-jwst/grid/amist_c3k_hr_krou_afe.h5
13:08:10 arm-carry: running; file reader or other code, enable it with 'u.add_enabled_units'. For details, see https://docs.astropy.org/en/latest/units/combining_and_defining.html [astropy.units.core]
[ceridwen] fetching grid 'amist_c3k_hr_krou_afe' (~612 MB) -> /workspace/cosmic-chronometers-jwst/grid/amist_c3k_hr_krou_afe.h5
13:08:34 arm-carry: running; file reader or other code, enable it with 'u.add_enabled_units'. For details, see https://docs.astropy.org/en/latest/units/combining_and_defining.html [astropy.units.core]
[ceridwen] fetching grid 'amist_c3k_hr_krou_afe' (~612 MB) -> /workspace/cosmic-chronometers-jwst/grid/amist_c3k_hr_krou_afe.h5
13:08:57 arm-carry: running; file reader or other code, enable it with 'u.add_enabled_units'. For details, see https://docs.astropy.org/en/latest/units/combining_and_defining.html [astropy.units.core]
[ceridwen] fetching grid 'amist_c3k_hr_krou_afe' (~612 MB) -> /workspace/cosmic-chronometers-jwst/grid/amist_c3k_hr_krou_afe.h5
13:09:20 arm-carry: running; file reader or other code, enable it with 'u.add_enabled_units'. For details, see https://docs.astropy.org/en/latest/units/combining_and_defining.html [astropy.units.core]
[ceridwen] fetching grid 'amist_c3k_hr_krou_afe' (~612 MB) -> /workspace/cosmic-chronometers-jwst/grid/amist_c3k_hr_krou_afe.h5
13:09:44 arm-carry: running; file reader or other code, enable it with 'u.add_enabled_units'. For details, see https://docs.astropy.org/en/latest/units/combining_and_defining.html [astropy.units.core]
[ceridwen] fetching grid 'amist_c3k_hr_krou_afe' (~612 MB) -> /workspace/cosmic-chronometers-jwst/grid/amist_c3k_hr_krou_afe.h5
13:10:07 arm-carry: running; file reader or other code, enable it with 'u.add_enabled_units'. For details, see https://docs.astropy.org/en/latest/units/combining_and_defining.html [astropy.units.core]
[ceridwen] fetching grid 'amist_c3k_hr_krou_afe' (~612 MB) -> /workspace/cosmic-chronometers-jwst/grid/amist_c3k_hr_krou_afe.h5
13:10:31 arm-carry: running; file reader or other code, enable it with 'u.add_enabled_units'. For details, see https://docs.astropy.org/en/latest/units/combining_and_defining.html [astropy.units.core]
[ceridwen] fetching grid 'amist_c3k_hr_krou_afe' (~612 MB) -> /workspace/cosmic-chronometers-jwst/grid/amist_c3k_hr_krou_afe.h5
13:10:54 arm-carry: 0; e, "log_evidence": 231475.98961375526, "sampler_logZ": 231475.92914720293, "n_dead": 27000, "n_likelihood_calls": 8441104, "iterations": 265, "sampling_wall_s": 253.17284283507615, "first_iteration_s": 10.016995623707771, "later_iterations_s": 242.81011609220877, "script_wall_s": 536.3128228397109}
13:11:07 arm-lanes: running; is not a recognized function If this is meant to be a custom unit, define it with 'u.def_unit'. To have it recognized inside a file reader or other code, enable it with 'u.add_enabled_units'. For details, see https://docs.astropy.org/en/latest/units/combining_and_defining.html [astropy.units.core]
13:11:30 arm-lanes: running; is not a recognized function If this is meant to be a custom unit, define it with 'u.def_unit'. To have it recognized inside a file reader or other code, enable it with 'u.add_enabled_units'. For details, see https://docs.astropy.org/en/latest/units/combining_and_defining.html [astropy.units.core]
13:11:54 arm-lanes: running; is not a recognized function If this is meant to be a custom unit, define it with 'u.def_unit'. To have it recognized inside a file reader or other code, enable it with 'u.add_enabled_units'. For details, see https://docs.astropy.org/en/latest/units/combining_and_defining.html [astropy.units.core]
13:12:17 arm-lanes: running; is not a recognized function If this is meant to be a custom unit, define it with 'u.def_unit'. To have it recognized inside a file reader or other code, enable it with 'u.add_enabled_units'. For details, see https://docs.astropy.org/en/latest/units/combining_and_defining.html [astropy.units.core]
13:12:40 arm-lanes: running; is not a recognized function If this is meant to be a custom unit, define it with 'u.def_unit'. To have it recognized inside a file reader or other code, enable it with 'u.add_enabled_units'. For details, see https://docs.astropy.org/en/latest/units/combining_and_defining.html [astropy.units.core]
13:13:04 arm-lanes: running; is not a recognized function If this is meant to be a custom unit, define it with 'u.def_unit'. To have it recognized inside a file reader or other code, enable it with 'u.add_enabled_units'. For details, see https://docs.astropy.org/en/latest/units/combining_and_defining.html [astropy.units.core]
13:13:27 arm-lanes: 0; e, "log_evidence": 231475.88983920688, "sampler_logZ": 231475.82946685064, "n_dead": 27100, "n_likelihood_calls": 8450649, "iterations": 266, "sampling_wall_s": 108.6742476071231, "first_iteration_s": 5.6912014707922935, "later_iterations_s": 102.68108502496034, "script_wall_s": 132.57764181029052}
13:13:40 arm-dust: running; is not a recognized function If this is meant to be a custom unit, define it with 'u.def_unit'. To have it recognized inside a file reader or other code, enable it with 'u.add_enabled_units'. For details, see https://docs.astropy.org/en/latest/units/combining_and_defining.html [astropy.units.core]
13:14:04 arm-dust: running; is not a recognized function If this is meant to be a custom unit, define it with 'u.def_unit'. To have it recognized inside a file reader or other code, enable it with 'u.add_enabled_units'. For details, see https://docs.astropy.org/en/latest/units/combining_and_defining.html [astropy.units.core]
13:14:28 arm-dust: running; is not a recognized function If this is meant to be a custom unit, define it with 'u.def_unit'. To have it recognized inside a file reader or other code, enable it with 'u.add_enabled_units'. For details, see https://docs.astropy.org/en/latest/units/combining_and_defining.html [astropy.units.core]
13:14:51 arm-dust: running; is not a recognized function If this is meant to be a custom unit, define it with 'u.def_unit'. To have it recognized inside a file reader or other code, enable it with 'u.add_enabled_units'. For details, see https://docs.astropy.org/en/latest/units/combining_and_defining.html [astropy.units.core]
13:15:15 arm-dust: running; is not a recognized function If this is meant to be a custom unit, define it with 'u.def_unit'. To have it recognized inside a file reader or other code, enable it with 'u.add_enabled_units'. For details, see https://docs.astropy.org/en/latest/units/combining_and_defining.html [astropy.units.core]
13:15:38 arm-dust: running; is not a recognized function If this is meant to be a custom unit, define it with 'u.def_unit'. To have it recognized inside a file reader or other code, enable it with 'u.add_enabled_units'. For details, see https://docs.astropy.org/en/latest/units/combining_and_defining.html [astropy.units.core]
13:16:02 arm-dust: running; is not a recognized function If this is meant to be a custom unit, define it with 'u.def_unit'. To have it recognized inside a file reader or other code, enable it with 'u.add_enabled_units'. For details, see https://docs.astropy.org/en/latest/units/combining_and_defining.html [astropy.units.core]
13:16:25 arm-dust: running; is not a recognized function If this is meant to be a custom unit, define it with 'u.def_unit'. To have it recognized inside a file reader or other code, enable it with 'u.add_enabled_units'. For details, see https://docs.astropy.org/en/latest/units/combining_and_defining.html [astropy.units.core]
13:16:49 arm-dust: running; is not a recognized function If this is meant to be a custom unit, define it with 'u.def_unit'. To have it recognized inside a file reader or other code, enable it with 'u.add_enabled_units'. For details, see https://docs.astropy.org/en/latest/units/combining_and_defining.html [astropy.units.core]
13:17:12 arm-dust: running; is not a recognized function If this is meant to be a custom unit, define it with 'u.def_unit'. To have it recognized inside a file reader or other code, enable it with 'u.add_enabled_units'. For details, see https://docs.astropy.org/en/latest/units/combining_and_defining.html [astropy.units.core]
13:17:36 arm-dust: running; is not a recognized function If this is meant to be a custom unit, define it with 'u.def_unit'. To have it recognized inside a file reader or other code, enable it with 'u.add_enabled_units'. For details, see https://docs.astropy.org/en/latest/units/combining_and_defining.html [astropy.units.core]
13:17:59 arm-dust: running; is not a recognized function If this is meant to be a custom unit, define it with 'u.def_unit'. To have it recognized inside a file reader or other code, enable it with 'u.add_enabled_units'. For details, see https://docs.astropy.org/en/latest/units/combining_and_defining.html [astropy.units.core]
13:18:23 arm-dust: 0; e, "log_evidence": 231475.98961375526, "sampler_logZ": 231475.92914720293, "n_dead": 27000, "n_likelihood_calls": 8441104, "iterations": 265, "sampling_wall_s": 255.29793290887028, "first_iteration_s": 10.010595666244626, "later_iterations_s": 244.96452512498945, "script_wall_s": 278.8992251888849}
13:18:36 arm-pad: running; is not a recognized function If this is meant to be a custom unit, define it with 'u.def_unit'. To have it recognized inside a file reader or other code, enable it with 'u.add_enabled_units'. For details, see https://docs.astropy.org/en/latest/units/combining_and_defining.html [astropy.units.core]
13:18:59 arm-pad: running; is not a recognized function If this is meant to be a custom unit, define it with 'u.def_unit'. To have it recognized inside a file reader or other code, enable it with 'u.add_enabled_units'. For details, see https://docs.astropy.org/en/latest/units/combining_and_defining.html [astropy.units.core]
13:19:22 arm-pad: running; is not a recognized function If this is meant to be a custom unit, define it with 'u.def_unit'. To have it recognized inside a file reader or other code, enable it with 'u.add_enabled_units'. For details, see https://docs.astropy.org/en/latest/units/combining_and_defining.html [astropy.units.core]
13:19:46 arm-pad: running; is not a recognized function If this is meant to be a custom unit, define it with 'u.def_unit'. To have it recognized inside a file reader or other code, enable it with 'u.add_enabled_units'. For details, see https://docs.astropy.org/en/latest/units/combining_and_defining.html [astropy.units.core]
13:20:10 arm-pad: running; is not a recognized function If this is meant to be a custom unit, define it with 'u.def_unit'. To have it recognized inside a file reader or other code, enable it with 'u.add_enabled_units'. For details, see https://docs.astropy.org/en/latest/units/combining_and_defining.html [astropy.units.core]
13:20:33 arm-pad: running; is not a recognized function If this is meant to be a custom unit, define it with 'u.def_unit'. To have it recognized inside a file reader or other code, enable it with 'u.add_enabled_units'. For details, see https://docs.astropy.org/en/latest/units/combining_and_defining.html [astropy.units.core]
13:20:57 arm-pad: running; is not a recognized function If this is meant to be a custom unit, define it with 'u.def_unit'. To have it recognized inside a file reader or other code, enable it with 'u.add_enabled_units'. For details, see https://docs.astropy.org/en/latest/units/combining_and_defining.html [astropy.units.core]
13:21:20 arm-pad: running; is not a recognized function If this is meant to be a custom unit, define it with 'u.def_unit'. To have it recognized inside a file reader or other code, enable it with 'u.add_enabled_units'. For details, see https://docs.astropy.org/en/latest/units/combining_and_defining.html [astropy.units.core]
13:21:44 arm-pad: running; is not a recognized function If this is meant to be a custom unit, define it with 'u.def_unit'. To have it recognized inside a file reader or other code, enable it with 'u.add_enabled_units'. For details, see https://docs.astropy.org/en/latest/units/combining_and_defining.html [astropy.units.core]
13:22:07 arm-pad: running; is not a recognized function If this is meant to be a custom unit, define it with 'u.def_unit'. To have it recognized inside a file reader or other code, enable it with 'u.add_enabled_units'. For details, see https://docs.astropy.org/en/latest/units/combining_and_defining.html [astropy.units.core]
13:22:31 arm-pad: running; is not a recognized function If this is meant to be a custom unit, define it with 'u.def_unit'. To have it recognized inside a file reader or other code, enable it with 'u.add_enabled_units'. For details, see https://docs.astropy.org/en/latest/units/combining_and_defining.html [astropy.units.core]
13:22:55 arm-pad: running; is not a recognized function If this is meant to be a custom unit, define it with 'u.def_unit'. To have it recognized inside a file reader or other code, enable it with 'u.add_enabled_units'. For details, see https://docs.astropy.org/en/latest/units/combining_and_defining.html [astropy.units.core]
13:23:18 arm-pad: 0; rue, "log_evidence": 231475.9896137546, "sampler_logZ": 231475.92914720232, "n_dead": 27000, "n_likelihood_calls": 8441104, "iterations": 265, "sampling_wall_s": 240.40441063325852, "first_iteration_s": 9.996380261145532, "later_iterations_s": 230.06398385576904, "script_wall_s": 264.6960355238989}
13:23:31 arm-all: running; is not a recognized function If this is meant to be a custom unit, define it with 'u.def_unit'. To have it recognized inside a file reader or other code, enable it with 'u.add_enabled_units'. For details, see https://docs.astropy.org/en/latest/units/combining_and_defining.html [astropy.units.core]
13:23:54 arm-all: running; is not a recognized function If this is meant to be a custom unit, define it with 'u.def_unit'. To have it recognized inside a file reader or other code, enable it with 'u.add_enabled_units'. For details, see https://docs.astropy.org/en/latest/units/combining_and_defining.html [astropy.units.core]
13:24:18 arm-all: running; is not a recognized function If this is meant to be a custom unit, define it with 'u.def_unit'. To have it recognized inside a file reader or other code, enable it with 'u.add_enabled_units'. For details, see https://docs.astropy.org/en/latest/units/combining_and_defining.html [astropy.units.core]
13:24:42 arm-all: running; is not a recognized function If this is meant to be a custom unit, define it with 'u.def_unit'. To have it recognized inside a file reader or other code, enable it with 'u.add_enabled_units'. For details, see https://docs.astropy.org/en/latest/units/combining_and_defining.html [astropy.units.core]
13:25:05 arm-all: running; is not a recognized function If this is meant to be a custom unit, define it with 'u.def_unit'. To have it recognized inside a file reader or other code, enable it with 'u.add_enabled_units'. For details, see https://docs.astropy.org/en/latest/units/combining_and_defining.html [astropy.units.core]
13:25:29 arm-all: running; is not a recognized function If this is meant to be a custom unit, define it with 'u.def_unit'. To have it recognized inside a file reader or other code, enable it with 'u.add_enabled_units'. For details, see https://docs.astropy.org/en/latest/units/combining_and_defining.html [astropy.units.core]
13:25:52 arm-all: 0; rue, "log_evidence": 231475.88983920688, "sampler_logZ": 231475.82946685064, "n_dead": 27100, "n_likelihood_calls": 8450649, "iterations": 266, "sampling_wall_s": 104.50464905286208, "first_iteration_s": 5.625191238243133, "later_iterations_s": 98.55623303866014, "script_wall_s": 128.7953618094325}
13:26:06 compare: 0; kelihood_bitwise": false, "loglikelihood_max_abs_diff": 4.144239937886596e-06, "loglikelihood_max_rel_diff": 1.7899657091281697e-11, "log_weights_max_abs_diff": 4.144239937886596e-06, "posterior_max_mean_shift_sigma": 1.9494084375309844e-09, "posterior_max_std_rel_change": 1.4769113709789394e-09}}}
13:26:22 arm-carry2: running; is not a recognized function If this is meant to be a custom unit, define it with 'u.def_unit'. To have it recognized inside a file reader or other code, enable it with 'u.add_enabled_units'. For details, see https://docs.astropy.org/en/latest/units/combining_and_defining.html [astropy.units.core]
13:26:46 arm-carry2: running; is not a recognized function If this is meant to be a custom unit, define it with 'u.def_unit'. To have it recognized inside a file reader or other code, enable it with 'u.add_enabled_units'. For details, see https://docs.astropy.org/en/latest/units/combining_and_defining.html [astropy.units.core]
13:27:09 arm-carry2: running; is not a recognized function If this is meant to be a custom unit, define it with 'u.def_unit'. To have it recognized inside a file reader or other code, enable it with 'u.add_enabled_units'. For details, see https://docs.astropy.org/en/latest/units/combining_and_defining.html [astropy.units.core]
13:27:33 arm-carry2: running; is not a recognized function If this is meant to be a custom unit, define it with 'u.def_unit'. To have it recognized inside a file reader or other code, enable it with 'u.add_enabled_units'. For details, see https://docs.astropy.org/en/latest/units/combining_and_defining.html [astropy.units.core]
13:27:56 arm-carry2: running; is not a recognized function If this is meant to be a custom unit, define it with 'u.def_unit'. To have it recognized inside a file reader or other code, enable it with 'u.add_enabled_units'. For details, see https://docs.astropy.org/en/latest/units/combining_and_defining.html [astropy.units.core]
13:28:20 arm-carry2: running; is not a recognized function If this is meant to be a custom unit, define it with 'u.def_unit'. To have it recognized inside a file reader or other code, enable it with 'u.add_enabled_units'. For details, see https://docs.astropy.org/en/latest/units/combining_and_defining.html [astropy.units.core]
13:28:43 arm-carry2: running; is not a recognized function If this is meant to be a custom unit, define it with 'u.def_unit'. To have it recognized inside a file reader or other code, enable it with 'u.add_enabled_units'. For details, see https://docs.astropy.org/en/latest/units/combining_and_defining.html [astropy.units.core]
13:29:07 arm-carry2: running; is not a recognized function If this is meant to be a custom unit, define it with 'u.def_unit'. To have it recognized inside a file reader or other code, enable it with 'u.add_enabled_units'. For details, see https://docs.astropy.org/en/latest/units/combining_and_defining.html [astropy.units.core]
13:29:31 arm-carry2: running; is not a recognized function If this is meant to be a custom unit, define it with 'u.def_unit'. To have it recognized inside a file reader or other code, enable it with 'u.add_enabled_units'. For details, see https://docs.astropy.org/en/latest/units/combining_and_defining.html [astropy.units.core]
13:29:54 arm-carry2: running; is not a recognized function If this is meant to be a custom unit, define it with 'u.def_unit'. To have it recognized inside a file reader or other code, enable it with 'u.add_enabled_units'. For details, see https://docs.astropy.org/en/latest/units/combining_and_defining.html [astropy.units.core]
13:30:18 arm-carry2: running; is not a recognized function If this is meant to be a custom unit, define it with 'u.def_unit'. To have it recognized inside a file reader or other code, enable it with 'u.add_enabled_units'. For details, see https://docs.astropy.org/en/latest/units/combining_and_defining.html [astropy.units.core]
13:30:43 arm-carry2: running; is not a recognized function If this is meant to be a custom unit, define it with 'u.def_unit'. To have it recognized inside a file reader or other code, enable it with 'u.add_enabled_units'. For details, see https://docs.astropy.org/en/latest/units/combining_and_defining.html [astropy.units.core]
13:31:07 arm-carry2: 0; e, "log_evidence": 231475.98961375526, "sampler_logZ": 231475.92914720293, "n_dead": 27000, "n_likelihood_calls": 8441104, "iterations": 265, "sampling_wall_s": 253.16215449664742, "first_iteration_s": 10.121312722098082, "later_iterations_s": 242.69743277551606, "script_wall_s": 277.1056930720806}
13:31:20 compare2: 0; kelihood_bitwise": false, "loglikelihood_max_abs_diff": 4.144239937886596e-06, "loglikelihood_max_rel_diff": 1.7899657091281697e-11, "log_weights_max_abs_diff": 4.144239937886596e-06, "posterior_max_mean_shift_sigma": 1.9494084375309844e-09, "posterior_max_std_rel_change": 1.4769113709789394e-09}}}
13:32:54 destroyed instance 53528334
