Wed Sep 30 23:00:20 2026       
+-----------------------------------------------------------------------------------------+
| NVIDIA-SMI 580.142                Driver Version: 580.142        CUDA Version: 13.0     |
+-----------------------------------------+------------------------+----------------------+
| GPU  Name                 Persistence-M | Bus-Id          Disp.A | Volatile Uncorr. ECC |
| Fan  Temp   Perf          Pwr:Usage/Cap |           Memory-Usage | GPU-Util  Compute M. |
|                                         |                        |               MIG M. |
|=========================================+========================+======================|
|   0  NVIDIA GeForce RTX 3090        On  |   00000000:02:00.0 Off |                  N/A |
| 45%   49C    P5             55W /  250W |       1MiB /  24576MiB |      0%      Default |
|                                         |                        |                  N/A |
+-----------------------------------------+------------------------+----------------------+

+-----------------------------------------------------------------------------------------+
| Processes:                                                                              |
|  GPU   GI   CI              PID   Type   Process name                        GPU Memory |
|        ID   ID                                                               Usage      |
|=========================================================================================|
|  No running processes found                                                             |
+-----------------------------------------------------------------------------------------+
88
               total        used        free      shared  buff/cache   available
Mem:             247          22          95           0         132         225
Swap:              7           0           7
name, compute_mode, memory.total [MiB], clocks.max.sm [MHz], power.limit [W]
NVIDIA GeForce RTX 3090, Default, 24576 MiB, 2100 MHz, 250.00 W
model name	: Intel(R) Xeon(R) CPU E5-2699 v4 @ 2.20GHz
