total 1192516
drwxr-xr-x 2 root root      4096 Sep 24 16:18 .
drwxr-xr-x 1 root root        34 Sep 30 22:50 ..
-rw-r--r-- 1 root root    133336 Sep 24 16:18 libcudnn.so.9
-rw-r--r-- 1 root root 274846904 Sep 24 16:18 libcudnn_adv.so.9
-rw-r--r-- 1 root root   4203880 Sep 24 16:18 libcudnn_cnn.so.9
-rw-r--r-- 1 root root 591421792 Sep 24 16:18 libcudnn_engines_precompiled.so.9
-rw-r--r-- 1 root root  41975288 Sep 24 16:18 libcudnn_engines_runtime_compiled.so.9
-rw-r--r-- 1 root root   2099128 Sep 24 16:18 libcudnn_engines_tensor_ir.so.9
-rw-r--r-- 1 root root   8401752 Sep 24 16:18 libcudnn_ext.so.9
-rw-r--r-- 1 root root 115559344 Sep 24 16:18 libcudnn_graph.so.9
-rw-r--r-- 1 root root  75502360 Sep 24 16:18 libcudnn_heuristic.so.9
-rw-r--r-- 1 root root 106964664 Sep 24 16:18 libcudnn_ops.so.9
total 112984
drwxr-xr-x 2 root root        54 Sep 30 22:50 .
drwxr-xr-x 1 root root        34 Sep 30 22:50 ..
-rw-r--r-- 1 root root    133336 Sep 24 16:18 libcudnn.so.9
-rw-r--r-- 1 root root 115559344 Sep 24 16:18 libcudnn_graph.so.9
111M	/workspace/cosmic-chronometers-jwst/.venv-ceridwen-gpu/lib/python3.11/site-packages/nvidia/cudnn/lib
1.1G	/workspace/cosmic-chronometers-jwst/.venv-ceridwen-gpu/lib/python3.11/site-packages/nvidia/cudnn/lib.extra
