[IPKernelApp] WARNING | Kernel is running over TCP without encryption. All communication (including code and outputs) is sent in plain text and is susceptible to eavesdropping. Use IPC transport or launch with kernel manager-provisioned CurveZMQ keys to enable transport encryption.
target: M1_210210
fit mode: full_spectrum
random seed: 20260905
JAX devices: [CudaDevice(id=0)]
result directory: /workspace/cosmic-chronometers-jwst/results/ceridwen-speedups/M1_210210-20260905-candidate
spectrum pixels: all
photometry source: cosmos_total
calibration polynomial: Chebyshev order 3, prior sigma 0.1, marginalised
SIMPLE  =                    T /Written by IDL:  Wed Jun 13 14:42:40 2018       BITPIX  =                    8 /                                                NAXIS   =                    0 /                                                EXTEND  =                    T /File contains extensions                        DATE    = '2018-06-13'         /                                                ORIGIN  = 'ESO     '           /European Southern Observatory                   TELESCOP= 'ESO-VLT-U3'         /ESO <TEL>                                       INSTRUME= 'VIMOS   '           /Instrument used                                 DISPELEM= 'HR_red  '           /                                                SPECSYS = 'TOPOCENT'           /                                                OBJECT  = 'M1_210210'          /                                                EXT_OBJ =                    T /                                                RA      =           150.148117 /UltraVISTA catalog R.A.                         DEC     =             2.517844 /UltraVISTA catalog Dec.                         EQUINOX =                 2000 /Standard FK5                                    RADECSYS= 'FK5     '           /                                                EXPTIME =              76799.7 /Total integration time per pixel (s)            TEXPTIME=              76799.7 /Total integration time in spectrum (s)          MJD-OBS =       57039.29724000 /                                                MJD-END =       57044.36441678 /                                                PROG_ID = '194.A-2005(B)'      /                                                OBID1   =              1163746 /Observation block ID                            OBID2   =              1163760 /Observation block ID                            OBID3   =              1163762 /Observation block ID                            OBID4   =              1163764 /Observation block ID                            OBID5   =              1163766 /Observation block ID                            OBID6   =              1163768 /Observation block ID                            OBID7   =              1163770 /Observation block ID                            OBID8   =              1163772 /Observation block ID                            OBID9   =              1163774 /Observation block ID                            OBID10  =              1163776 /Observation block ID                            OBID11  =              1163778 /Observation block ID                            OBID12  =              1163780 /Observation block ID                            OBID13  =              1163782 /Observation block ID                            OBID14  =              1163784 /Observation block ID                            OBID15  =              1163786 /Observation block ID                            M_EPOCH =                    T /                                                PROV1   = 'VIMOS.2015-01-17T07:08:01.534.fits' /                                PROV2   = 'VIMOS.2015-01-17T07:28:56.350.fits' /                                PROV3   = 'VIMOS.2015-01-17T07:49:52.333.fits' /                                PROV4   = 'VIMOS.2015-01-17T08:10:47.347.fits' /                                PROV5   = 'VIMOS.2015-01-18T04:03:48.110.fits' /                                PROV6   = 'VIMOS.2015-01-18T04:24:43.107.fits' /                                PROV7   = 'VIMOS.2015-01-18T04:45:38.102.fits' /                                PROV8   = 'VIMOS.2015-01-18T05:06:33.097.fits' /                                PROV9   = 'VIMOS.2015-01-18T05:46:47.348.fits' /                                PROV10  = 'VIMOS.2015-01-18T06:07:44.095.fits' /                                PROV11  = 'VIMOS.2015-01-18T06:28:39.140.fits' /                                PROV12  = 'VIMOS.2015-01-18T06:49:34.094.fits' /                                PROV13  = 'VIMOS.2015-01-18T07:22:50.164.fits' /                                PROV14  = 'VIMOS.2015-01-18T07:43:45.150.fits' /                                PROV15  = 'VIMOS.2015-01-18T08:04:40.777.fits' /                                PROV16  = 'VIMOS.2015-01-18T08:25:36.101.fits' /                                PROV17  = 'VIMOS.2015-01-19T03:48:11.074.fits' /                                PROV18  = 'VIMOS.2015-01-19T04:09:05.971.fits' /                                PROV19  = 'VIMOS.2015-01-19T04:30:00.966.fits' /                                PROV20  = 'VIMOS.2015-01-19T04:50:55.961.fits' /                                PROV21  = 'VIMOS.2015-01-19T05:29:06.425.fits' /                                PROV22  = 'VIMOS.2015-01-19T05:50:01.970.fits' /                                PROV23  = 'VIMOS.2015-01-19T06:10:56.975.fits' /                                PROV24  = 'VIMOS.2015-01-19T06:31:51.967.fits' /                                PROV25  = 'VIMOS.2015-01-19T07:12:45.500.fits' /                                PROV26  = 'VIMOS.2015-01-19T07:33:40.973.fits' /                                PROV27  = 'VIMOS.2015-01-19T07:54:35.978.fits' /                                PROV28  = 'VIMOS.2015-01-19T08:15:32.903.fits' /                                PROV29  = 'VIMOS.2015-01-19T08:36:27.968.fits' /                                PROV30  = 'VIMOS.2015-01-20T03:28:03.835.fits' /                                PROV31  = 'VIMOS.2015-01-20T03:48:58.930.fits' /                                PROV32  = 'VIMOS.2015-01-20T04:09:53.923.fits' /                                PROV33  = 'VIMOS.2015-01-20T04:30:48.932.fits' /                                PROV34  = 'VIMOS.2015-01-20T06:11:51.828.fits' /                                PROV35  = 'VIMOS.2015-01-20T06:32:47.014.fits' /                                PROV36  = 'VIMOS.2015-01-20T06:53:41.937.fits' /                                PROV37  = 'VIMOS.2015-01-20T07:14:37.601.fits' /                                PROV38  = 'VIMOS.2015-01-20T07:56:20.769.fits' /                                PROV39  = 'VIMOS.2015-01-20T08:21:44.043.fits' /                                PROV40  = 'VIMOS.2015-01-21T03:06:28.768.fits' /                                PROV41  = 'VIMOS.2015-01-21T03:27:23.854.fits' /                                PROV42  = 'VIMOS.2015-01-21T03:48:20.850.fits' /                                PROV43  = 'VIMOS.2015-01-21T04:09:15.832.fits' /                                PROV44  = 'VIMOS.2015-01-21T05:11:56.905.fits' /                                PROV45  = 'VIMOS.2015-01-21T05:32:51.841.fits' /                                PROV46  = 'VIMOS.2015-01-21T05:53:46.835.fits' /                                PROV47  = 'VIMOS.2015-01-21T06:14:41.838.fits' /                                PROV48  = 'VIMOS.2015-01-21T06:52:07.926.fits' /                                PROV49  = 'VIMOS.2015-01-21T07:13:02.841.fits' /                                PROV50  = 'VIMOS.2015-01-21T07:33:57.826.fits' /                                PROV51  = 'VIMOS.2015-01-21T07:54:52.821.fits' /                                PROV52  = 'VIMOS.2015-01-21T08:31:17.935.fits' /                                PROV53  = 'VIMOS.2015-01-22T03:58:03.408.fits' /                                PROV54  = 'VIMOS.2015-01-22T04:18:58.654.fits' /                                PROV55  = 'VIMOS.2015-01-22T04:39:53.650.fits' /                                PROV56  = 'VIMOS.2015-01-22T05:20:09.380.fits' /                                PROV57  = 'VIMOS.2015-01-22T05:41:03.647.fits' /                                PROV58  = 'VIMOS.2015-01-22T06:01:58.642.fits' /                                PROV59  = 'VIMOS.2015-01-22T06:22:53.687.fits' /                                PROV60  = 'VIMOS.2015-01-22T07:01:04.733.fits' /                                PROV61  = 'VIMOS.2015-01-22T07:21:59.759.fits' /                                PROV62  = 'VIMOS.2015-01-22T07:42:54.987.fits' /                                PROV63  = 'VIMOS.2015-01-22T08:03:49.652.fits' /                                PROV64  = 'VIMOS.2015-01-22T08:24:45.650.fits' /                                PRODCATG= 'SCIENCE.SPECTRUM'   /                                                PROCSOFT= 'Reflex 2.8, vimos 3.1.7' /                                           OBSTECH = 'MOS,NODDING'        /                                                FLUXCAL = 'ABSOLUTE'           /                                                CONTNORM=                    F /                                                WAVELMIN=              618.610 /                                                WAVELMAX=              890.050 /                                                SPEC_BIN=            0.0600000 /                                                TOT_FLUX=                    F /                                                FLUXERR =                  10.                                                  REFERENC= '2016ApJS..223...29V' /                                               SNR     =        62.2000000000 /                                                SPEC_RES=                 2500 /                                                NCOMBINE=                   64 /                                                DATASUM = '0       '           / data unit checksum updated 2018-06-13T13:04:33 CHECKSUM= 'UWUHaUUFVUUFaUUF'   / HDU checksum updated 2018-06-13T13:04:33       TUTYP3  = 'Spectrum.Data.FluxAxis.Accuracy.StatError'                           TUTYP4  = 'Spectrum.Data.FluxAxis.Quality'                                      END
M1_210210  z=0.6542
catalogue S/N=62.2
observed 4000-A coverage=True
fixed sigma*=259.5 km/s
instrument FWHM resolving power=2500
good spectral coverage: 6190-8633 angstrom
aperture-to-total offset: -0.343 mag
Photometry (photometry)
  n_filters     : 12
  ndof          : 12
  wave_eff range: 3813 – 44781 Å
  filters       : cfht_megacam_us_9301, subaru_suprimecam_B, subaru_suprimecam_V, subaru_suprimecam_rp, subaru_suprimecam_ip … (+7 more)
  masked filters: 0 / 12

  #    filter                           λ_eff [Å]      flux [mag]             σ      S/N   mask   UL
  --------------------------------------------------------------------------------------------------
  0    cfht_megacam_us_9301                3813.2      1.4826e-10    1.5481e-11     9.58   True    -
  1    subaru_suprimecam_B                 4427.2      3.8797e-10    2.3839e-11    16.27   True    -
  2    subaru_suprimecam_V                 5454.9      1.6106e-09    8.8094e-11    18.28   True    -
  3    subaru_suprimecam_rp                6249.0      3.5489e-09    1.8257e-10    19.44   True    -
  4    subaru_suprimecam_ip                7645.9      9.8023e-09    4.9326e-10    19.87   True    -
  5    subaru_suprimecam_zp                9010.8      1.5351e-08    7.6810e-10    19.99   True    -
  6    vista_vircam_Y                     10204.7      1.8944e-08    9.4768e-10    19.99   True    -
  7    vista_vircam_J                     12504.9      2.6482e-08    1.3249e-09    19.99   True    -
  8    vista_vircam_H                     16388.5      3.7862e-08    1.8943e-09    19.99   True    -
  9    vista_vircam_Ks                    21452.8      4.7727e-08    2.3871e-09    19.99   True    -
  10   spitzer_irac_ch1                   35378.5      4.0293e-08    2.0227e-09    19.92   True    -
  11   spitzer_irac_ch2                   44780.5      2.7723e-08    1.3893e-09    19.95   True    -
Spectrum (spectrum)
  ndata         : 6166
  ndof          : 3523
  wavelength    : 5801.9 – 9501.9 Å
  resolution    : 2500.0 (fwhm convention)
  smoothtype    : R
  sigma_losvd   : 259.5 km/s
  logify        : False
  calibration   : none
  sky           : none
  noise_floor   : 0.0000
  noise model   : none
  masked pixels : 2643 / 6166

  i              λ [Å]            flux               σ   mask
  -----------------------------------------------------------
  0            5801.91      0.0000e+00      1.0000e+00  False
  1            5802.51      0.0000e+00      1.0000e+00  False
  2            5803.11      0.0000e+00      1.0000e+00  False
  3            5803.71      0.0000e+00      1.0000e+00  False
  4            5804.31      0.0000e+00      1.0000e+00  False
  5            5804.91      0.0000e+00      1.0000e+00  False
  6            5805.51      0.0000e+00      1.0000e+00  False
  7            5806.11      0.0000e+00      1.0000e+00  False
  8            5806.71      0.0000e+00      1.0000e+00  False
  9            5807.31      0.0000e+00      1.0000e+00  False
  10           5807.91      0.0000e+00      1.0000e+00  False
  11           5808.51      0.0000e+00      1.0000e+00  False
  12           5809.11      0.0000e+00      1.0000e+00  False
  13           5809.71      0.0000e+00      1.0000e+00  False
  14           5810.31      0.0000e+00      1.0000e+00  False
  15           5810.91      0.0000e+00      1.0000e+00  False
  16           5811.51      0.0000e+00      1.0000e+00  False
  17           5812.11      0.0000e+00      1.0000e+00  False
  18           5812.71      0.0000e+00      1.0000e+00  False
  19           5813.31      0.0000e+00      1.0000e+00  False
  20           5813.91      0.0000e+00      1.0000e+00  False
  21           5814.51      0.0000e+00      1.0000e+00  False
  22           5815.11      0.0000e+00      1.0000e+00  False
  23           5815.71      0.0000e+00      1.0000e+00  False
  24           5816.31      0.0000e+00      1.0000e+00  False
  25           5816.91      0.0000e+00      1.0000e+00  False
  26           5817.51      0.0000e+00      1.0000e+00  False
  27           5818.11      0.0000e+00      1.0000e+00  False
  28           5818.71      0.0000e+00      1.0000e+00  False
  29           5819.31      0.0000e+00      1.0000e+00  False
  30           5819.91      0.0000e+00      1.0000e+00  False
  31           5820.51      0.0000e+00      1.0000e+00  False
  32           5821.11      0.0000e+00      1.0000e+00  False
  33           5821.71      0.0000e+00      1.0000e+00  False
  34           5822.31      0.0000e+00      1.0000e+00  False
  35           5822.91      0.0000e+00      1.0000e+00  False
  36           5823.51      0.0000e+00      1.0000e+00  False
  37           5824.11      0.0000e+00      1.0000e+00  False
  38           5824.71      0.0000e+00      1.0000e+00  False
  39           5825.31      0.0000e+00      1.0000e+00  False
  ...
  6126         9478.50      0.0000e+00      1.0000e+00  False
  6127         9479.10      0.0000e+00      1.0000e+00  False
  6128         9479.70      0.0000e+00      1.0000e+00  False
  6129         9480.30      0.0000e+00      1.0000e+00  False
  6130         9480.90      0.0000e+00      1.0000e+00  False
  6131         9481.50      0.0000e+00      1.0000e+00  False
  6132         9482.10      0.0000e+00      1.0000e+00  False
  6133         9482.70      0.0000e+00      1.0000e+00  False
  6134         9483.30      0.0000e+00      1.0000e+00  False
  6135         9483.90      0.0000e+00      1.0000e+00  False
  6136         9484.50      0.0000e+00      1.0000e+00  False
  6137         9485.10      0.0000e+00      1.0000e+00  False
  6138         9485.70      0.0000e+00      1.0000e+00  False
  6139         9486.30      0.0000e+00      1.0000e+00  False
  6140         9486.90      0.0000e+00      1.0000e+00  False
  6141         9487.50      0.0000e+00      1.0000e+00  False
  6142         9488.10      0.0000e+00      1.0000e+00  False
  6143         9488.70      0.0000e+00      1.0000e+00  False
  6144         9489.30      0.0000e+00      1.0000e+00  False
  6145         9489.90      0.0000e+00      1.0000e+00  False
  6146         9490.50      0.0000e+00      1.0000e+00  False
  6147         9491.10      0.0000e+00      1.0000e+00  False
  6148         9491.70      0.0000e+00      1.0000e+00  False
  6149         9492.30      0.0000e+00      1.0000e+00  False
  6150         9492.90      0.0000e+00      1.0000e+00  False
  6151         9493.50      0.0000e+00      1.0000e+00  False
  6152         9494.10      0.0000e+00      1.0000e+00  False
  6153         9494.70      0.0000e+00      1.0000e+00  False
  6154         9495.30      0.0000e+00      1.0000e+00  False
  6155         9495.90      0.0000e+00      1.0000e+00  False
  6156         9496.50      0.0000e+00      1.0000e+00  False
  6157         9497.10      0.0000e+00      1.0000e+00  False
  6158         9497.70      0.0000e+00      1.0000e+00  False
  6159         9498.30      0.0000e+00      1.0000e+00  False
  6160         9498.90      0.0000e+00      1.0000e+00  False
  6161         9499.51      0.0000e+00      1.0000e+00  False
  6162         9500.11      0.0000e+00      1.0000e+00  False
  6163         9500.71      0.0000e+00      1.0000e+00  False
  6164         9501.31      0.0000e+00      1.0000e+00  False
  6165         9501.91      0.0000e+00      1.0000e+00  False
  -----------------------------------------------------------
  [stats over 3523/6166 unmasked, finite pixels]  flux min/med/max = 4.955e-29 / 2.767e-28 / 5.189e-28  mean |S/N| = 57.78
joint photometric bands: 12
spectrum normalization: fitted by spectrum_scaling
native good pixels: 4053
fitted native pixels: 3523
library resolution: schema-2.1 automatic curve
findfont: Failed to find font weight semibold, now using 700.
SSPDataAfe
------------------------------------------------------------------
provenance
  isochrones (isoc_type)   : MIST v2.5 (aMIST, alpha-variable)
  spectral library         : C3K v2.3 high-res (c3k_hr, vt=10 km/s)
  IMF (imf_type)           : 2
  FSPS version             : —
  schema version           : 2.1
  recorded wave_min/max    : 100.0 / 99595854.863
  build kwargs             : {'source_fits': 'ssp_final_mistv2.5_c3kv2.3vt10allfal_250722.fits', 'provider': 'M. J. Park (2025-07-22)', 'zsun_reference': 0.0185, 'feh_to_logZ': 'log10 Z = [Fe/H] + log10(Zsun)', 'imf_name': 'Kroupa'}
grids
  [alpha/Fe]               :    5 pts   [-0.2  0.   0.2  0.4  0.6]
  metallicity  log10 Z     :   13 pts   [-4.233, -1.233]  (absolute TOTAL Z, NOT Z/Zsun, NOT [Fe/H])
  age          log10(Gyr)  :  107 pts   [-4.000, +1.300]  = [0.0001, 20] Gyr
  wavelength   Angstrom    : 10992 pts   [100.0, 99595854.9]
  flux (n_afe,n_met,n_age,n_wave): (5, 13, 107, 10992)  [L_sun Hz^-1 M_sun^-1]  float64  583.3 MB
  library resolution       : sigma_v [23.2, 2546.3] km/s over [100, 99595855] AA (100% of pixels; NaN elsewhere)
  resolution source        : grid 2-pixel sampling floor derived from ssp_wave (sigma_v = 0.8493 c dlambda/lambda)
catalogue-redshift universe age: 7.566 Gyr
median grid pixel resolving power: R=6000
SFH nodes: [0.         0.03       0.1        0.3        1.         3.
 5.         7.56620799]
Using only diffuse dust attenuation.
Initializing DiffuseDust model...
Dust initialization complete.
Spectrum model: dust attenuation only (alpha-enhanced, no nebular)
joint redshift fixed at 0.6542
spectrum sigma* fixed at 259.5 km/s
initial logmass: 11.232
initial median spectrum/model ratio: 0.690
sampler settings: {'num_live': 500, 'num_inner_steps': 65, 'num_delete': 100, 'logZ_tol': -5.0}
spectroscopic likelihood: DiagonalGaussianLikelihood(noise_model=DiagonalNoiseModel(use_jitter=False, use_fractional=True, use_data_fractional=False), calibration=PolynomialCalibration(order=3, fit_constant=False, prior_sigma=(0.1, 0.1, 0.1), marginalize=True, n_pix=6166))
MODEL PARAMETERS (generated from the SedModel object)
Stellar population grid
  library: C3K v2.3 high-res (c3k_hr, vt=10 km/s); isochrones: MIST v2.5 (aMIST, alpha-variable); IMF: imf_type=2 (Kroupa (2001)); schema 2.1
  grid axes: [alpha/Fe] [-0.2, 0, 0.2, 0.4, 0.6]; log10 Z 13 nodes [-4.233, -1.233] (absolute Z); log10(age/Gyr) 107 nodes; wavelength 10992 pts [100, 99595855] A
Star-formation history
  form: piecewise-constant SFR ('step' interpolation) on 7 lookback bins; metallicity history: constant Z
  bin edges (lookback, Gyr): [0, 0.03, 0.1, 0.3, 1, 3, 5, 7.566]  (last edge = universe age at z)
  free parameters: logsfr_ratios[7] = log10(SFR_i / SFR_i+1), transform 'sfh_from_ratios' -> unit-mass SFH (integral 1 Msun); logmass scales the total formed mass
Free parameters and priors
  Z: shape (1,); prior Uniform(-4.233, -1.233); init [-1.85]
  afe: shape (1,); prior Uniform(-0.2, 0.6); init [0.2]
  diffuse_tau_kc: shape (1,); prior Uniform(0, 2); init [0.2]
  log_f_calib: shape (1,); prior Uniform(-4.605, -2.303); init [-3.507]
  logmass: shape (1,); prior Uniform(8, 13); init [11.23]
  logsfr_ratios: shape (7,); prior Uniform(-3, 3); init [0, 0, 0, 0, 0, 0, 0]
  spectrum_scaling: shape (1,); prior ClippedNormal(mean=1, sigma=0.3, low=0.2, high=3); init [1]
Fixed and derived quantities
  redshift: fixed at z = 0.654200 (SedModel.zred); SFH age grid tracks z: False
  diffuse_dust_index: fixed by transform '<lambda>' = [-0.7]
Dust, nebular emission, IGM
  diffuse attenuation: law 'kriek_conroy', parameters ['diffuse_tau_kc', 'diffuse_dust_index']; birth-cloud (age-dependent) dust: False; dust emission: False
  nebular emission: none (spectrum model 'get_spectrum_dattn_nodem_noneb')
  IGM absorption: none
  cosmology: Cosmology(H0=67.66, Om0=0.30966, Tcmb0=2.7255, Neff=3.046, m_nu_ev_sum=0.06)
Observations and calibration
  photometry: Photometry, 12 bands, 12 fitted; filters ['cfht_megacam_us_9301', 'subaru_suprimecam_B', 'subaru_suprimecam_V', 'subaru_suprimecam_rp', 'subaru_suprimecam_ip', 'subaru_suprimecam_zp', 'vista_vircam_Y', 'vista_vircam_J', 'vista_vircam_H', 'vista_vircam_Ks', 'spitzer_irac_ch1', 'spitzer_irac_ch2']
  spectrum: Spectrum, 3523 of 6166 native pixels fitted, 6199-8635 A observed; instrument R = 2500 (R, fwhm); fixed stellar sigma_losvd = 259.5 km/s; CSP-level LOSVD 0.0 km/s
  likelihood[photometry]: DiagonalGaussianLikelihood with DiagonalNoiseModel: var = sigma_obs^2 (no extra terms)
  likelihood[spectrum]: DiagonalGaussianLikelihood with DiagonalNoiseModel: var = sigma_obs^2 + model-scaled fractional floor f_calib*|mu| (log_f_calib free in [1%, 10%])
  likelihood[spectrum] calibration polynomial: PolynomialCalibration(order=3, fit_constant=False, prior_sigma=(0.1, 0.1, 0.1), marginalize=True, n_pix=6166)
  spectrum normalisation: free multiplicative spectrum_scaling, prior ClippedNormal(mean=1, sigma=0.3, low=0.2, high=3)
Sampler
  blackjax.nss: num_live 500, num_inner_steps 65, num_delete 100, logZ_tol -5.0; random seed 20260905
BlackJAX NSS  |  n_dims=13  num_live=500  num_inner_steps=65  num_delete=100
  [timing] Calling init_fn (JIT compile + eval) ...
  [timing] init_fn done    (5.7 s)  logZ=-inf  logZ_live=228864.4438
  (state type: AdaptiveNSState)
  [checkpoint] every 1200 s -> /workspace/cosmic-chronometers-jwst/results/ceridwen-speedups/M1_210210-20260905-candidate

NS  logZ=-inf: 0 dead [00:00, ? dead/s]  [step_fn] Compiling the step kernel (one-time JIT) + running the first iteration. This compile can be slow on CPU (seconds to many minutes depending on model size and hardware); subsequent steps are fast.
  [iter    1]    11.2 s  logZ=-6205125.056  ΔlogZ=6433989.277  dead=100

NS  logZ=-inf: 100 dead [00:11,  8.89 dead/s]
NS  logZ=-6205125.06  ΔlogZ=6433989.28: : 100 dead [00:11,  8.89 dead/s]  [iter    2]     2.0 s  logZ=-4961279.565  ΔlogZ=5190143.563  dead=200

NS  logZ=-6205125.06  ΔlogZ=6433989.28: : 200 dead [00:13, 17.28 dead/s]
NS  logZ=-4961279.56  ΔlogZ=5190143.56: : 200 dead [00:13, 17.28 dead/s]  [iter    3]     1.9 s  logZ=-3281649.124  ΔlogZ=3510512.899  dead=300

NS  logZ=-4961279.56  ΔlogZ=5190143.56: : 300 dead [00:15, 24.81 dead/s]
NS  logZ=-3281649.12  ΔlogZ=3510512.90: : 300 dead [00:15, 24.81 dead/s]  [iter    4]     2.0 s  logZ=-2592361.141  ΔlogZ=2821224.694  dead=400

NS  logZ=-3281649.12  ΔlogZ=3510512.90: : 400 dead [00:17, 31.13 dead/s]
NS  logZ=-2592361.14  ΔlogZ=2821224.69: : 400 dead [00:17, 31.13 dead/s]  [iter    5]     2.0 s  logZ=-1896578.425  ΔlogZ=2125441.755  dead=500

NS  logZ=-2592361.14  ΔlogZ=2821224.69: : 500 dead [00:19, 36.00 dead/s]
NS  logZ=-1896578.43  ΔlogZ=2125441.75: : 500 dead [00:19, 36.00 dead/s]  [iter    6]     1.9 s  logZ=-1377116.330  ΔlogZ=1605979.437  dead=600

NS  logZ=-1896578.43  ΔlogZ=2125441.75: : 600 dead [00:21, 40.21 dead/s]
NS  logZ=-1377116.33  ΔlogZ=1605979.44: : 600 dead [00:21, 40.21 dead/s]  [iter    7]     2.0 s  logZ=-821622.532  ΔlogZ=1050485.415  dead=700

NS  logZ=-1377116.33  ΔlogZ=1605979.44: : 700 dead [00:23, 43.00 dead/s]
NS  logZ=-821622.53  ΔlogZ=1050485.42: : 700 dead [00:23, 43.00 dead/s]   [iter    8]     1.9 s  logZ=-451541.083  ΔlogZ=680403.743  dead=800

NS  logZ=-821622.53  ΔlogZ=1050485.42: : 800 dead [00:24, 45.36 dead/s]
NS  logZ=-451541.08  ΔlogZ=680403.74: : 800 dead [00:24, 45.36 dead/s]   [iter    9]     2.0 s  logZ=-229556.843  ΔlogZ=458419.281  dead=900

NS  logZ=-451541.08  ΔlogZ=680403.74: : 900 dead [00:26, 46.97 dead/s]
NS  logZ=-229556.84  ΔlogZ=458419.28: : 900 dead [00:26, 46.97 dead/s]  [iter   10]     1.9 s  logZ=-81208.873  ΔlogZ=310071.088  dead=1000

NS  logZ=-229556.84  ΔlogZ=458419.28: : 1000 dead [00:28, 48.39 dead/s]
NS  logZ=-81208.87  ΔlogZ=310071.09: : 1000 dead [00:28, 48.39 dead/s]   [iter   11]     1.9 s  logZ=+21715.404  ΔlogZ=207146.588  dead=1100

NS  logZ=-81208.87  ΔlogZ=310071.09: : 1100 dead [00:30, 49.48 dead/s]
NS  logZ=21715.40  ΔlogZ=207146.59: : 1100 dead [00:30, 49.48 dead/s]   [iter   12]     2.0 s  logZ=+85354.952  ΔlogZ=143540.981  dead=1200

NS  logZ=21715.40  ΔlogZ=207146.59: : 1200 dead [00:32, 49.95 dead/s]
NS  logZ=85354.95  ΔlogZ=143540.98: : 1200 dead [00:32, 49.95 dead/s]  [iter   13]     1.9 s  logZ=+125049.672  ΔlogZ=103846.038  dead=1300

NS  logZ=85354.95  ΔlogZ=143540.98: : 1300 dead [00:34, 50.33 dead/s]
NS  logZ=125049.67  ΔlogZ=103846.04: : 1300 dead [00:34, 50.33 dead/s]  [iter   14]     1.9 s  logZ=+155908.410  ΔlogZ=72987.077  dead=1400

NS  logZ=125049.67  ΔlogZ=103846.04: : 1400 dead [00:36, 50.92 dead/s]
NS  logZ=155908.41  ΔlogZ=72987.08: : 1400 dead [00:36, 50.92 dead/s]   [iter   15]     1.9 s  logZ=+178465.571  ΔlogZ=50429.693  dead=1500

NS  logZ=155908.41  ΔlogZ=72987.08: : 1500 dead [00:38, 51.37 dead/s]
NS  logZ=178465.57  ΔlogZ=50429.69: : 1500 dead [00:38, 51.37 dead/s]  [iter   16]     1.9 s  logZ=+191532.572  ΔlogZ=37362.468  dead=1600

NS  logZ=178465.57  ΔlogZ=50429.69: : 1600 dead [00:40, 51.84 dead/s]
NS  logZ=191532.57  ΔlogZ=37362.47: : 1600 dead [00:40, 51.84 dead/s]  [iter   17]     1.9 s  logZ=+199788.186  ΔlogZ=29106.632  dead=1700

NS  logZ=191532.57  ΔlogZ=37362.47: : 1700 dead [00:42, 52.23 dead/s]
NS  logZ=199788.19  ΔlogZ=29106.63: : 1700 dead [00:42, 52.23 dead/s]  [iter   18]     1.9 s  logZ=+206650.698  ΔlogZ=22243.897  dead=1800

NS  logZ=199788.19  ΔlogZ=29106.63: : 1800 dead [00:44, 52.44 dead/s]
NS  logZ=206650.70  ΔlogZ=22243.90: : 1800 dead [00:44, 52.44 dead/s]  [iter   19]     1.9 s  logZ=+211782.962  ΔlogZ=17494.184  dead=1900

NS  logZ=206650.70  ΔlogZ=22243.90: : 1900 dead [00:46, 52.25 dead/s]
NS  logZ=211782.96  ΔlogZ=17494.18: : 1900 dead [00:46, 52.25 dead/s]  [iter   20]     2.0 s  logZ=+215587.536  ΔlogZ=13689.387  dead=2000

NS  logZ=211782.96  ΔlogZ=17494.18: : 2000 dead [00:48, 51.82 dead/s]
NS  logZ=215587.54  ΔlogZ=13689.39: : 2000 dead [00:48, 51.82 dead/s]  [iter   21]     1.9 s  logZ=+218046.681  ΔlogZ=11230.020  dead=2100

NS  logZ=215587.54  ΔlogZ=13689.39: : 2100 dead [00:49, 52.02 dead/s]
NS  logZ=218046.68  ΔlogZ=11230.02: : 2100 dead [00:49, 52.02 dead/s]  [iter   22]     1.9 s  logZ=+220215.362  ΔlogZ=9061.116  dead=2200

NS  logZ=218046.68  ΔlogZ=11230.02: : 2200 dead [00:51, 52.20 dead/s]
NS  logZ=220215.36  ΔlogZ=9061.12: : 2200 dead [00:51, 52.20 dead/s]   [iter   23]     1.9 s  logZ=+221755.187  ΔlogZ=7521.068  dead=2300

NS  logZ=220215.36  ΔlogZ=9061.12: : 2300 dead [00:53, 52.29 dead/s]
NS  logZ=221755.19  ΔlogZ=7521.07: : 2300 dead [00:53, 52.29 dead/s]  [iter   24]     1.9 s  logZ=+222971.021  ΔlogZ=6472.240  dead=2400

NS  logZ=221755.19  ΔlogZ=7521.07: : 2400 dead [00:55, 52.43 dead/s]
NS  logZ=222971.02  ΔlogZ=6472.24: : 2400 dead [00:55, 52.43 dead/s]  [iter   25]     2.0 s  logZ=+223990.161  ΔlogZ=5452.877  dead=2500

NS  logZ=222971.02  ΔlogZ=6472.24: : 2500 dead [00:57, 51.75 dead/s]
NS  logZ=223990.16  ΔlogZ=5452.88: : 2500 dead [00:57, 51.75 dead/s]  [iter   26]     1.9 s  logZ=+224822.045  ΔlogZ=5032.964  dead=2600

NS  logZ=223990.16  ΔlogZ=5452.88: : 2600 dead [00:59, 52.04 dead/s]
NS  logZ=224822.04  ΔlogZ=5032.96: : 2600 dead [00:59, 52.04 dead/s]  [iter   27]     2.0 s  logZ=+225403.485  ΔlogZ=4451.301  dead=2700

NS  logZ=224822.04  ΔlogZ=5032.96: : 2700 dead [01:01, 51.57 dead/s]
NS  logZ=225403.48  ΔlogZ=4451.30: : 2700 dead [01:01, 51.57 dead/s]  [iter   28]     2.0 s  logZ=+225879.233  ΔlogZ=3975.330  dead=2800

NS  logZ=225403.48  ΔlogZ=4451.30: : 2800 dead [01:03, 51.40 dead/s]
NS  logZ=225879.23  ΔlogZ=3975.33: : 2800 dead [01:03, 51.40 dead/s]  [iter   29]     2.0 s  logZ=+226305.819  ΔlogZ=3766.959  dead=2900

NS  logZ=225879.23  ΔlogZ=3975.33: : 2900 dead [01:05, 51.11 dead/s]
NS  logZ=226305.82  ΔlogZ=3766.96: : 2900 dead [01:05, 51.11 dead/s]  [iter   30]     1.9 s  logZ=+226664.940  ΔlogZ=3407.615  dead=3000

NS  logZ=226305.82  ΔlogZ=3766.96: : 3000 dead [01:07, 51.18 dead/s]
NS  logZ=226664.94  ΔlogZ=3407.62: : 3000 dead [01:07, 51.18 dead/s]  [iter   31]     1.9 s  logZ=+226928.234  ΔlogZ=3144.098  dead=3100

NS  logZ=226664.94  ΔlogZ=3407.62: : 3100 dead [01:09, 51.71 dead/s]
NS  logZ=226928.23  ΔlogZ=3144.10: : 3100 dead [01:09, 51.71 dead/s]  [iter   32]     1.9 s  logZ=+227187.377  ΔlogZ=2884.733  dead=3200

NS  logZ=226928.23  ΔlogZ=3144.10: : 3200 dead [01:11, 51.64 dead/s]
NS  logZ=227187.38  ΔlogZ=2884.73: : 3200 dead [01:11, 51.64 dead/s]  [iter   33]     2.0 s  logZ=+227416.690  ΔlogZ=2655.197  dead=3300

NS  logZ=227187.38  ΔlogZ=2884.73: : 3300 dead [01:13, 51.45 dead/s]
NS  logZ=227416.69  ΔlogZ=2655.20: : 3300 dead [01:13, 51.45 dead/s]  [iter   34]     2.0 s  logZ=+227622.081  ΔlogZ=2449.582  dead=3400

NS  logZ=227416.69  ΔlogZ=2655.20: : 3400 dead [01:15, 51.17 dead/s]
NS  logZ=227622.08  ΔlogZ=2449.58: : 3400 dead [01:15, 51.17 dead/s]  [iter   35]     2.0 s  logZ=+227823.785  ΔlogZ=2247.656  dead=3500

NS  logZ=227622.08  ΔlogZ=2449.58: : 3500 dead [01:17, 51.15 dead/s]
NS  logZ=227823.79  ΔlogZ=2247.66: : 3500 dead [01:17, 51.15 dead/s]  [iter   36]     2.0 s  logZ=+228003.020  ΔlogZ=2068.198  dead=3600

NS  logZ=227823.79  ΔlogZ=2247.66: : 3600 dead [01:19, 51.03 dead/s]
NS  logZ=228003.02  ΔlogZ=2068.20: : 3600 dead [01:19, 51.03 dead/s]  [iter   37]     2.0 s  logZ=+228162.410  ΔlogZ=1908.585  dead=3700

NS  logZ=228003.02  ΔlogZ=2068.20: : 3700 dead [01:21, 51.00 dead/s]
NS  logZ=228162.41  ΔlogZ=1908.59: : 3700 dead [01:21, 51.00 dead/s]  [iter   38]     1.9 s  logZ=+228343.432  ΔlogZ=1727.340  dead=3800

NS  logZ=228162.41  ΔlogZ=1908.59: : 3800 dead [01:23, 51.28 dead/s]
NS  logZ=228343.43  ΔlogZ=1727.34: : 3800 dead [01:23, 51.28 dead/s]  [iter   39]     1.9 s  logZ=+228484.739  ΔlogZ=1701.376  dead=3900

NS  logZ=228343.43  ΔlogZ=1727.34: : 3900 dead [01:24, 51.80 dead/s]
NS  logZ=228484.74  ΔlogZ=1701.38: : 3900 dead [01:24, 51.80 dead/s]  [iter   40]     2.0 s  logZ=+228618.264  ΔlogZ=1567.628  dead=4000

NS  logZ=228484.74  ΔlogZ=1701.38: : 4000 dead [01:26, 51.48 dead/s]
NS  logZ=228618.26  ΔlogZ=1567.63: : 4000 dead [01:26, 51.48 dead/s]  [iter   41]     2.0 s  logZ=+228727.716  ΔlogZ=1457.953  dead=4100

NS  logZ=228618.26  ΔlogZ=1567.63: : 4100 dead [01:28, 50.71 dead/s]
NS  logZ=228727.72  ΔlogZ=1457.95: : 4100 dead [01:28, 50.71 dead/s]  [iter   42]     1.9 s  logZ=+228835.518  ΔlogZ=1349.928  dead=4200

NS  logZ=228727.72  ΔlogZ=1457.95: : 4200 dead [01:30, 50.91 dead/s]
NS  logZ=228835.52  ΔlogZ=1349.93: : 4200 dead [01:30, 50.91 dead/s]  [iter   43]     2.0 s  logZ=+228919.997  ΔlogZ=1267.359  dead=4300

NS  logZ=228835.52  ΔlogZ=1349.93: : 4300 dead [01:32, 50.49 dead/s]
NS  logZ=228920.00  ΔlogZ=1267.36: : 4300 dead [01:32, 50.49 dead/s]  [iter   44]     2.0 s  logZ=+229027.530  ΔlogZ=1159.603  dead=4400

NS  logZ=228920.00  ΔlogZ=1267.36: : 4400 dead [01:34, 50.46 dead/s]
NS  logZ=229027.53  ΔlogZ=1159.60: : 4400 dead [01:34, 50.46 dead/s]  [iter   45]     2.0 s  logZ=+229129.918  ΔlogZ=1056.992  dead=4500

NS  logZ=229027.53  ΔlogZ=1159.60: : 4500 dead [01:36, 50.22 dead/s]
NS  logZ=229129.92  ΔlogZ=1056.99: : 4500 dead [01:36, 50.22 dead/s]  [iter   46]     2.0 s  logZ=+229208.954  ΔlogZ=1111.659  dead=4600

NS  logZ=229129.92  ΔlogZ=1056.99: : 4600 dead [01:38, 50.42 dead/s]
NS  logZ=229208.95  ΔlogZ=1111.66: : 4600 dead [01:38, 50.42 dead/s]  [iter   47]     1.9 s  logZ=+229285.428  ΔlogZ=1034.963  dead=4700

NS  logZ=229208.95  ΔlogZ=1111.66: : 4700 dead [01:40, 50.67 dead/s]
NS  logZ=229285.43  ΔlogZ=1034.96: : 4700 dead [01:40, 50.67 dead/s]  [iter   48]     2.0 s  logZ=+229375.857  ΔlogZ=944.310  dead=4800

NS  logZ=229285.43  ΔlogZ=1034.96: : 4800 dead [01:42, 50.68 dead/s]
NS  logZ=229375.86  ΔlogZ=944.31: : 4800 dead [01:42, 50.68 dead/s]   [iter   49]     2.0 s  logZ=+229440.670  ΔlogZ=879.275  dead=4900

NS  logZ=229375.86  ΔlogZ=944.31: : 4900 dead [01:44, 50.77 dead/s]
NS  logZ=229440.67  ΔlogZ=879.27: : 4900 dead [01:44, 50.77 dead/s]  [iter   50]     1.9 s  logZ=+229518.759  ΔlogZ=800.963  dead=5000

NS  logZ=229440.67  ΔlogZ=879.27: : 5000 dead [01:46, 51.16 dead/s]
NS  logZ=229518.76  ΔlogZ=800.96: : 5000 dead [01:46, 51.16 dead/s]  [iter   51]     2.0 s  logZ=+229574.816  ΔlogZ=744.683  dead=5100

NS  logZ=229518.76  ΔlogZ=800.96: : 5100 dead [01:48, 50.60 dead/s]
NS  logZ=229574.82  ΔlogZ=744.68: : 5100 dead [01:48, 50.60 dead/s]  [iter   52]     2.0 s  logZ=+229634.001  ΔlogZ=685.275  dead=5200

NS  logZ=229574.82  ΔlogZ=744.68: : 5200 dead [01:50, 50.43 dead/s]
NS  logZ=229634.00  ΔlogZ=685.28: : 5200 dead [01:50, 50.43 dead/s]  [iter   53]     1.9 s  logZ=+229697.216  ΔlogZ=621.837  dead=5300

NS  logZ=229634.00  ΔlogZ=685.28: : 5300 dead [01:52, 51.06 dead/s]
NS  logZ=229697.22  ΔlogZ=621.84: : 5300 dead [01:52, 51.06 dead/s]  [iter   54]     1.9 s  logZ=+229746.070  ΔlogZ=572.760  dead=5400

NS  logZ=229697.22  ΔlogZ=621.84: : 5400 dead [01:54, 51.22 dead/s]
NS  logZ=229746.07  ΔlogZ=572.76: : 5400 dead [01:54, 51.22 dead/s]  [iter   55]     1.9 s  logZ=+229786.834  ΔlogZ=565.780  dead=5500

NS  logZ=229746.07  ΔlogZ=572.76: : 5500 dead [01:56, 51.60 dead/s]
NS  logZ=229786.83  ΔlogZ=565.78: : 5500 dead [01:56, 51.60 dead/s]  [iter   56]     1.9 s  logZ=+229827.609  ΔlogZ=553.464  dead=5600

NS  logZ=229786.83  ΔlogZ=565.78: : 5600 dead [01:58, 51.81 dead/s]
NS  logZ=229827.61  ΔlogZ=553.46: : 5600 dead [01:58, 51.81 dead/s]  [iter   57]     2.0 s  logZ=+229862.879  ΔlogZ=517.971  dead=5700

NS  logZ=229827.61  ΔlogZ=553.46: : 5700 dead [02:00, 51.39 dead/s]
NS  logZ=229862.88  ΔlogZ=517.97: : 5700 dead [02:00, 51.39 dead/s]  [iter   58]     2.0 s  logZ=+229899.548  ΔlogZ=557.313  dead=5800

NS  logZ=229862.88  ΔlogZ=517.97: : 5800 dead [02:02, 51.02 dead/s]
NS  logZ=229899.55  ΔlogZ=557.31: : 5800 dead [02:02, 51.02 dead/s]  [iter   59]     1.9 s  logZ=+229929.018  ΔlogZ=527.620  dead=5900

NS  logZ=229899.55  ΔlogZ=557.31: : 5900 dead [02:04, 51.11 dead/s]
NS  logZ=229929.02  ΔlogZ=527.62: : 5900 dead [02:04, 51.11 dead/s]  [iter   60]     2.0 s  logZ=+229959.867  ΔlogZ=496.548  dead=6000

NS  logZ=229929.02  ΔlogZ=527.62: : 6000 dead [02:06, 50.93 dead/s]
NS  logZ=229959.87  ΔlogZ=496.55: : 6000 dead [02:06, 50.93 dead/s]  [iter   61]     2.1 s  logZ=+229991.498  ΔlogZ=464.694  dead=6100

NS  logZ=229959.87  ΔlogZ=496.55: : 6100 dead [02:08, 50.19 dead/s]
NS  logZ=229991.50  ΔlogZ=464.69: : 6100 dead [02:08, 50.19 dead/s]  [iter   62]     2.0 s  logZ=+230018.664  ΔlogZ=437.305  dead=6200

NS  logZ=229991.50  ΔlogZ=464.69: : 6200 dead [02:10, 50.22 dead/s]
NS  logZ=230018.66  ΔlogZ=437.30: : 6200 dead [02:10, 50.22 dead/s]  [iter   63]     2.0 s  logZ=+230045.680  ΔlogZ=410.066  dead=6300

NS  logZ=230018.66  ΔlogZ=437.30: : 6300 dead [02:12, 50.08 dead/s]
NS  logZ=230045.68  ΔlogZ=410.07: : 6300 dead [02:12, 50.08 dead/s]  [iter   64]     2.0 s  logZ=+230069.815  ΔlogZ=385.709  dead=6400

NS  logZ=230045.68  ΔlogZ=410.07: : 6400 dead [02:14, 50.22 dead/s]
NS  logZ=230069.81  ΔlogZ=385.71: : 6400 dead [02:14, 50.22 dead/s]  [iter   65]     2.0 s  logZ=+230088.642  ΔlogZ=366.658  dead=6500

NS  logZ=230069.81  ΔlogZ=385.71: : 6500 dead [02:16, 50.23 dead/s]
NS  logZ=230088.64  ΔlogZ=366.66: : 6500 dead [02:16, 50.23 dead/s]  [iter   66]     2.0 s  logZ=+230108.677  ΔlogZ=346.401  dead=6600

NS  logZ=230088.64  ΔlogZ=366.66: : 6600 dead [02:18, 50.51 dead/s]
NS  logZ=230108.68  ΔlogZ=346.40: : 6600 dead [02:18, 50.51 dead/s]  [iter   67]     2.0 s  logZ=+230128.164  ΔlogZ=326.691  dead=6700

NS  logZ=230108.68  ΔlogZ=346.40: : 6700 dead [02:20, 50.05 dead/s]
NS  logZ=230128.16  ΔlogZ=326.69: : 6700 dead [02:20, 50.05 dead/s]  [iter   68]     2.1 s  logZ=+230145.219  ΔlogZ=309.413  dead=6800

NS  logZ=230128.16  ΔlogZ=326.69: : 6800 dead [02:22, 49.58 dead/s]
NS  logZ=230145.22  ΔlogZ=309.41: : 6800 dead [02:22, 49.58 dead/s]  [iter   69]     2.0 s  logZ=+230163.052  ΔlogZ=291.357  dead=6900

NS  logZ=230145.22  ΔlogZ=309.41: : 6900 dead [02:24, 49.51 dead/s]
NS  logZ=230163.05  ΔlogZ=291.36: : 6900 dead [02:24, 49.51 dead/s]  [iter   70]     2.0 s  logZ=+230182.808  ΔlogZ=273.994  dead=7000

NS  logZ=230163.05  ΔlogZ=291.36: : 7000 dead [02:26, 49.77 dead/s]
NS  logZ=230182.81  ΔlogZ=273.99: : 7000 dead [02:26, 49.77 dead/s]  [iter   71]     2.0 s  logZ=+230199.365  ΔlogZ=257.214  dead=7100

NS  logZ=230182.81  ΔlogZ=273.99: : 7100 dead [02:28, 50.06 dead/s]
NS  logZ=230199.37  ΔlogZ=257.21: : 7100 dead [02:28, 50.06 dead/s]  [iter   72]     2.0 s  logZ=+230215.950  ΔlogZ=240.406  dead=7200

NS  logZ=230199.37  ΔlogZ=257.21: : 7200 dead [02:30, 49.75 dead/s]
NS  logZ=230215.95  ΔlogZ=240.41: : 7200 dead [02:30, 49.75 dead/s]  [iter   73]     2.0 s  logZ=+230229.467  ΔlogZ=226.709  dead=7300

NS  logZ=230215.95  ΔlogZ=240.41: : 7300 dead [02:32, 49.91 dead/s]
NS  logZ=230229.47  ΔlogZ=226.71: : 7300 dead [02:32, 49.91 dead/s]  [iter   74]     2.0 s  logZ=+230243.627  ΔlogZ=293.488  dead=7400

NS  logZ=230229.47  ΔlogZ=226.71: : 7400 dead [02:34, 49.66 dead/s]
NS  logZ=230243.63  ΔlogZ=293.49: : 7400 dead [02:34, 49.66 dead/s]  [iter   75]     2.1 s  logZ=+230258.886  ΔlogZ=294.877  dead=7500

NS  logZ=230243.63  ΔlogZ=293.49: : 7500 dead [02:36, 49.17 dead/s]
NS  logZ=230258.89  ΔlogZ=294.88: : 7500 dead [02:36, 49.17 dead/s]  [iter   76]     2.0 s  logZ=+230273.183  ΔlogZ=280.357  dead=7600

NS  logZ=230258.89  ΔlogZ=294.88: : 7600 dead [02:38, 49.36 dead/s]
NS  logZ=230273.18  ΔlogZ=280.36: : 7600 dead [02:38, 49.36 dead/s]  [iter   77]     2.0 s  logZ=+230287.674  ΔlogZ=265.644  dead=7700

NS  logZ=230273.18  ΔlogZ=280.36: : 7700 dead [02:40, 49.23 dead/s]
NS  logZ=230287.67  ΔlogZ=265.64: : 7700 dead [02:40, 49.23 dead/s]  [iter   78]     2.1 s  logZ=+230302.060  ΔlogZ=251.034  dead=7800

NS  logZ=230287.67  ΔlogZ=265.64: : 7800 dead [02:42, 48.98 dead/s]
NS  logZ=230302.06  ΔlogZ=251.03: : 7800 dead [02:42, 48.98 dead/s]  [iter   79]     2.0 s  logZ=+230316.059  ΔlogZ=236.813  dead=7900

NS  logZ=230302.06  ΔlogZ=251.03: : 7900 dead [02:44, 49.06 dead/s]
NS  logZ=230316.06  ΔlogZ=236.81: : 7900 dead [02:44, 49.06 dead/s]  [iter   80]     2.0 s  logZ=+230328.808  ΔlogZ=223.840  dead=8000

NS  logZ=230316.06  ΔlogZ=236.81: : 8000 dead [02:46, 49.20 dead/s]
NS  logZ=230328.81  ΔlogZ=223.84: : 8000 dead [02:46, 49.20 dead/s]  [iter   81]     2.0 s  logZ=+230341.794  ΔlogZ=219.781  dead=8100

NS  logZ=230328.81  ΔlogZ=223.84: : 8100 dead [02:48, 49.15 dead/s]
NS  logZ=230341.79  ΔlogZ=219.78: : 8100 dead [02:48, 49.15 dead/s]  [iter   82]     2.1 s  logZ=+230354.625  ΔlogZ=206.727  dead=8200

NS  logZ=230341.79  ΔlogZ=219.78: : 8200 dead [02:50, 48.77 dead/s]
NS  logZ=230354.62  ΔlogZ=206.73: : 8200 dead [02:50, 48.77 dead/s]  [iter   83]     2.0 s  logZ=+230367.929  ΔlogZ=213.278  dead=8300

NS  logZ=230354.62  ΔlogZ=206.73: : 8300 dead [02:52, 49.09 dead/s]
NS  logZ=230367.93  ΔlogZ=213.28: : 8300 dead [02:52, 49.09 dead/s]  [iter   84]     2.0 s  logZ=+230381.309  ΔlogZ=235.766  dead=8400

NS  logZ=230367.93  ΔlogZ=213.28: : 8400 dead [02:54, 49.28 dead/s]
NS  logZ=230381.31  ΔlogZ=235.77: : 8400 dead [02:54, 49.28 dead/s]  [iter   85]     2.0 s  logZ=+230393.278  ΔlogZ=223.574  dead=8500

NS  logZ=230381.31  ΔlogZ=235.77: : 8500 dead [02:56, 49.30 dead/s]
NS  logZ=230393.28  ΔlogZ=223.57: : 8500 dead [02:56, 49.30 dead/s]  [iter   86]     2.0 s  logZ=+230404.034  ΔlogZ=212.595  dead=8600

NS  logZ=230393.28  ΔlogZ=223.57: : 8600 dead [02:58, 49.37 dead/s]
NS  logZ=230404.03  ΔlogZ=212.59: : 8600 dead [02:58, 49.37 dead/s]  [iter   87]     2.0 s  logZ=+230414.489  ΔlogZ=201.917  dead=8700

NS  logZ=230404.03  ΔlogZ=212.59: : 8700 dead [03:00, 49.46 dead/s]
NS  logZ=230414.49  ΔlogZ=201.92: : 8700 dead [03:00, 49.46 dead/s]  [iter   88]     2.0 s  logZ=+230425.367  ΔlogZ=190.819  dead=8800

NS  logZ=230414.49  ΔlogZ=201.92: : 8800 dead [03:02, 49.36 dead/s]
NS  logZ=230425.37  ΔlogZ=190.82: : 8800 dead [03:02, 49.36 dead/s]  [iter   89]     2.0 s  logZ=+230435.348  ΔlogZ=180.614  dead=8900

NS  logZ=230425.37  ΔlogZ=190.82: : 8900 dead [03:04, 49.17 dead/s]
NS  logZ=230435.35  ΔlogZ=180.61: : 8900 dead [03:04, 49.17 dead/s]  [iter   90]     2.1 s  logZ=+230443.221  ΔlogZ=172.518  dead=9000

NS  logZ=230435.35  ΔlogZ=180.61: : 9000 dead [03:06, 48.78 dead/s]
NS  logZ=230443.22  ΔlogZ=172.52: : 9000 dead [03:06, 48.78 dead/s]  [iter   91]     2.1 s  logZ=+230452.919  ΔlogZ=162.598  dead=9100

NS  logZ=230443.22  ΔlogZ=172.52: : 9100 dead [03:09, 48.33 dead/s]
NS  logZ=230452.92  ΔlogZ=162.60: : 9100 dead [03:09, 48.33 dead/s]  [iter   92]     2.1 s  logZ=+230461.600  ΔlogZ=153.709  dead=9200

NS  logZ=230452.92  ΔlogZ=162.60: : 9200 dead [03:11, 48.37 dead/s]
NS  logZ=230461.60  ΔlogZ=153.71: : 9200 dead [03:11, 48.37 dead/s]  [iter   93]     2.1 s  logZ=+230470.844  ΔlogZ=144.242  dead=9300

NS  logZ=230461.60  ΔlogZ=153.71: : 9300 dead [03:13, 48.18 dead/s]
NS  logZ=230470.84  ΔlogZ=144.24: : 9300 dead [03:13, 48.18 dead/s]  [iter   94]     2.1 s  logZ=+230477.852  ΔlogZ=137.011  dead=9400

NS  logZ=230470.84  ΔlogZ=144.24: : 9400 dead [03:15, 48.31 dead/s]
NS  logZ=230477.85  ΔlogZ=137.01: : 9400 dead [03:15, 48.31 dead/s]  [iter   95]     2.0 s  logZ=+230485.339  ΔlogZ=129.301  dead=9500

NS  logZ=230477.85  ΔlogZ=137.01: : 9500 dead [03:17, 48.44 dead/s]
NS  logZ=230485.34  ΔlogZ=129.30: : 9500 dead [03:17, 48.44 dead/s]  [iter   96]     2.1 s  logZ=+230491.871  ΔlogZ=122.547  dead=9600

NS  logZ=230485.34  ΔlogZ=129.30: : 9600 dead [03:19, 48.10 dead/s]
NS  logZ=230491.87  ΔlogZ=122.55: : 9600 dead [03:19, 48.10 dead/s]  [iter   97]     2.0 s  logZ=+230498.416  ΔlogZ=115.780  dead=9700

NS  logZ=230491.87  ΔlogZ=122.55: : 9700 dead [03:21, 48.29 dead/s]
NS  logZ=230498.42  ΔlogZ=115.78: : 9700 dead [03:21, 48.29 dead/s]  [iter   98]     2.1 s  logZ=+230505.864  ΔlogZ=108.904  dead=9800

NS  logZ=230498.42  ΔlogZ=115.78: : 9800 dead [03:23, 47.92 dead/s]
NS  logZ=230505.86  ΔlogZ=108.90: : 9800 dead [03:23, 47.92 dead/s]  [iter   99]     2.1 s  logZ=+230511.900  ΔlogZ=125.773  dead=9900

NS  logZ=230505.86  ΔlogZ=108.90: : 9900 dead [03:25, 47.98 dead/s]
NS  logZ=230511.90  ΔlogZ=125.77: : 9900 dead [03:25, 47.98 dead/s]  [iter  100]     2.1 s  logZ=+230518.424  ΔlogZ=119.026  dead=10000

NS  logZ=230511.90  ΔlogZ=125.77: : 10000 dead [03:27, 47.80 dead/s]
NS  logZ=230518.42  ΔlogZ=119.03: : 10000 dead [03:27, 47.80 dead/s]  [iter  101]     2.1 s  logZ=+230523.422  ΔlogZ=115.259  dead=10100

NS  logZ=230518.42  ΔlogZ=119.03: : 10100 dead [03:29, 47.55 dead/s]
NS  logZ=230523.42  ΔlogZ=115.26: : 10100 dead [03:29, 47.55 dead/s]  [iter  102]     2.1 s  logZ=+230528.157  ΔlogZ=110.302  dead=10200

NS  logZ=230523.42  ΔlogZ=115.26: : 10200 dead [03:32, 47.32 dead/s]
NS  logZ=230528.16  ΔlogZ=110.30: : 10200 dead [03:32, 47.32 dead/s]  [iter  103]     2.1 s  logZ=+230533.325  ΔlogZ=104.915  dead=10300

NS  logZ=230528.16  ΔlogZ=110.30: : 10300 dead [03:34, 47.70 dead/s]
NS  logZ=230533.33  ΔlogZ=104.91: : 10300 dead [03:34, 47.70 dead/s]  [iter  104]     2.1 s  logZ=+230538.339  ΔlogZ=99.679  dead=10400

NS  logZ=230533.33  ΔlogZ=104.91: : 10400 dead [03:36, 47.61 dead/s]
NS  logZ=230538.34  ΔlogZ=99.68: : 10400 dead [03:36, 47.61 dead/s]   [iter  105]     2.1 s  logZ=+230543.421  ΔlogZ=94.374  dead=10500

NS  logZ=230538.34  ΔlogZ=99.68: : 10500 dead [03:38, 47.56 dead/s]
NS  logZ=230543.42  ΔlogZ=94.37: : 10500 dead [03:38, 47.56 dead/s]  [iter  106]     2.1 s  logZ=+230548.111  ΔlogZ=89.462  dead=10600

NS  logZ=230543.42  ΔlogZ=94.37: : 10600 dead [03:40, 47.51 dead/s]
NS  logZ=230548.11  ΔlogZ=89.46: : 10600 dead [03:40, 47.51 dead/s]  [iter  107]     2.1 s  logZ=+230552.745  ΔlogZ=84.630  dead=10700

NS  logZ=230548.11  ΔlogZ=89.46: : 10700 dead [03:42, 47.81 dead/s]
NS  logZ=230552.74  ΔlogZ=84.63: : 10700 dead [03:42, 47.81 dead/s]  [iter  108]     2.1 s  logZ=+230557.029  ΔlogZ=80.123  dead=10800

NS  logZ=230552.74  ΔlogZ=84.63: : 10800 dead [03:44, 47.75 dead/s]
NS  logZ=230557.03  ΔlogZ=80.12: : 10800 dead [03:44, 47.75 dead/s]  [iter  109]     2.1 s  logZ=+230561.496  ΔlogZ=78.448  dead=10900

NS  logZ=230557.03  ΔlogZ=80.12: : 10900 dead [03:46, 48.02 dead/s]
NS  logZ=230561.50  ΔlogZ=78.45: : 10900 dead [03:46, 48.02 dead/s]  [iter  110]     2.1 s  logZ=+230565.538  ΔlogZ=74.184  dead=11000

NS  logZ=230561.50  ΔlogZ=78.45: : 11000 dead [03:48, 48.08 dead/s]
NS  logZ=230565.54  ΔlogZ=74.18: : 11000 dead [03:48, 48.08 dead/s]  [iter  111]     2.1 s  logZ=+230569.292  ΔlogZ=70.207  dead=11100

NS  logZ=230565.54  ΔlogZ=74.18: : 11100 dead [03:50, 48.17 dead/s]
NS  logZ=230569.29  ΔlogZ=70.21: : 11100 dead [03:50, 48.17 dead/s]  [iter  112]     2.1 s  logZ=+230574.008  ΔlogZ=65.268  dead=11200

NS  logZ=230569.29  ΔlogZ=70.21: : 11200 dead [03:52, 48.09 dead/s]
NS  logZ=230574.01  ΔlogZ=65.27: : 11200 dead [03:52, 48.09 dead/s]  [iter  113]     2.1 s  logZ=+230577.740  ΔlogZ=61.314  dead=11300

NS  logZ=230574.01  ΔlogZ=65.27: : 11300 dead [03:54, 48.24 dead/s]
NS  logZ=230577.74  ΔlogZ=61.31: : 11300 dead [03:54, 48.24 dead/s]  [iter  114]     2.1 s  logZ=+230581.815  ΔlogZ=61.648  dead=11400

NS  logZ=230577.74  ΔlogZ=61.31: : 11400 dead [03:57, 48.14 dead/s]
NS  logZ=230581.82  ΔlogZ=61.65: : 11400 dead [03:57, 48.14 dead/s]  [iter  115]     2.1 s  logZ=+230585.376  ΔlogZ=57.866  dead=11500

NS  logZ=230581.82  ΔlogZ=61.65: : 11500 dead [03:59, 48.22 dead/s]
NS  logZ=230585.38  ΔlogZ=57.87: : 11500 dead [03:59, 48.22 dead/s]  [iter  116]     2.1 s  logZ=+230589.305  ΔlogZ=53.715  dead=11600

NS  logZ=230585.38  ΔlogZ=57.87: : 11600 dead [04:01, 47.97 dead/s]
NS  logZ=230589.30  ΔlogZ=53.71: : 11600 dead [04:01, 47.97 dead/s]  [iter  117]     2.1 s  logZ=+230593.278  ΔlogZ=49.521  dead=11700

NS  logZ=230589.30  ΔlogZ=53.71: : 11700 dead [04:03, 47.74 dead/s]
NS  logZ=230593.28  ΔlogZ=49.52: : 11700 dead [04:03, 47.74 dead/s]  [iter  118]     2.1 s  logZ=+230597.147  ΔlogZ=50.613  dead=11800

NS  logZ=230593.28  ΔlogZ=49.52: : 11800 dead [04:05, 47.49 dead/s]
NS  logZ=230597.15  ΔlogZ=50.61: : 11800 dead [04:05, 47.49 dead/s]  [iter  119]     2.2 s  logZ=+230600.349  ΔlogZ=48.913  dead=11900

NS  logZ=230597.15  ΔlogZ=50.61: : 11900 dead [04:07, 47.06 dead/s]
NS  logZ=230600.35  ΔlogZ=48.91: : 11900 dead [04:07, 47.06 dead/s]  [iter  120]     2.1 s  logZ=+230603.710  ΔlogZ=45.688  dead=12000

NS  logZ=230600.35  ΔlogZ=48.91: : 12000 dead [04:09, 46.95 dead/s]
NS  logZ=230603.71  ΔlogZ=45.69: : 12000 dead [04:09, 46.95 dead/s]  [iter  121]     2.2 s  logZ=+230606.718  ΔlogZ=42.457  dead=12100

NS  logZ=230603.71  ΔlogZ=45.69: : 12100 dead [04:11, 46.64 dead/s]
NS  logZ=230606.72  ΔlogZ=42.46: : 12100 dead [04:11, 46.64 dead/s]  [iter  122]     2.1 s  logZ=+230609.961  ΔlogZ=38.994  dead=12200

NS  logZ=230606.72  ΔlogZ=42.46: : 12200 dead [04:14, 46.75 dead/s]
NS  logZ=230609.96  ΔlogZ=38.99: : 12200 dead [04:14, 46.75 dead/s]  [iter  123]     2.2 s  logZ=+230612.582  ΔlogZ=36.150  dead=12300

NS  logZ=230609.96  ΔlogZ=38.99: : 12300 dead [04:16, 46.46 dead/s]
NS  logZ=230612.58  ΔlogZ=36.15: : 12300 dead [04:16, 46.46 dead/s]  [iter  124]     2.1 s  logZ=+230614.711  ΔlogZ=38.598  dead=12400

NS  logZ=230612.58  ΔlogZ=36.15: : 12400 dead [04:18, 46.78 dead/s]
NS  logZ=230614.71  ΔlogZ=38.60: : 12400 dead [04:18, 46.78 dead/s]  [iter  125]     2.2 s  logZ=+230616.691  ΔlogZ=36.394  dead=12500

NS  logZ=230614.71  ΔlogZ=38.60: : 12500 dead [04:20, 46.25 dead/s]
NS  logZ=230616.69  ΔlogZ=36.39: : 12500 dead [04:20, 46.25 dead/s]  [iter  126]     2.1 s  logZ=+230618.758  ΔlogZ=34.125  dead=12600

NS  logZ=230616.69  ΔlogZ=36.39: : 12600 dead [04:22, 46.40 dead/s]
NS  logZ=230618.76  ΔlogZ=34.13: : 12600 dead [04:22, 46.40 dead/s]  [iter  127]     2.1 s  logZ=+230621.049  ΔlogZ=31.645  dead=12700

NS  logZ=230618.76  ΔlogZ=34.13: : 12700 dead [04:24, 46.77 dead/s]
NS  logZ=230621.05  ΔlogZ=31.65: : 12700 dead [04:24, 46.77 dead/s]  [iter  128]     2.1 s  logZ=+230623.454  ΔlogZ=29.031  dead=12800

NS  logZ=230621.05  ΔlogZ=31.65: : 12800 dead [04:26, 47.01 dead/s]
NS  logZ=230623.45  ΔlogZ=29.03: : 12800 dead [04:26, 47.01 dead/s]  [iter  129]     2.1 s  logZ=+230625.433  ΔlogZ=27.041  dead=12900

NS  logZ=230623.45  ΔlogZ=29.03: : 12900 dead [04:29, 46.98 dead/s]
NS  logZ=230625.43  ΔlogZ=27.04: : 12900 dead [04:29, 46.98 dead/s]  [iter  130]     2.2 s  logZ=+230627.242  ΔlogZ=27.656  dead=13000

NS  logZ=230625.43  ΔlogZ=27.04: : 13000 dead [04:31, 46.73 dead/s]
NS  logZ=230627.24  ΔlogZ=27.66: : 13000 dead [04:31, 46.73 dead/s]  [iter  131]     2.1 s  logZ=+230628.883  ΔlogZ=25.810  dead=13100

NS  logZ=230627.24  ΔlogZ=27.66: : 13100 dead [04:33, 46.73 dead/s]
NS  logZ=230628.88  ΔlogZ=25.81: : 13100 dead [04:33, 46.73 dead/s]  [iter  132]     2.2 s  logZ=+230630.546  ΔlogZ=24.275  dead=13200

NS  logZ=230628.88  ΔlogZ=25.81: : 13200 dead [04:35, 46.40 dead/s]
NS  logZ=230630.55  ΔlogZ=24.27: : 13200 dead [04:35, 46.40 dead/s]  [iter  133]     2.2 s  logZ=+230632.055  ΔlogZ=24.230  dead=13300

NS  logZ=230630.55  ΔlogZ=24.27: : 13300 dead [04:37, 46.24 dead/s]
NS  logZ=230632.05  ΔlogZ=24.23: : 13300 dead [04:37, 46.24 dead/s]  [iter  134]     2.2 s  logZ=+230633.533  ΔlogZ=22.600  dead=13400

NS  logZ=230632.05  ΔlogZ=24.23: : 13400 dead [04:39, 46.09 dead/s]
NS  logZ=230633.53  ΔlogZ=22.60: : 13400 dead [04:39, 46.09 dead/s]  [iter  135]     2.2 s  logZ=+230634.914  ΔlogZ=21.410  dead=13500

NS  logZ=230633.53  ΔlogZ=22.60: : 13500 dead [04:42, 45.97 dead/s]
NS  logZ=230634.91  ΔlogZ=21.41: : 13500 dead [04:42, 45.97 dead/s]  [iter  136]     2.2 s  logZ=+230636.159  ΔlogZ=19.942  dead=13600

NS  logZ=230634.91  ΔlogZ=21.41: : 13600 dead [04:44, 46.05 dead/s]
NS  logZ=230636.16  ΔlogZ=19.94: : 13600 dead [04:44, 46.05 dead/s]  [iter  137]     2.2 s  logZ=+230637.274  ΔlogZ=18.645  dead=13700

NS  logZ=230636.16  ΔlogZ=19.94: : 13700 dead [04:46, 46.10 dead/s]
NS  logZ=230637.27  ΔlogZ=18.64: : 13700 dead [04:46, 46.10 dead/s]  [iter  138]     2.2 s  logZ=+230638.407  ΔlogZ=17.345  dead=13800

NS  logZ=230637.27  ΔlogZ=18.64: : 13800 dead [04:48, 46.10 dead/s]
NS  logZ=230638.41  ΔlogZ=17.34: : 13800 dead [04:48, 46.10 dead/s]  [iter  139]     2.2 s  logZ=+230639.468  ΔlogZ=16.070  dead=13900

NS  logZ=230638.41  ΔlogZ=17.34: : 13900 dead [04:50, 46.12 dead/s]
NS  logZ=230639.47  ΔlogZ=16.07: : 13900 dead [04:50, 46.12 dead/s]  [iter  140]     2.2 s  logZ=+230640.565  ΔlogZ=14.779  dead=14000

NS  logZ=230639.47  ΔlogZ=16.07: : 14000 dead [04:52, 46.18 dead/s]
NS  logZ=230640.57  ΔlogZ=14.78: : 14000 dead [04:52, 46.18 dead/s]  [iter  141]     2.2 s  logZ=+230641.578  ΔlogZ=13.606  dead=14100

NS  logZ=230640.57  ΔlogZ=14.78: : 14100 dead [04:55, 46.20 dead/s]
NS  logZ=230641.58  ΔlogZ=13.61: : 14100 dead [04:55, 46.20 dead/s]  [iter  142]     2.1 s  logZ=+230642.630  ΔlogZ=16.089  dead=14200

NS  logZ=230641.58  ΔlogZ=13.61: : 14200 dead [04:57, 46.62 dead/s]
NS  logZ=230642.63  ΔlogZ=16.09: : 14200 dead [04:57, 46.62 dead/s]  [iter  143]     2.2 s  logZ=+230643.632  ΔlogZ=14.864  dead=14300

NS  logZ=230642.63  ΔlogZ=16.09: : 14300 dead [04:59, 46.51 dead/s]
NS  logZ=230643.63  ΔlogZ=14.86: : 14300 dead [04:59, 46.51 dead/s]  [iter  144]     2.2 s  logZ=+230644.488  ΔlogZ=13.793  dead=14400

NS  logZ=230643.63  ΔlogZ=14.86: : 14400 dead [05:01, 46.46 dead/s]
NS  logZ=230644.49  ΔlogZ=13.79: : 14400 dead [05:01, 46.46 dead/s]  [iter  145]     2.2 s  logZ=+230645.248  ΔlogZ=12.953  dead=14500

NS  logZ=230644.49  ΔlogZ=13.79: : 14500 dead [05:03, 46.30 dead/s]
NS  logZ=230645.25  ΔlogZ=12.95: : 14500 dead [05:03, 46.30 dead/s]  [iter  146]     2.2 s  logZ=+230646.053  ΔlogZ=11.953  dead=14600

NS  logZ=230645.25  ΔlogZ=12.95: : 14600 dead [05:05, 45.88 dead/s]
NS  logZ=230646.05  ΔlogZ=11.95: : 14600 dead [05:05, 45.88 dead/s]  [iter  147]     2.1 s  logZ=+230646.845  ΔlogZ=11.037  dead=14700

NS  logZ=230646.05  ΔlogZ=11.95: : 14700 dead [05:08, 46.23 dead/s]
NS  logZ=230646.84  ΔlogZ=11.04: : 14700 dead [05:08, 46.23 dead/s]  [iter  148]     2.1 s  logZ=+230647.560  ΔlogZ=10.109  dead=14800

NS  logZ=230646.84  ΔlogZ=11.04: : 14800 dead [05:10, 46.42 dead/s]
NS  logZ=230647.56  ΔlogZ=10.11: : 14800 dead [05:10, 46.42 dead/s]  [iter  149]     2.2 s  logZ=+230648.228  ΔlogZ=9.292  dead=14900

NS  logZ=230647.56  ΔlogZ=10.11: : 14900 dead [05:12, 46.35 dead/s]
NS  logZ=230648.23  ΔlogZ=9.29: : 14900 dead [05:12, 46.35 dead/s]   [iter  150]     2.2 s  logZ=+230648.845  ΔlogZ=8.495  dead=15000

NS  logZ=230648.23  ΔlogZ=9.29: : 15000 dead [05:14, 45.76 dead/s]
NS  logZ=230648.85  ΔlogZ=8.49: : 15000 dead [05:14, 45.76 dead/s]  [iter  151]     2.2 s  logZ=+230649.404  ΔlogZ=8.029  dead=15100

NS  logZ=230648.85  ΔlogZ=8.49: : 15100 dead [05:16, 45.64 dead/s]
NS  logZ=230649.40  ΔlogZ=8.03: : 15100 dead [05:16, 45.64 dead/s]  [iter  152]     2.2 s  logZ=+230649.912  ΔlogZ=7.333  dead=15200

NS  logZ=230649.40  ΔlogZ=8.03: : 15200 dead [05:19, 45.38 dead/s]
NS  logZ=230649.91  ΔlogZ=7.33: : 15200 dead [05:19, 45.38 dead/s]  [iter  153]     2.1 s  logZ=+230650.368  ΔlogZ=6.697  dead=15300

NS  logZ=230649.91  ΔlogZ=7.33: : 15300 dead [05:21, 45.78 dead/s]
NS  logZ=230650.37  ΔlogZ=6.70: : 15300 dead [05:21, 45.78 dead/s]  [iter  154]     2.2 s  logZ=+230650.784  ΔlogZ=6.100  dead=15400

NS  logZ=230650.37  ΔlogZ=6.70: : 15400 dead [05:23, 45.47 dead/s]
NS  logZ=230650.78  ΔlogZ=6.10: : 15400 dead [05:23, 45.47 dead/s]  [iter  155]     2.2 s  logZ=+230651.162  ΔlogZ=5.803  dead=15500

NS  logZ=230650.78  ΔlogZ=6.10: : 15500 dead [05:25, 45.19 dead/s]
NS  logZ=230651.16  ΔlogZ=5.80: : 15500 dead [05:25, 45.19 dead/s]  [iter  156]     2.3 s  logZ=+230651.518  ΔlogZ=5.400  dead=15600

NS  logZ=230651.16  ΔlogZ=5.80: : 15600 dead [05:27, 44.68 dead/s]
NS  logZ=230651.52  ΔlogZ=5.40: : 15600 dead [05:27, 44.68 dead/s]  [iter  157]     2.2 s  logZ=+230651.872  ΔlogZ=5.409  dead=15700

NS  logZ=230651.52  ΔlogZ=5.40: : 15700 dead [05:30, 44.60 dead/s]
NS  logZ=230651.87  ΔlogZ=5.41: : 15700 dead [05:30, 44.60 dead/s]  [iter  158]     2.3 s  logZ=+230652.236  ΔlogZ=4.904  dead=15800

NS  logZ=230651.87  ΔlogZ=5.41: : 15800 dead [05:32, 44.51 dead/s]
NS  logZ=230652.24  ΔlogZ=4.90: : 15800 dead [05:32, 44.51 dead/s]  [iter  159]     2.2 s  logZ=+230652.584  ΔlogZ=4.450  dead=15900

NS  logZ=230652.24  ΔlogZ=4.90: : 15900 dead [05:34, 44.53 dead/s]
NS  logZ=230652.58  ΔlogZ=4.45: : 15900 dead [05:34, 44.53 dead/s]  [iter  160]     2.2 s  logZ=+230652.901  ΔlogZ=4.149  dead=16000

NS  logZ=230652.58  ΔlogZ=4.45: : 16000 dead [05:36, 44.83 dead/s]
NS  logZ=230652.90  ΔlogZ=4.15: : 16000 dead [05:36, 44.83 dead/s]  [iter  161]     2.3 s  logZ=+230653.200  ΔlogZ=3.763  dead=16100

NS  logZ=230652.90  ΔlogZ=4.15: : 16100 dead [05:39, 44.47 dead/s]
NS  logZ=230653.20  ΔlogZ=3.76: : 16100 dead [05:39, 44.47 dead/s]  [iter  162]     2.2 s  logZ=+230653.470  ΔlogZ=3.537  dead=16200

NS  logZ=230653.20  ΔlogZ=3.76: : 16200 dead [05:41, 44.44 dead/s]
NS  logZ=230653.47  ΔlogZ=3.54: : 16200 dead [05:41, 44.44 dead/s]  [iter  163]     2.2 s  logZ=+230653.723  ΔlogZ=3.204  dead=16300

NS  logZ=230653.47  ΔlogZ=3.54: : 16300 dead [05:43, 44.57 dead/s]
NS  logZ=230653.72  ΔlogZ=3.20: : 16300 dead [05:43, 44.57 dead/s]  [iter  164]     2.2 s  logZ=+230653.956  ΔlogZ=2.967  dead=16400

NS  logZ=230653.72  ΔlogZ=3.20: : 16400 dead [05:45, 44.59 dead/s]
NS  logZ=230653.96  ΔlogZ=2.97: : 16400 dead [05:45, 44.59 dead/s]  [iter  165]     2.2 s  logZ=+230654.182  ΔlogZ=2.638  dead=16500

NS  logZ=230653.96  ΔlogZ=2.97: : 16500 dead [05:48, 44.62 dead/s]
NS  logZ=230654.18  ΔlogZ=2.64: : 16500 dead [05:48, 44.62 dead/s]  [iter  166]     2.2 s  logZ=+230654.402  ΔlogZ=2.350  dead=16600

NS  logZ=230654.18  ΔlogZ=2.64: : 16600 dead [05:50, 44.55 dead/s]
NS  logZ=230654.40  ΔlogZ=2.35: : 16600 dead [05:50, 44.55 dead/s]  [iter  167]     2.2 s  logZ=+230654.614  ΔlogZ=2.078  dead=16700

NS  logZ=230654.40  ΔlogZ=2.35: : 16700 dead [05:52, 44.54 dead/s]
NS  logZ=230654.61  ΔlogZ=2.08: : 16700 dead [05:52, 44.54 dead/s]  [iter  168]     2.2 s  logZ=+230654.810  ΔlogZ=1.884  dead=16800

NS  logZ=230654.61  ΔlogZ=2.08: : 16800 dead [05:54, 44.51 dead/s]
NS  logZ=230654.81  ΔlogZ=1.88: : 16800 dead [05:54, 44.51 dead/s]  [iter  169]     2.2 s  logZ=+230654.990  ΔlogZ=1.662  dead=16900

NS  logZ=230654.81  ΔlogZ=1.88: : 16900 dead [05:57, 44.65 dead/s]
NS  logZ=230654.99  ΔlogZ=1.66: : 16900 dead [05:57, 44.65 dead/s]  [iter  170]     2.2 s  logZ=+230655.153  ΔlogZ=1.465  dead=17000

NS  logZ=230654.99  ΔlogZ=1.66: : 17000 dead [05:59, 44.82 dead/s]
NS  logZ=230655.15  ΔlogZ=1.46: : 17000 dead [05:59, 44.82 dead/s]  [iter  171]     2.2 s  logZ=+230655.309  ΔlogZ=1.238  dead=17100

NS  logZ=230655.15  ΔlogZ=1.46: : 17100 dead [06:01, 44.77 dead/s]
NS  logZ=230655.31  ΔlogZ=1.24: : 17100 dead [06:01, 44.77 dead/s]  [iter  172]     2.2 s  logZ=+230655.452  ΔlogZ=1.061  dead=17200

NS  logZ=230655.31  ΔlogZ=1.24: : 17200 dead [06:03, 45.22 dead/s]
NS  logZ=230655.45  ΔlogZ=1.06: : 17200 dead [06:03, 45.22 dead/s]  [iter  173]     2.3 s  logZ=+230655.583  ΔlogZ=0.854  dead=17300

NS  logZ=230655.45  ΔlogZ=1.06: : 17300 dead [06:06, 44.92 dead/s]
NS  logZ=230655.58  ΔlogZ=0.85: : 17300 dead [06:06, 44.92 dead/s]  [iter  174]     2.3 s  logZ=+230655.704  ΔlogZ=0.650  dead=17400

NS  logZ=230655.58  ΔlogZ=0.85: : 17400 dead [06:08, 44.57 dead/s]
NS  logZ=230655.70  ΔlogZ=0.65: : 17400 dead [06:08, 44.57 dead/s]  [iter  175]     2.2 s  logZ=+230655.814  ΔlogZ=0.470  dead=17500

NS  logZ=230655.70  ΔlogZ=0.65: : 17500 dead [06:10, 44.88 dead/s]
NS  logZ=230655.81  ΔlogZ=0.47: : 17500 dead [06:10, 44.88 dead/s]  [iter  176]     2.1 s  logZ=+230655.918  ΔlogZ=0.307  dead=17600

NS  logZ=230655.81  ΔlogZ=0.47: : 17600 dead [06:12, 45.36 dead/s]
NS  logZ=230655.92  ΔlogZ=0.31: : 17600 dead [06:12, 45.36 dead/s]  [iter  177]     2.1 s  logZ=+230656.011  ΔlogZ=0.141  dead=17700

NS  logZ=230655.92  ΔlogZ=0.31: : 17700 dead [06:14, 46.15 dead/s]
NS  logZ=230656.01  ΔlogZ=0.14: : 17700 dead [06:14, 46.15 dead/s]  [iter  178]     2.1 s  logZ=+230656.097  ΔlogZ=-0.020  dead=17800

NS  logZ=230656.01  ΔlogZ=0.14: : 17800 dead [06:16, 46.30 dead/s]
NS  logZ=230656.10  ΔlogZ=-0.02: : 17800 dead [06:16, 46.30 dead/s]  [iter  179]     2.2 s  logZ=+230656.173  ΔlogZ=-0.190  dead=17900

NS  logZ=230656.10  ΔlogZ=-0.02: : 17900 dead [06:19, 46.19 dead/s]
NS  logZ=230656.17  ΔlogZ=-0.19: : 17900 dead [06:19, 46.19 dead/s]  [iter  180]     2.0 s  logZ=+230656.241  ΔlogZ=-0.338  dead=18000

NS  logZ=230656.17  ΔlogZ=-0.19: : 18000 dead [06:21, 46.98 dead/s]
NS  logZ=230656.24  ΔlogZ=-0.34: : 18000 dead [06:21, 46.98 dead/s]  [iter  181]     2.0 s  logZ=+230656.302  ΔlogZ=-0.496  dead=18100

NS  logZ=230656.24  ΔlogZ=-0.34: : 18100 dead [06:23, 47.95 dead/s]
NS  logZ=230656.30  ΔlogZ=-0.50: : 18100 dead [06:23, 47.95 dead/s]  [iter  182]     2.0 s  logZ=+230656.357  ΔlogZ=-0.660  dead=18200

NS  logZ=230656.30  ΔlogZ=-0.50: : 18200 dead [06:25, 48.23 dead/s]
NS  logZ=230656.36  ΔlogZ=-0.66: : 18200 dead [06:25, 48.23 dead/s]  [iter  183]     2.1 s  logZ=+230656.407  ΔlogZ=-0.837  dead=18300

NS  logZ=230656.36  ΔlogZ=-0.66: : 18300 dead [06:27, 48.29 dead/s]
NS  logZ=230656.41  ΔlogZ=-0.84: : 18300 dead [06:27, 48.29 dead/s]  [iter  184]     1.9 s  logZ=+230656.452  ΔlogZ=-1.012  dead=18400

NS  logZ=230656.41  ΔlogZ=-0.84: : 18400 dead [06:29, 49.33 dead/s]
NS  logZ=230656.45  ΔlogZ=-1.01: : 18400 dead [06:29, 49.33 dead/s]  [iter  185]     2.0 s  logZ=+230656.492  ΔlogZ=-1.173  dead=18500

NS  logZ=230656.45  ΔlogZ=-1.01: : 18500 dead [06:31, 49.69 dead/s]
NS  logZ=230656.49  ΔlogZ=-1.17: : 18500 dead [06:31, 49.69 dead/s]  [iter  186]     2.0 s  logZ=+230656.527  ΔlogZ=-1.309  dead=18600

NS  logZ=230656.49  ΔlogZ=-1.17: : 18600 dead [06:33, 49.85 dead/s]
NS  logZ=230656.53  ΔlogZ=-1.31: : 18600 dead [06:33, 49.85 dead/s]  [iter  187]     2.0 s  logZ=+230656.558  ΔlogZ=-1.477  dead=18700

NS  logZ=230656.53  ΔlogZ=-1.31: : 18700 dead [06:35, 50.01 dead/s]
NS  logZ=230656.56  ΔlogZ=-1.48: : 18700 dead [06:35, 50.01 dead/s]  [iter  188]     2.0 s  logZ=+230656.586  ΔlogZ=-1.644  dead=18800

NS  logZ=230656.56  ΔlogZ=-1.48: : 18800 dead [06:37, 50.19 dead/s]
NS  logZ=230656.59  ΔlogZ=-1.64: : 18800 dead [06:37, 50.19 dead/s]  [iter  189]     2.1 s  logZ=+230656.610  ΔlogZ=-1.805  dead=18900

NS  logZ=230656.59  ΔlogZ=-1.64: : 18900 dead [06:39, 49.46 dead/s]
NS  logZ=230656.61  ΔlogZ=-1.80: : 18900 dead [06:39, 49.46 dead/s]  [iter  190]     2.0 s  logZ=+230656.631  ΔlogZ=-1.981  dead=19000

NS  logZ=230656.61  ΔlogZ=-1.80: : 19000 dead [06:41, 49.53 dead/s]
NS  logZ=230656.63  ΔlogZ=-1.98: : 19000 dead [06:41, 49.53 dead/s]  [iter  191]     2.0 s  logZ=+230656.650  ΔlogZ=-2.120  dead=19100

NS  logZ=230656.63  ΔlogZ=-1.98: : 19100 dead [06:43, 49.60 dead/s]
NS  logZ=230656.65  ΔlogZ=-2.12: : 19100 dead [06:43, 49.60 dead/s]  [iter  192]     1.9 s  logZ=+230656.666  ΔlogZ=-2.280  dead=19200

NS  logZ=230656.65  ΔlogZ=-2.12: : 19200 dead [06:45, 50.07 dead/s]
NS  logZ=230656.67  ΔlogZ=-2.28: : 19200 dead [06:45, 50.07 dead/s]  [iter  193]     2.0 s  logZ=+230656.680  ΔlogZ=-2.447  dead=19300

NS  logZ=230656.67  ΔlogZ=-2.28: : 19300 dead [06:47, 49.75 dead/s]
NS  logZ=230656.68  ΔlogZ=-2.45: : 19300 dead [06:47, 49.75 dead/s]  [iter  194]     2.1 s  logZ=+230656.693  ΔlogZ=-2.626  dead=19400

NS  logZ=230656.68  ΔlogZ=-2.45: : 19400 dead [06:49, 49.28 dead/s]
NS  logZ=230656.69  ΔlogZ=-2.63: : 19400 dead [06:49, 49.28 dead/s]  [iter  195]     2.0 s  logZ=+230656.703  ΔlogZ=-2.794  dead=19500

NS  logZ=230656.69  ΔlogZ=-2.63: : 19500 dead [06:51, 49.20 dead/s]
NS  logZ=230656.70  ΔlogZ=-2.79: : 19500 dead [06:51, 49.20 dead/s]  [iter  196]     2.1 s  logZ=+230656.712  ΔlogZ=-2.959  dead=19600

NS  logZ=230656.70  ΔlogZ=-2.79: : 19600 dead [06:53, 49.02 dead/s]
NS  logZ=230656.71  ΔlogZ=-2.96: : 19600 dead [06:53, 49.02 dead/s]  [iter  197]     2.1 s  logZ=+230656.720  ΔlogZ=-3.137  dead=19700

NS  logZ=230656.71  ΔlogZ=-2.96: : 19700 dead [06:55, 48.67 dead/s]
NS  logZ=230656.72  ΔlogZ=-3.14: : 19700 dead [06:55, 48.67 dead/s]  [iter  198]     2.1 s  logZ=+230656.726  ΔlogZ=-3.318  dead=19800

NS  logZ=230656.72  ΔlogZ=-3.14: : 19800 dead [06:57, 48.52 dead/s]
NS  logZ=230656.73  ΔlogZ=-3.32: : 19800 dead [06:57, 48.52 dead/s]  [iter  199]     2.1 s  logZ=+230656.732  ΔlogZ=-3.492  dead=19900

NS  logZ=230656.73  ΔlogZ=-3.32: : 19900 dead [06:59, 48.36 dead/s]
NS  logZ=230656.73  ΔlogZ=-3.49: : 19900 dead [06:59, 48.36 dead/s]  [iter  200]     2.0 s  logZ=+230656.737  ΔlogZ=-3.669  dead=20000

NS  logZ=230656.73  ΔlogZ=-3.49: : 20000 dead [07:01, 48.70 dead/s]
NS  logZ=230656.74  ΔlogZ=-3.67: : 20000 dead [07:01, 48.70 dead/s]  [iter  201]     2.0 s  logZ=+230656.741  ΔlogZ=-3.830  dead=20100

NS  logZ=230656.74  ΔlogZ=-3.67: : 20100 dead [07:03, 49.06 dead/s]
NS  logZ=230656.74  ΔlogZ=-3.83: : 20100 dead [07:03, 49.06 dead/s]  [iter  202]     2.0 s  logZ=+230656.744  ΔlogZ=-4.007  dead=20200

NS  logZ=230656.74  ΔlogZ=-3.83: : 20200 dead [07:05, 49.31 dead/s]
NS  logZ=230656.74  ΔlogZ=-4.01: : 20200 dead [07:05, 49.31 dead/s]  [iter  203]     2.0 s  logZ=+230656.747  ΔlogZ=-4.183  dead=20300

NS  logZ=230656.74  ΔlogZ=-4.01: : 20300 dead [07:07, 49.52 dead/s]
NS  logZ=230656.75  ΔlogZ=-4.18: : 20300 dead [07:07, 49.52 dead/s]  [iter  204]     2.0 s  logZ=+230656.750  ΔlogZ=-4.363  dead=20400

NS  logZ=230656.75  ΔlogZ=-4.18: : 20400 dead [07:09, 49.67 dead/s]
NS  logZ=230656.75  ΔlogZ=-4.36: : 20400 dead [07:09, 49.67 dead/s]  [iter  205]     2.0 s  logZ=+230656.752  ΔlogZ=-4.545  dead=20500

NS  logZ=230656.75  ΔlogZ=-4.36: : 20500 dead [07:11, 49.70 dead/s]
NS  logZ=230656.75  ΔlogZ=-4.54: : 20500 dead [07:11, 49.70 dead/s]  [iter  206]     2.0 s  logZ=+230656.753  ΔlogZ=-4.724  dead=20600

NS  logZ=230656.75  ΔlogZ=-4.54: : 20600 dead [07:13, 49.55 dead/s]
NS  logZ=230656.75  ΔlogZ=-4.72: : 20600 dead [07:13, 49.55 dead/s]  [iter  207]     1.9 s  logZ=+230656.755  ΔlogZ=-4.899  dead=20700

NS  logZ=230656.75  ΔlogZ=-4.72: : 20700 dead [07:15, 50.13 dead/s]
NS  logZ=230656.75  ΔlogZ=-4.90: : 20700 dead [07:15, 50.13 dead/s]  [iter  208]     1.9 s  logZ=+230656.756  ΔlogZ=-5.080  dead=20800

NS  logZ=230656.75  ΔlogZ=-4.90: : 20800 dead [07:17, 50.72 dead/s]
NS  logZ=230656.76  ΔlogZ=-5.08: : 20800 dead [07:17, 50.72 dead/s]
NS  logZ=230656.76  ΔlogZ=-5.08: : 20800 dead [07:17, 47.54 dead/s]  Converged  logZ = 230656.756  (437.5 s,  1,352,000 likelihood calls)

saved result: /workspace/cosmic-chronometers-jwst/results/ceridwen-speedups/M1_210210-20260905-candidate/ceridwen_result.h5
blackjax.nss  |  n_samples=21300  ln Z = 230656.804 ± 0.213  |  n_like = 1352000  |  wall = 437.5 s
joint fit: diagnostics passed
ln Z: 230656.804 +/- 0.213
posterior-weight ESS: 3428.4
likelihood calls: 1352000
findfont: Failed to find font weight semibold, now using 700.
photometry chi2/datum: 12.34
spectrum chi2/bin: 1.05
joint chi2/datum: 1.09
sampled calibration floor: 3.08%
native valid pixels shown: 4053
native residual pixels after masks: 3523
native spectrum is the fitted high-resolution likelihood
P(lambda) median over fitted pixels: 0.8654 - 1.0992
end-to-end tilt P(red) / P(blue) - 1: +0.1004
joint redshift fixed at 0.6542
spectrum normalization fitted with spectrum_scaling
joint fit status: diagnostics passed
saved derived outputs: /workspace/cosmic-chronometers-jwst/results/ceridwen-speedups/M1_210210-20260905-candidate/ceridwen_derived_outputs.h5
{
  "workload": "dr2_poly3_total",
  "target": "M1_210210",
  "fit_arm": "candidate",
  "fit_seed": 20260905,
  "validation_seed": 20260905,
  "prior_points": 64,
  "posterior_points": 64,
  "batch_size": 100,
  "numerical_passed": true,
  "prediction_error_in_sigma": {
    "photometry": 0.0,
    "spectrum": 0.0
  },
  "max_abs_loglike_error": 0.0,
  "max_relative_gradient_error": 4.263648907845314e-06,
  "interpolation_relative_error_vs_float64": {
    "dense": 0.0006621487040028686,
    "dense_highest": 1.0745285976009625e-07,
    "gather": 1.0745285976009625e-07
  },
  "calibration_probe": {
    "max_abs_loglike_error": 9.313225746154785e-10,
    "batch_seconds": {
      "baseline": [
        0.0018566790968179703,
        0.0017432700842618942,
        0.0017408551648259163,
        0.001754390075802803,
        0.0017405534163117409,
        0.0017427988350391388,
        0.0017431983724236488,
        0.0017639072611927986,
        0.0017738454043865204,
        0.0017611924558877945,
        0.001775318756699562,
        0.001762615516781807,
        0.0017765508964657784,
        0.0017697475850582123,
        0.0017698388546705246,
        0.0017646485939621925,
        0.0017592087388038635,
        0.0017635561525821686,
        0.001758798025548458,
        0.0017650695517659187,
        0.0017609121277928352,
        0.001763656735420227,
        0.0017660614103078842,
        0.001763046719133854,
        0.0017608022317290306,
        0.0017643384635448456,
        0.0017644893378019333,
        0.0017877724021673203,
        0.0017841747030615807,
        0.001787601038813591,
        0.001772753894329071,
        0.0017938530072569847,
        0.0017816303297877312,
        0.0017908765003085136,
        0.001789064146578312,
        0.001782882958650589,
        0.001789664849638939,
        0.0017815502360463142,
        0.0017848676070570946,
        0.0017785551026463509
      ],
      "cholesky": [
        0.0017521260306239128,
        0.0017566531896591187,
        0.0017467457801103592,
        0.001750783994793892,
        0.0017407042905688286,
        0.001745091751217842,
        0.0017462735995650291,
        0.0017757182940840721,
        0.0017655296251177788,
        0.0017591984942555428,
        0.0017668725922703743,
        0.0017623649910092354,
        0.0017728237435221672,
        0.001759619452059269,
        0.0017717815935611725,
        0.0017625847831368446,
        0.0017738351598381996,
        0.00176224485039711,
        0.001774878241121769,
        0.001759098842740059,
        0.0017732642590999603,
        0.0017691971734166145,
        0.001772443763911724,
        0.0017669135704636574,
        0.0017718514427542686,
        0.0017731646075844765,
        0.0017631659284234047,
        0.0017876708880066872,
        0.001788233406841755,
        0.0017887940630316734,
        0.001779886893928051,
        0.0017862394452095032,
        0.0017819609493017197,
        0.0017750682309269905,
        0.001773906871676445,
        0.0018041515722870827,
        0.0017920201644301414,
        0.0017742365598678589,
        0.0017885630950331688,
        0.0017763003706932068
      ]
    },
    "speedup": 0.9962857934160138
  },
  "likelihood_speedup": 0.9983201465356111,
  "interpolation_speedup": 11.477191052523324,
  "software": {
    "jax": "0.10.2",
    "jaxlib": "0.10.2",
    "blackjax": "1.6.dev98+gf73e12956",
    "ceridwen": "0.2.3",
    "sedpy-jax": "0.1.1"
  },
  "devices": [
    "NVIDIA GeForce RTX 5060"
  ],
  "x64": true,
  "validation_instance_id": "50006998"
}
