
[2026-09-21T20:01:34.676113+00:00] starting fixed-seed attempt
[IPKernelApp] WARNING | Kernel is running over TCP without encryption. All communication (including code and outputs) is sent in plain text and is susceptible to eavesdropping. Use IPC transport or launch with kernel manager-provisioned CurveZMQ keys to enable transport encryption.
WARNING: UnitsWarning: 'log(solMass)' did not parse as fits unit: 'log' is not a recognized function If this is meant to be a custom unit, define it with 'u.def_unit'. To have it recognized inside a file reader or other code, enable it with 'u.add_enabled_units'. For details, see https://docs.astropy.org/en/latest/units/combining_and_defining.html [astropy.units.core]
WARNING: UnitsWarning: 'log(solMass)' did not parse as fits unit: 'log' is not a recognized function If this is meant to be a custom unit, define it with 'u.def_unit'. To have it recognized inside a file reader or other code, enable it with 'u.add_enabled_units'. For details, see https://docs.astropy.org/en/latest/units/combining_and_defining.html [astropy.units.core]
WARNING: UnitsWarning: 'log(solMass)' did not parse as fits unit: 'log' is not a recognized function If this is meant to be a custom unit, define it with 'u.def_unit'. To have it recognized inside a file reader or other code, enable it with 'u.add_enabled_units'. For details, see https://docs.astropy.org/en/latest/units/combining_and_defining.html [astropy.units.core]
WARNING: UnitsWarning: 'log(solMass)' did not parse as fits unit: 'log' is not a recognized function If this is meant to be a custom unit, define it with 'u.def_unit'. To have it recognized inside a file reader or other code, enable it with 'u.add_enabled_units'. For details, see https://docs.astropy.org/en/latest/units/combining_and_defining.html [astropy.units.core]
WARNING: UnitsWarning: 'log(solMass.yr**-1)' did not parse as fits unit: 'log' is not a recognized function If this is meant to be a custom unit, define it with 'u.def_unit'. To have it recognized inside a file reader or other code, enable it with 'u.add_enabled_units'. For details, see https://docs.astropy.org/en/latest/units/combining_and_defining.html [astropy.units.core]
WARNING: UnitsWarning: 'log(solMass.yr**-1)' did not parse as fits unit: 'log' is not a recognized function If this is meant to be a custom unit, define it with 'u.def_unit'. To have it recognized inside a file reader or other code, enable it with 'u.add_enabled_units'. For details, see https://docs.astropy.org/en/latest/units/combining_and_defining.html [astropy.units.core]
WARNING: UnitsWarning: 'log(solMass.yr**-1)' did not parse as fits unit: 'log' is not a recognized function If this is meant to be a custom unit, define it with 'u.def_unit'. To have it recognized inside a file reader or other code, enable it with 'u.add_enabled_units'. For details, see https://docs.astropy.org/en/latest/units/combining_and_defining.html [astropy.units.core]
WARNING: UnitsWarning: 'log(solMass.yr**-1)' did not parse as fits unit: 'log' is not a recognized function If this is meant to be a custom unit, define it with 'u.def_unit'. To have it recognized inside a file reader or other code, enable it with 'u.add_enabled_units'. For details, see https://docs.astropy.org/en/latest/units/combining_and_defining.html [astropy.units.core]
WARNING: UnitsWarning: 'log(yr**-1)' did not parse as fits unit: 'log' is not a recognized function If this is meant to be a custom unit, define it with 'u.def_unit'. To have it recognized inside a file reader or other code, enable it with 'u.add_enabled_units'. For details, see https://docs.astropy.org/en/latest/units/combining_and_defining.html [astropy.units.core]
WARNING: UnitsWarning: 'log(yr**-1)' did not parse as fits unit: 'log' is not a recognized function If this is meant to be a custom unit, define it with 'u.def_unit'. To have it recognized inside a file reader or other code, enable it with 'u.add_enabled_units'. For details, see https://docs.astropy.org/en/latest/units/combining_and_defining.html [astropy.units.core]
WARNING: UnitsWarning: 'log(yr**-1)' did not parse as fits unit: 'log' is not a recognized function If this is meant to be a custom unit, define it with 'u.def_unit'. To have it recognized inside a file reader or other code, enable it with 'u.add_enabled_units'. For details, see https://docs.astropy.org/en/latest/units/combining_and_defining.html [astropy.units.core]
WARNING: UnitsWarning: 'log(yr**-1)' did not parse as fits unit: 'log' is not a recognized function If this is meant to be a custom unit, define it with 'u.def_unit'. To have it recognized inside a file reader or other code, enable it with 'u.add_enabled_units'. For details, see https://docs.astropy.org/en/latest/units/combining_and_defining.html [astropy.units.core]
WARNING: UnitsWarning: 'log(solMass)' did not parse as fits unit: 'log' is not a recognized function If this is meant to be a custom unit, define it with 'u.def_unit'. To have it recognized inside a file reader or other code, enable it with 'u.add_enabled_units'. For details, see https://docs.astropy.org/en/latest/units/combining_and_defining.html [astropy.units.core]
WARNING: UnitsWarning: 'log(solMass.yr**-1)' did not parse as fits unit: 'log' is not a recognized function If this is meant to be a custom unit, define it with 'u.def_unit'. To have it recognized inside a file reader or other code, enable it with 'u.add_enabled_units'. For details, see https://docs.astropy.org/en/latest/units/combining_and_defining.html [astropy.units.core]
WARNING: UnitsWarning: 'log(yr**-1)' did not parse as fits unit: 'log' is not a recognized function If this is meant to be a custom unit, define it with 'u.def_unit'. To have it recognized inside a file reader or other code, enable it with 'u.add_enabled_units'. For details, see https://docs.astropy.org/en/latest/units/combining_and_defining.html [astropy.units.core]
WARNING: UnitsWarning: 'log(solLum)' did not parse as fits unit: 'log' is not a recognized function If this is meant to be a custom unit, define it with 'u.def_unit'. To have it recognized inside a file reader or other code, enable it with 'u.add_enabled_units'. For details, see https://docs.astropy.org/en/latest/units/combining_and_defining.html [astropy.units.core]
WARNING: UnitsWarning: 'log(solMass)' did not parse as fits unit: 'log' is not a recognized function If this is meant to be a custom unit, define it with 'u.def_unit'. To have it recognized inside a file reader or other code, enable it with 'u.add_enabled_units'. For details, see https://docs.astropy.org/en/latest/units/combining_and_defining.html [astropy.units.core]
WARNING: UnitsWarning: 'log(solMass)' did not parse as fits unit: 'log' is not a recognized function If this is meant to be a custom unit, define it with 'u.def_unit'. To have it recognized inside a file reader or other code, enable it with 'u.add_enabled_units'. For details, see https://docs.astropy.org/en/latest/units/combining_and_defining.html [astropy.units.core]
WARNING: UnitsWarning: 'log(solMass)' did not parse as fits unit: 'log' is not a recognized function If this is meant to be a custom unit, define it with 'u.def_unit'. To have it recognized inside a file reader or other code, enable it with 'u.add_enabled_units'. For details, see https://docs.astropy.org/en/latest/units/combining_and_defining.html [astropy.units.core]
WARNING: UnitsWarning: 'log(solMass)' did not parse as fits unit: 'log' is not a recognized function If this is meant to be a custom unit, define it with 'u.def_unit'. To have it recognized inside a file reader or other code, enable it with 'u.add_enabled_units'. For details, see https://docs.astropy.org/en/latest/units/combining_and_defining.html [astropy.units.core]
WARNING: UnitsWarning: 'log(solMass)' did not parse as fits unit: 'log' is not a recognized function If this is meant to be a custom unit, define it with 'u.def_unit'. To have it recognized inside a file reader or other code, enable it with 'u.add_enabled_units'. For details, see https://docs.astropy.org/en/latest/units/combining_and_defining.html [astropy.units.core]
WARNING: UnitsWarning: 'log(solMass.yr**-1)' did not parse as fits unit: 'log' is not a recognized function If this is meant to be a custom unit, define it with 'u.def_unit'. To have it recognized inside a file reader or other code, enable it with 'u.add_enabled_units'. For details, see https://docs.astropy.org/en/latest/units/combining_and_defining.html [astropy.units.core]
WARNING: UnitsWarning: 'log(solMass.yr**-1)' did not parse as fits unit: 'log' is not a recognized function If this is meant to be a custom unit, define it with 'u.def_unit'. To have it recognized inside a file reader or other code, enable it with 'u.add_enabled_units'. For details, see https://docs.astropy.org/en/latest/units/combining_and_defining.html [astropy.units.core]
WARNING: UnitsWarning: 'log(solMass.yr**-1)' did not parse as fits unit: 'log' is not a recognized function If this is meant to be a custom unit, define it with 'u.def_unit'. To have it recognized inside a file reader or other code, enable it with 'u.add_enabled_units'. For details, see https://docs.astropy.org/en/latest/units/combining_and_defining.html [astropy.units.core]
WARNING: UnitsWarning: 'log(solMass.yr**-1)' did not parse as fits unit: 'log' is not a recognized function If this is meant to be a custom unit, define it with 'u.def_unit'. To have it recognized inside a file reader or other code, enable it with 'u.add_enabled_units'. For details, see https://docs.astropy.org/en/latest/units/combining_and_defining.html [astropy.units.core]
WARNING: UnitsWarning: 'log(solMass.yr**-1)' did not parse as fits unit: 'log' is not a recognized function If this is meant to be a custom unit, define it with 'u.def_unit'. To have it recognized inside a file reader or other code, enable it with 'u.add_enabled_units'. For details, see https://docs.astropy.org/en/latest/units/combining_and_defining.html [astropy.units.core]
WARNING: UnitsWarning: 'log(solLum)' did not parse as fits unit: 'log' is not a recognized function If this is meant to be a custom unit, define it with 'u.def_unit'. To have it recognized inside a file reader or other code, enable it with 'u.add_enabled_units'. For details, see https://docs.astropy.org/en/latest/units/combining_and_defining.html [astropy.units.core]
WARNING: UnitsWarning: 'log(solLum)' did not parse as fits unit: 'log' is not a recognized function If this is meant to be a custom unit, define it with 'u.def_unit'. To have it recognized inside a file reader or other code, enable it with 'u.add_enabled_units'. For details, see https://docs.astropy.org/en/latest/units/combining_and_defining.html [astropy.units.core]
WARNING: UnitsWarning: 'log(solLum)' did not parse as fits unit: 'log' is not a recognized function If this is meant to be a custom unit, define it with 'u.def_unit'. To have it recognized inside a file reader or other code, enable it with 'u.add_enabled_units'. For details, see https://docs.astropy.org/en/latest/units/combining_and_defining.html [astropy.units.core]
WARNING: UnitsWarning: 'log(solLum)' did not parse as fits unit: 'log' is not a recognized function If this is meant to be a custom unit, define it with 'u.def_unit'. To have it recognized inside a file reader or other code, enable it with 'u.add_enabled_units'. For details, see https://docs.astropy.org/en/latest/units/combining_and_defining.html [astropy.units.core]
WARNING: UnitsWarning: 'log(solLum)' did not parse as fits unit: 'log' is not a recognized function If this is meant to be a custom unit, define it with 'u.def_unit'. To have it recognized inside a file reader or other code, enable it with 'u.add_enabled_units'. For details, see https://docs.astropy.org/en/latest/units/combining_and_defining.html [astropy.units.core]
WARNING: UnitsWarning: 'log(yr**-1)' did not parse as fits unit: 'log' is not a recognized function If this is meant to be a custom unit, define it with 'u.def_unit'. To have it recognized inside a file reader or other code, enable it with 'u.add_enabled_units'. For details, see https://docs.astropy.org/en/latest/units/combining_and_defining.html [astropy.units.core]
WARNING: UnitsWarning: 'log(yr**-1)' did not parse as fits unit: 'log' is not a recognized function If this is meant to be a custom unit, define it with 'u.def_unit'. To have it recognized inside a file reader or other code, enable it with 'u.add_enabled_units'. For details, see https://docs.astropy.org/en/latest/units/combining_and_defining.html [astropy.units.core]
WARNING: UnitsWarning: 'log(yr**-1)' did not parse as fits unit: 'log' is not a recognized function If this is meant to be a custom unit, define it with 'u.def_unit'. To have it recognized inside a file reader or other code, enable it with 'u.add_enabled_units'. For details, see https://docs.astropy.org/en/latest/units/combining_and_defining.html [astropy.units.core]
WARNING: UnitsWarning: 'log(yr**-1)' did not parse as fits unit: 'log' is not a recognized function If this is meant to be a custom unit, define it with 'u.def_unit'. To have it recognized inside a file reader or other code, enable it with 'u.add_enabled_units'. For details, see https://docs.astropy.org/en/latest/units/combining_and_defining.html [astropy.units.core]
WARNING: UnitsWarning: 'log(yr**-1)' did not parse as fits unit: 'log' is not a recognized function If this is meant to be a custom unit, define it with 'u.def_unit'. To have it recognized inside a file reader or other code, enable it with 'u.add_enabled_units'. For details, see https://docs.astropy.org/en/latest/units/combining_and_defining.html [astropy.units.core]
WARNING: UnitsWarning: 'log(solMass)' did not parse as fits unit: 'log' is not a recognized function If this is meant to be a custom unit, define it with 'u.def_unit'. To have it recognized inside a file reader or other code, enable it with 'u.add_enabled_units'. For details, see https://docs.astropy.org/en/latest/units/combining_and_defining.html [astropy.units.core]
WARNING: UnitsWarning: 'log(solMass)' did not parse as fits unit: 'log' is not a recognized function If this is meant to be a custom unit, define it with 'u.def_unit'. To have it recognized inside a file reader or other code, enable it with 'u.add_enabled_units'. For details, see https://docs.astropy.org/en/latest/units/combining_and_defining.html [astropy.units.core]
WARNING: UnitsWarning: 'log(solMass)' did not parse as fits unit: 'log' is not a recognized function If this is meant to be a custom unit, define it with 'u.def_unit'. To have it recognized inside a file reader or other code, enable it with 'u.add_enabled_units'. For details, see https://docs.astropy.org/en/latest/units/combining_and_defining.html [astropy.units.core]
WARNING: UnitsWarning: 'log(solMass)' did not parse as fits unit: 'log' is not a recognized function If this is meant to be a custom unit, define it with 'u.def_unit'. To have it recognized inside a file reader or other code, enable it with 'u.add_enabled_units'. For details, see https://docs.astropy.org/en/latest/units/combining_and_defining.html [astropy.units.core]
WARNING: UnitsWarning: 'log(solMass.yr**-1)' did not parse as fits unit: 'log' is not a recognized function If this is meant to be a custom unit, define it with 'u.def_unit'. To have it recognized inside a file reader or other code, enable it with 'u.add_enabled_units'. For details, see https://docs.astropy.org/en/latest/units/combining_and_defining.html [astropy.units.core]
WARNING: UnitsWarning: 'log(solMass.yr**-1)' did not parse as fits unit: 'log' is not a recognized function If this is meant to be a custom unit, define it with 'u.def_unit'. To have it recognized inside a file reader or other code, enable it with 'u.add_enabled_units'. For details, see https://docs.astropy.org/en/latest/units/combining_and_defining.html [astropy.units.core]
WARNING: UnitsWarning: 'log(solMass.yr**-1)' did not parse as fits unit: 'log' is not a recognized function If this is meant to be a custom unit, define it with 'u.def_unit'. To have it recognized inside a file reader or other code, enable it with 'u.add_enabled_units'. For details, see https://docs.astropy.org/en/latest/units/combining_and_defining.html [astropy.units.core]
WARNING: UnitsWarning: 'log(solMass.yr**-1)' did not parse as fits unit: 'log' is not a recognized function If this is meant to be a custom unit, define it with 'u.def_unit'. To have it recognized inside a file reader or other code, enable it with 'u.add_enabled_units'. For details, see https://docs.astropy.org/en/latest/units/combining_and_defining.html [astropy.units.core]
WARNING: UnitsWarning: 'log(yr**-1)' did not parse as fits unit: 'log' is not a recognized function If this is meant to be a custom unit, define it with 'u.def_unit'. To have it recognized inside a file reader or other code, enable it with 'u.add_enabled_units'. For details, see https://docs.astropy.org/en/latest/units/combining_and_defining.html [astropy.units.core]
WARNING: UnitsWarning: 'log(yr**-1)' did not parse as fits unit: 'log' is not a recognized function If this is meant to be a custom unit, define it with 'u.def_unit'. To have it recognized inside a file reader or other code, enable it with 'u.add_enabled_units'. For details, see https://docs.astropy.org/en/latest/units/combining_and_defining.html [astropy.units.core]
WARNING: UnitsWarning: 'log(yr**-1)' did not parse as fits unit: 'log' is not a recognized function If this is meant to be a custom unit, define it with 'u.def_unit'. To have it recognized inside a file reader or other code, enable it with 'u.add_enabled_units'. For details, see https://docs.astropy.org/en/latest/units/combining_and_defining.html [astropy.units.core]
WARNING: UnitsWarning: 'log(yr**-1)' did not parse as fits unit: 'log' is not a recognized function If this is meant to be a custom unit, define it with 'u.def_unit'. To have it recognized inside a file reader or other code, enable it with 'u.add_enabled_units'. For details, see https://docs.astropy.org/en/latest/units/combining_and_defining.html [astropy.units.core]
WARNING: UnitsWarning: 'log(solMass)' did not parse as fits unit: 'log' is not a recognized function If this is meant to be a custom unit, define it with 'u.def_unit'. To have it recognized inside a file reader or other code, enable it with 'u.add_enabled_units'. For details, see https://docs.astropy.org/en/latest/units/combining_and_defining.html [astropy.units.core]
WARNING: UnitsWarning: 'log(solMass.yr**-1)' did not parse as fits unit: 'log' is not a recognized function If this is meant to be a custom unit, define it with 'u.def_unit'. To have it recognized inside a file reader or other code, enable it with 'u.add_enabled_units'. For details, see https://docs.astropy.org/en/latest/units/combining_and_defining.html [astropy.units.core]
WARNING: UnitsWarning: 'log(yr**-1)' did not parse as fits unit: 'log' is not a recognized function If this is meant to be a custom unit, define it with 'u.def_unit'. To have it recognized inside a file reader or other code, enable it with 'u.add_enabled_units'. For details, see https://docs.astropy.org/en/latest/units/combining_and_defining.html [astropy.units.core]
WARNING: UnitsWarning: 'log(solLum)' did not parse as fits unit: 'log' is not a recognized function If this is meant to be a custom unit, define it with 'u.def_unit'. To have it recognized inside a file reader or other code, enable it with 'u.add_enabled_units'. For details, see https://docs.astropy.org/en/latest/units/combining_and_defining.html [astropy.units.core]
WARNING: UnitsWarning: 'log(solMass)' did not parse as fits unit: 'log' is not a recognized function If this is meant to be a custom unit, define it with 'u.def_unit'. To have it recognized inside a file reader or other code, enable it with 'u.add_enabled_units'. For details, see https://docs.astropy.org/en/latest/units/combining_and_defining.html [astropy.units.core]
WARNING: UnitsWarning: 'log(solMass)' did not parse as fits unit: 'log' is not a recognized function If this is meant to be a custom unit, define it with 'u.def_unit'. To have it recognized inside a file reader or other code, enable it with 'u.add_enabled_units'. For details, see https://docs.astropy.org/en/latest/units/combining_and_defining.html [astropy.units.core]
WARNING: UnitsWarning: 'log(solMass)' did not parse as fits unit: 'log' is not a recognized function If this is meant to be a custom unit, define it with 'u.def_unit'. To have it recognized inside a file reader or other code, enable it with 'u.add_enabled_units'. For details, see https://docs.astropy.org/en/latest/units/combining_and_defining.html [astropy.units.core]
WARNING: UnitsWarning: 'log(solMass)' did not parse as fits unit: 'log' is not a recognized function If this is meant to be a custom unit, define it with 'u.def_unit'. To have it recognized inside a file reader or other code, enable it with 'u.add_enabled_units'. For details, see https://docs.astropy.org/en/latest/units/combining_and_defining.html [astropy.units.core]
WARNING: UnitsWarning: 'log(solMass)' did not parse as fits unit: 'log' is not a recognized function If this is meant to be a custom unit, define it with 'u.def_unit'. To have it recognized inside a file reader or other code, enable it with 'u.add_enabled_units'. For details, see https://docs.astropy.org/en/latest/units/combining_and_defining.html [astropy.units.core]
WARNING: UnitsWarning: 'log(solMass.yr**-1)' did not parse as fits unit: 'log' is not a recognized function If this is meant to be a custom unit, define it with 'u.def_unit'. To have it recognized inside a file reader or other code, enable it with 'u.add_enabled_units'. For details, see https://docs.astropy.org/en/latest/units/combining_and_defining.html [astropy.units.core]
WARNING: UnitsWarning: 'log(solMass.yr**-1)' did not parse as fits unit: 'log' is not a recognized function If this is meant to be a custom unit, define it with 'u.def_unit'. To have it recognized inside a file reader or other code, enable it with 'u.add_enabled_units'. For details, see https://docs.astropy.org/en/latest/units/combining_and_defining.html [astropy.units.core]
WARNING: UnitsWarning: 'log(solMass.yr**-1)' did not parse as fits unit: 'log' is not a recognized function If this is meant to be a custom unit, define it with 'u.def_unit'. To have it recognized inside a file reader or other code, enable it with 'u.add_enabled_units'. For details, see https://docs.astropy.org/en/latest/units/combining_and_defining.html [astropy.units.core]
WARNING: UnitsWarning: 'log(solMass.yr**-1)' did not parse as fits unit: 'log' is not a recognized function If this is meant to be a custom unit, define it with 'u.def_unit'. To have it recognized inside a file reader or other code, enable it with 'u.add_enabled_units'. For details, see https://docs.astropy.org/en/latest/units/combining_and_defining.html [astropy.units.core]
WARNING: UnitsWarning: 'log(solMass.yr**-1)' did not parse as fits unit: 'log' is not a recognized function If this is meant to be a custom unit, define it with 'u.def_unit'. To have it recognized inside a file reader or other code, enable it with 'u.add_enabled_units'. For details, see https://docs.astropy.org/en/latest/units/combining_and_defining.html [astropy.units.core]
WARNING: UnitsWarning: 'log(solLum)' did not parse as fits unit: 'log' is not a recognized function If this is meant to be a custom unit, define it with 'u.def_unit'. To have it recognized inside a file reader or other code, enable it with 'u.add_enabled_units'. For details, see https://docs.astropy.org/en/latest/units/combining_and_defining.html [astropy.units.core]
WARNING: UnitsWarning: 'log(solLum)' did not parse as fits unit: 'log' is not a recognized function If this is meant to be a custom unit, define it with 'u.def_unit'. To have it recognized inside a file reader or other code, enable it with 'u.add_enabled_units'. For details, see https://docs.astropy.org/en/latest/units/combining_and_defining.html [astropy.units.core]
WARNING: UnitsWarning: 'log(solLum)' did not parse as fits unit: 'log' is not a recognized function If this is meant to be a custom unit, define it with 'u.def_unit'. To have it recognized inside a file reader or other code, enable it with 'u.add_enabled_units'. For details, see https://docs.astropy.org/en/latest/units/combining_and_defining.html [astropy.units.core]
WARNING: UnitsWarning: 'log(solLum)' did not parse as fits unit: 'log' is not a recognized function If this is meant to be a custom unit, define it with 'u.def_unit'. To have it recognized inside a file reader or other code, enable it with 'u.add_enabled_units'. For details, see https://docs.astropy.org/en/latest/units/combining_and_defining.html [astropy.units.core]
WARNING: UnitsWarning: 'log(solLum)' did not parse as fits unit: 'log' is not a recognized function If this is meant to be a custom unit, define it with 'u.def_unit'. To have it recognized inside a file reader or other code, enable it with 'u.add_enabled_units'. For details, see https://docs.astropy.org/en/latest/units/combining_and_defining.html [astropy.units.core]
WARNING: UnitsWarning: 'log(yr**-1)' did not parse as fits unit: 'log' is not a recognized function If this is meant to be a custom unit, define it with 'u.def_unit'. To have it recognized inside a file reader or other code, enable it with 'u.add_enabled_units'. For details, see https://docs.astropy.org/en/latest/units/combining_and_defining.html [astropy.units.core]
WARNING: UnitsWarning: 'log(yr**-1)' did not parse as fits unit: 'log' is not a recognized function If this is meant to be a custom unit, define it with 'u.def_unit'. To have it recognized inside a file reader or other code, enable it with 'u.add_enabled_units'. For details, see https://docs.astropy.org/en/latest/units/combining_and_defining.html [astropy.units.core]
WARNING: UnitsWarning: 'log(yr**-1)' did not parse as fits unit: 'log' is not a recognized function If this is meant to be a custom unit, define it with 'u.def_unit'. To have it recognized inside a file reader or other code, enable it with 'u.add_enabled_units'. For details, see https://docs.astropy.org/en/latest/units/combining_and_defining.html [astropy.units.core]
WARNING: UnitsWarning: 'log(yr**-1)' did not parse as fits unit: 'log' is not a recognized function If this is meant to be a custom unit, define it with 'u.def_unit'. To have it recognized inside a file reader or other code, enable it with 'u.add_enabled_units'. For details, see https://docs.astropy.org/en/latest/units/combining_and_defining.html [astropy.units.core]
WARNING: UnitsWarning: 'log(yr**-1)' did not parse as fits unit: 'log' is not a recognized function If this is meant to be a custom unit, define it with 'u.def_unit'. To have it recognized inside a file reader or other code, enable it with 'u.add_enabled_units'. For details, see https://docs.astropy.org/en/latest/units/combining_and_defining.html [astropy.units.core]
Using only diffuse dust attenuation.
Initializing DiffuseDust model...
Dust initialization complete.
Spectrum model: dust attenuation only (alpha-enhanced, no nebular)
MODEL PARAMETERS (generated from the SedModel object)
Stellar population grid
  library: C3K v2.3 high-res (c3k_hr, vt=10 km/s); isochrones: MIST v2.5 (aMIST, alpha-variable); IMF: imf_type=2 (Kroupa (2001)); schema 2.1
  grid axes: [alpha/Fe] [-0.2, 0, 0.2, 0.4, 0.6]; [Fe/H] 13 nodes [-2.500, 0.500] (grid Z + 1.7328283); log10(age/Gyr) 107 nodes; wavelength 10992 pts [100, 99595855] A
Star-formation history
  form: piecewise-constant SFR ('step' interpolation) on 7 lookback bins; metallicity history: constant Z
  bin edges (lookback, Gyr): [0, 0.03, 0.1, 0.3, 1, 3, 5, 7.566]  (last edge = universe age at z)
  free parameters: logsfr_ratios[7] = log10(SFR_i / SFR_i+1), transform 'sfh_from_ratios' -> unit-mass SFH (integral 1 Msun); logmass scales the total formed mass
Free parameters and priors
  Z: shape (1,); prior Uniform(-4.233, -1.233); init [-1.85]
  afe: shape (1,); prior Uniform(-0.2, 0.6); init [0.2]
  diffuse_dust_index: shape (1,); prior Uniform(-1, 0.4); init [-0.7]
  diffuse_tau_kc: shape (1,); prior Uniform(0, 1); init [0.1]
  log_f_calib: shape (1,); prior Uniform(-4.605, -2.303); init [-3.507]
  logmass: shape (1,); prior Uniform(8, 13); init [10.94]
  logsfr_ratios: shape (7,); prior StudentT(mean=0, scale=0.3, df=2); init [0, 0, 0, 0, 0, 0, 0]
  sigma_smooth: shape (1,); prior ClippedNormal(mean=259.5, sigma=6.5, low=240, high=279); init [259.5]
  spectrum_scaling: shape (1,); prior ClippedNormal(mean=1, sigma=0.3, low=0.2, high=3); init [1]
  zred: shape (1,); prior Uniform(0.5542, 0.7542); init [0.6542]
Fixed and derived quantities
  redshift: sampled as zred; SFH age grid tracks z: False
Dust, nebular emission, IGM
  diffuse attenuation: law 'kriek_conroy', parameters ['diffuse_tau_kc', 'diffuse_dust_index']; birth-cloud (age-dependent) dust: False; dust emission: False
  nebular emission: none (spectrum model 'get_spectrum_dattn_nodem_noneb')
  IGM absorption: none
  cosmology: Cosmology(H0=67.66, Om0=0.30966, Tcmb0=2.7255, Neff=3.046, m_nu_ev_sum=0.06)
Observations and calibration
  photometry: Photometry, 30 bands, 30 fitted; filters ['galex_NUV', 'cfht_megacam_us_9301', 'subaru_suprimecam_ia427', 'subaru_suprimecam_B', 'subaru_suprimecam_ia464', 'hsc_g', 'subaru_suprimecam_ia484', 'subaru_suprimecam_ia505', 'subaru_suprimecam_ia527', 'subaru_suprimecam_V', 'subaru_suprimecam_ia574', 'hsc_r', 'subaru_suprimecam_ia624', 'subaru_suprimecam_rp', 'subaru_suprimecam_ia679', 'subaru_suprimecam_ia709', 'subaru_suprimecam_ia738', 'subaru_suprimecam_ip', 'subaru_suprimecam_ia767', 'hsc_i', 'subaru_suprimecam_ia827', 'hsc_z', 'subaru_suprimecam_zp', 'hsc_y', 'vista_vircam_Y', 'vista_vircam_J', 'vista_vircam_H', 'vista_vircam_Ks', 'spitzer_irac_ch1', 'spitzer_irac_ch2']
  spectrum: Spectrum, 3523 of 6166 native pixels fitted, 6199-8635 A observed; instrument R = 2500 (R, fwhm); fixed stellar sigma_losvd = 259.5 km/s; CSP-level LOSVD 0.0 km/s
  likelihood[photometry]: DiagonalGaussianLikelihood with DiagonalNoiseModel: var = sigma_obs^2 (no extra terms)
  likelihood[spectrum]: DiagonalGaussianLikelihood with DiagonalNoiseModel: var = sigma_obs^2 + model-scaled fractional floor f_calib*|mu| (log_f_calib free in [1%, 10%])
  likelihood[spectrum] calibration polynomial: PolynomialCalibration(order=10, fit_constant=False, prior_sigma=(0.1, 0.1, 0.1, 0.1, 0.1, 0.1, 0.1, 0.1, 0.1, 0.1), marginalize=True, n_pix=6166)
  spectrum normalisation: free multiplicative spectrum_scaling, prior ClippedNormal(mean=1, sigma=0.3, low=0.2, high=3)
Sampler
  blackjax.nss: num_live 500, num_inner_steps 65, num_delete 100, logZ_tol -5.0; random seed 20260832
blackjax.nss  |  n_samples=29900  ln Z = 231476.727 ± 0.351  |  n_like = 10494423  |  wall = 1027.1 s
ln Z: 231476.727 +/- 0.351
posterior-weight ESS: 5499.2
likelihood calls: 10494423
status: diagnostics passed
Traceback (most recent call last):
  File "/workspace/cosmic-chronometers-jwst/scripts/run_ceridwen_vast_multi_gpu.py", line 656, in <module>
    raise SystemExit(main())
                     ^^^^^^
  File "/workspace/cosmic-chronometers-jwst/scripts/run_ceridwen_vast_multi_gpu.py", line 649, in main
    return _worker(args.worker_output)
           ^^^^^^^^^^^^^^^^^^^^^^^^^^^
  File "/workspace/cosmic-chronometers-jwst/scripts/run_ceridwen_vast_multi_gpu.py", line 330, in _worker
    client.execute()
  File "/workspace/cosmic-chronometers-jwst/.venv-ceridwen-gpu/lib/python3.11/site-packages/jupyter_core/utils/__init__.py", line 165, in wrapped
    return loop.run_until_complete(inner)
           ^^^^^^^^^^^^^^^^^^^^^^^^^^^^^^
  File "/.uv/python_install/cpython-3.11.16-linux-x86_64-gnu/lib/python3.11/asyncio/base_events.py", line 654, in run_until_complete
    return future.result()
           ^^^^^^^^^^^^^^^
  File "/workspace/cosmic-chronometers-jwst/.venv-ceridwen-gpu/lib/python3.11/site-packages/nbclient/client.py", line 709, in async_execute
    await self.async_execute_cell(
  File "/workspace/cosmic-chronometers-jwst/.venv-ceridwen-gpu/lib/python3.11/site-packages/nbclient/client.py", line 1062, in async_execute_cell
    await self._check_raise_for_error(cell, cell_index, exec_reply)
  File "/workspace/cosmic-chronometers-jwst/.venv-ceridwen-gpu/lib/python3.11/site-packages/nbclient/client.py", line 918, in _check_raise_for_error
    raise CellExecutionError.from_cell_and_msg(cell, exec_reply_content)
nbclient.exceptions.CellExecutionError: An error occurred while executing the following cell:
------------------
def posterior_batch(samples, model, count):
    total = len(next(iter(samples.values())))
    indices = np.linspace(0, total - 1, min(count, total), dtype=int)
    batch = {}
    for name, parameter_template in model.theta_init.items():
        values = np.asarray(samples[name])[indices]
        if np.shape(parameter_template) == (1,) and values.ndim == 1:
            values = values[:, None]
        batch[name] = jnp.asarray(values)
    return batch


predictive_batch = posterior_batch(joint_posterior, joint_model, 200)
joint_predictions = joint_model.predict_vmap(predictive_batch)
phot_predictions = np.asarray(joint_predictions["photometry"])
spectrum_predictions = np.asarray(joint_predictions["spectrum"])
# Per draw: the noise model's sigma at the uncalibrated model, then one coefficient
# draw from N(a_hat, N^-1); P(lambda) multiplies the prediction.
predictive_sigma = np.hypot(
    spectrum_uncertainty[None, :],
    np.exp(np.asarray(predictive_batch["log_f_calib"]).reshape(-1, 1)) * np.abs(spectrum_predictions),
)
calibration_coefficients, calibration_vectors = (
    np.asarray(value)
    for value in calibration_polynomial.posterior_draws(
        spectrum_flux, spectrum_predictions, predictive_sigma, spectrum_mask, jax.random.PRNGKey(SEED + 2)
    )
)
spectrum_predictions = spectrum_predictions * calibration_vectors
phot_q16, phot_q50, phot_q84 = np.percentile(phot_predictions, [16, 50, 84], axis=0)
spec_q16, spec_q50, spec_q84 = np.percentile(spectrum_predictions, [16, 50, 84], axis=0)

median_theta = {
    name: jnp.atleast_1d(np.median(np.asarray(values), axis=0)) for name, values in joint_posterior.items()
}
continuum = (
    np.asarray(joint_csp.get_spectrum(joint_model.apply_transforms(median_theta)))
    * 10 ** float(median_theta["logmass"][0])
    * float(flux_factor_maggies(z_catalog))
    / CGS_FNU_PER_MAGGIE
)
continuum_wave = np.asarray(joint_csp.wave) * (1 + z_catalog)
continuum_mask = (continuum_wave > 2500) & (continuum_wave < 55000)

# Photometry in microJy versus micron; the h5 stays in maggies.
MICRON_PER_ANGSTROM = 1e-4
phot_plot_wave = filter_wave_eff * MICRON_PER_ANGSTROM
fig, axes = plt.subplots(2, 1, figsize=(8, 6), gridspec_kw={"height_ratios": [3, 1]}, sharex=True)
axes[0].plot(
    continuum_wave[continuum_mask] * MICRON_PER_ANGSTROM, continuum[continuum_mask] / UJY_TO_MAGGIES,
    color="0.6", lw=0.8, label="median continuum",
)
axes[0].errorbar(
    phot_plot_wave, phot_flux / UJY_TO_MAGGIES,
    xerr=filter_wave_xerr * MICRON_PER_ANGSTROM, yerr=phot_uncertainty / UJY_TO_MAGGIES,
    fmt="o", color="tab:blue", label=f"{SETTINGS['photometry']} fitted bands",
)
axes[0].errorbar(
    phot_plot_wave, phot_q50 / UJY_TO_MAGGIES,
    yerr=[(phot_q50 - phot_q16) / UJY_TO_MAGGIES, (phot_q84 - phot_q50) / UJY_TO_MAGGIES],
    fmt="s", color="tab:red", label="joint Ceridwen",
)
axes[0].set(xscale="log", yscale="log", ylabel=r"$F_\nu$ [$\mu$Jy]")
set_plain_log_ticks(axes[0].yaxis, (1, 10, 100))
mark_filter_ranges(axes[0], x_scale=MICRON_PER_ANGSTROM)
mark_spectral_range(axes[0], show_label=True, x_scale=MICRON_PER_ANGSTROM)
axes[0].legend(frameon=False)
axes[1].axhline(0, color="0.5", lw=0.8)
axes[1].scatter(phot_plot_wave, (phot_flux - phot_q50) / phot_uncertainty, color="tab:blue")
mark_filter_ranges(axes[1], show_labels=False, x_scale=MICRON_PER_ANGSTROM)
mark_spectral_range(axes[1], x_scale=MICRON_PER_ANGSTROM)
axes[1].set(xscale="log", xlabel=r"observed wavelength [$\mu$m]", ylabel="pull")
set_plain_log_ticks(axes[1].xaxis, (0.4, 0.6, 1, 2, 4))
spectral_tight_layout()
plt.show()

calibration_fraction = float(np.exp(np.median(np.asarray(joint_posterior["log_f_calib"]))))
effective_spec_uncertainty = np.hypot(spectrum_uncertainty, calibration_fraction * np.abs(spec_q50))
spectrum_plot_pull = np.where(
    spectrum_mask, (spectrum_flux - spec_q50) / effective_spec_uncertainty, np.nan
)

# Spectrum in microJy; the likelihood and the h5 stay in cgs F_nu.
UJY_PER_CGS = 1e29
fig, axes = plt.subplots(2, 1, figsize=(10, 6), gridspec_kw={"height_ratios": [3, 1]}, sharex=True)
axes[0].errorbar(
    spectrum_wave,
    np.where(spectrum_mask, spectrum_flux, np.nan) * UJY_PER_CGS,
    yerr=np.where(spectrum_mask, effective_spec_uncertainty, np.nan) * UJY_PER_CGS,
    fmt="-", lw=0.5, color="0.35", label="measured LEGA-C",
)
axes[0].plot(
    spectrum_wave, np.where(spectrum_mask, spec_q50, np.nan) * UJY_PER_CGS, color="tab:red", lw=1.2,
    label="joint Ceridwen median",
)
axes[0].fill_between(
    spectrum_wave,
    np.where(spectrum_mask, spec_q16, np.nan) * UJY_PER_CGS,
    np.where(spectrum_mask, spec_q84, np.nan) * UJY_PER_CGS,
    color="tab:red", alpha=0.25,
)
axes[0].set(ylabel=r"$F_\nu$ [$\mu$Jy]")
axes[0].legend(frameon=False)
axes[1].axhline(0, color="0.5", lw=0.8)
axes[1].plot(spectrum_wave, spectrum_plot_pull, lw=0.45, color="0.35")
axes[1].set(xlabel="observed vacuum wavelength [angstrom]", ylabel="pull")
mark_filter_ranges(axes[0])
mark_filter_ranges(axes[1], show_labels=False)
mark_absorption_features(axes[0], z_catalog, show_labels=False)
mark_absorption_features(axes[1], z_catalog, xlabel="observed vacuum wavelength [angstrom]")
mark_rest_wavelength_axis(axes[0], z_catalog, label="rest-frame vacuum wavelength [angstrom]")
spectral_tight_layout()
plt.show()

phot_chi2 = np.sum(((phot_flux - phot_q50) / phot_uncertainty) ** 2)
spectrum_chi2 = np.sum(
    ((spectrum_flux[spectrum_mask] - spec_q50[spectrum_mask]) / effective_spec_uncertainty[spectrum_mask]) ** 2
)
joint_chi2 = phot_chi2 + spectrum_chi2
joint_points = phot_obs.ndof + spectrum_obs.ndof
print(f"photometry chi2/datum: {phot_chi2 / phot_obs.ndof:.2f}")
print(f"spectrum chi2/bin: {spectrum_chi2 / spectrum_obs.ndof:.2f}")
print(f"joint chi2/datum: {joint_chi2 / joint_points:.2f}")
print(f"sampled calibration floor: {100 * calibration_fraction:.2f}%")
------------------


[31m---------------------------------------------------------------------------[39m
[31mValueError[39m                                Traceback (most recent call last)
[36mCell[39m[36m [39m[32mIn[7][39m[32m, line 53[39m
[32m     49[39m axes[0].plot(
[32m     50[39m     continuum_wave[continuum_mask] * MICRON_PER_ANGSTROM, continuum[continuum_mask] / UJY_TO_MAGGIES,
[32m     51[39m     color=[33m"0.6"[39m, lw=[32m0.8[39m, label=[33m"median continuum"[39m,
[32m     52[39m )
[32m---> [39m[32m53[39m axes[0].errorbar(
[32m     54[39m     phot_plot_wave, phot_flux / UJY_TO_MAGGIES,
[32m     55[39m     xerr=filter_wave_xerr * MICRON_PER_ANGSTROM, yerr=phot_uncertainty / UJY_TO_MAGGIES,
[32m     56[39m     fmt=[33m"o"[39m, color=[33m"tab:blue"[39m, label=[33mf"{SETTINGS['photometry']} fitted bands"[39m,

    [31m[... skipping hidden 2 frame][39m

[36mFile [39m[32m/workspace/cosmic-chronometers-jwst/.venv-ceridwen-gpu/lib/python3.11/site-packages/matplotlib/axes/_axes.py:4232[39m, in [36mAxes.errorbar[39m[34m(self, x, y, yerr, xerr, fmt, ecolor, elinewidth, capsize, barsabove, lolims, uplims, xlolims, xuplims, errorevery, capthick, elinestyle, **kwargs)[39m
[32m   4226[39m [38;5;66;03m# Raise if any errors are negative, but not if they are nan.[39;00m
[32m   4227[39m [38;5;66;03m# To avoid nan comparisons (which lead to warnings on some[39;00m
[32m   4228[39m [38;5;66;03m# platforms), we select with `err==err` (which is False for nan).[39;00m
[32m   4229[39m [38;5;66;03m# Also, since datetime.timedelta cannot be compared with 0,[39;00m
[32m   4230[39m [38;5;66;03m# we compare with the negative error instead.[39;00m
[32m   4231[39m [38;5;28;01mif[39;00m np.any((check := err[err == err]) < -check):
[32m-> [39m[32m4232[39m     [38;5;28;01mraise[39;00m [38;5;167;01mValueError[39;00m(
[32m   4233[39m         [33mf[39m[33m"[39m[33m'[39m[38;5;132;01m{[39;00mdep_axis[38;5;132;01m}[39;00m[33merr[39m[33m'[39m[33m must not contain negative values[39m[33m"[39m)
[32m   4234[39m [38;5;66;03m# This is like[39;00m
[32m   4235[39m [38;5;66;03m#     elow, ehigh = np.broadcast_to(...)[39;00m
[32m   4236[39m [38;5;66;03m#     return dep - elow * ~lolims, dep + ehigh * ~uplims[39;00m
[32m   4237[39m [38;5;66;03m# except that broadcast_to would strip units.[39;00m
[32m   4238[39m low, high = dep + np.vstack([-([32m1[39m - lolims), [32m1[39m - uplims]) * err

[31mValueError[39m: 'xerr' must not contain negative values


[2026-09-21T20:19:49.480714+00:00] starting fixed-seed attempt
[IPKernelApp] WARNING | Kernel is running over TCP without encryption. All communication (including code and outputs) is sent in plain text and is susceptible to eavesdropping. Use IPC transport or launch with kernel manager-provisioned CurveZMQ keys to enable transport encryption.
WARNING: UnitsWarning: 'log(solMass)' did not parse as fits unit: 'log' is not a recognized function If this is meant to be a custom unit, define it with 'u.def_unit'. To have it recognized inside a file reader or other code, enable it with 'u.add_enabled_units'. For details, see https://docs.astropy.org/en/latest/units/combining_and_defining.html [astropy.units.core]
WARNING: UnitsWarning: 'log(solMass)' did not parse as fits unit: 'log' is not a recognized function If this is meant to be a custom unit, define it with 'u.def_unit'. To have it recognized inside a file reader or other code, enable it with 'u.add_enabled_units'. For details, see https://docs.astropy.org/en/latest/units/combining_and_defining.html [astropy.units.core]
WARNING: UnitsWarning: 'log(solMass)' did not parse as fits unit: 'log' is not a recognized function If this is meant to be a custom unit, define it with 'u.def_unit'. To have it recognized inside a file reader or other code, enable it with 'u.add_enabled_units'. For details, see https://docs.astropy.org/en/latest/units/combining_and_defining.html [astropy.units.core]
WARNING: UnitsWarning: 'log(solMass)' did not parse as fits unit: 'log' is not a recognized function If this is meant to be a custom unit, define it with 'u.def_unit'. To have it recognized inside a file reader or other code, enable it with 'u.add_enabled_units'. For details, see https://docs.astropy.org/en/latest/units/combining_and_defining.html [astropy.units.core]
WARNING: UnitsWarning: 'log(solMass.yr**-1)' did not parse as fits unit: 'log' is not a recognized function If this is meant to be a custom unit, define it with 'u.def_unit'. To have it recognized inside a file reader or other code, enable it with 'u.add_enabled_units'. For details, see https://docs.astropy.org/en/latest/units/combining_and_defining.html [astropy.units.core]
WARNING: UnitsWarning: 'log(solMass.yr**-1)' did not parse as fits unit: 'log' is not a recognized function If this is meant to be a custom unit, define it with 'u.def_unit'. To have it recognized inside a file reader or other code, enable it with 'u.add_enabled_units'. For details, see https://docs.astropy.org/en/latest/units/combining_and_defining.html [astropy.units.core]
WARNING: UnitsWarning: 'log(solMass.yr**-1)' did not parse as fits unit: 'log' is not a recognized function If this is meant to be a custom unit, define it with 'u.def_unit'. To have it recognized inside a file reader or other code, enable it with 'u.add_enabled_units'. For details, see https://docs.astropy.org/en/latest/units/combining_and_defining.html [astropy.units.core]
WARNING: UnitsWarning: 'log(solMass.yr**-1)' did not parse as fits unit: 'log' is not a recognized function If this is meant to be a custom unit, define it with 'u.def_unit'. To have it recognized inside a file reader or other code, enable it with 'u.add_enabled_units'. For details, see https://docs.astropy.org/en/latest/units/combining_and_defining.html [astropy.units.core]
WARNING: UnitsWarning: 'log(yr**-1)' did not parse as fits unit: 'log' is not a recognized function If this is meant to be a custom unit, define it with 'u.def_unit'. To have it recognized inside a file reader or other code, enable it with 'u.add_enabled_units'. For details, see https://docs.astropy.org/en/latest/units/combining_and_defining.html [astropy.units.core]
WARNING: UnitsWarning: 'log(yr**-1)' did not parse as fits unit: 'log' is not a recognized function If this is meant to be a custom unit, define it with 'u.def_unit'. To have it recognized inside a file reader or other code, enable it with 'u.add_enabled_units'. For details, see https://docs.astropy.org/en/latest/units/combining_and_defining.html [astropy.units.core]
WARNING: UnitsWarning: 'log(yr**-1)' did not parse as fits unit: 'log' is not a recognized function If this is meant to be a custom unit, define it with 'u.def_unit'. To have it recognized inside a file reader or other code, enable it with 'u.add_enabled_units'. For details, see https://docs.astropy.org/en/latest/units/combining_and_defining.html [astropy.units.core]
WARNING: UnitsWarning: 'log(yr**-1)' did not parse as fits unit: 'log' is not a recognized function If this is meant to be a custom unit, define it with 'u.def_unit'. To have it recognized inside a file reader or other code, enable it with 'u.add_enabled_units'. For details, see https://docs.astropy.org/en/latest/units/combining_and_defining.html [astropy.units.core]
WARNING: UnitsWarning: 'log(solMass)' did not parse as fits unit: 'log' is not a recognized function If this is meant to be a custom unit, define it with 'u.def_unit'. To have it recognized inside a file reader or other code, enable it with 'u.add_enabled_units'. For details, see https://docs.astropy.org/en/latest/units/combining_and_defining.html [astropy.units.core]
WARNING: UnitsWarning: 'log(solMass.yr**-1)' did not parse as fits unit: 'log' is not a recognized function If this is meant to be a custom unit, define it with 'u.def_unit'. To have it recognized inside a file reader or other code, enable it with 'u.add_enabled_units'. For details, see https://docs.astropy.org/en/latest/units/combining_and_defining.html [astropy.units.core]
WARNING: UnitsWarning: 'log(yr**-1)' did not parse as fits unit: 'log' is not a recognized function If this is meant to be a custom unit, define it with 'u.def_unit'. To have it recognized inside a file reader or other code, enable it with 'u.add_enabled_units'. For details, see https://docs.astropy.org/en/latest/units/combining_and_defining.html [astropy.units.core]
WARNING: UnitsWarning: 'log(solLum)' did not parse as fits unit: 'log' is not a recognized function If this is meant to be a custom unit, define it with 'u.def_unit'. To have it recognized inside a file reader or other code, enable it with 'u.add_enabled_units'. For details, see https://docs.astropy.org/en/latest/units/combining_and_defining.html [astropy.units.core]
WARNING: UnitsWarning: 'log(solMass)' did not parse as fits unit: 'log' is not a recognized function If this is meant to be a custom unit, define it with 'u.def_unit'. To have it recognized inside a file reader or other code, enable it with 'u.add_enabled_units'. For details, see https://docs.astropy.org/en/latest/units/combining_and_defining.html [astropy.units.core]
WARNING: UnitsWarning: 'log(solMass)' did not parse as fits unit: 'log' is not a recognized function If this is meant to be a custom unit, define it with 'u.def_unit'. To have it recognized inside a file reader or other code, enable it with 'u.add_enabled_units'. For details, see https://docs.astropy.org/en/latest/units/combining_and_defining.html [astropy.units.core]
WARNING: UnitsWarning: 'log(solMass)' did not parse as fits unit: 'log' is not a recognized function If this is meant to be a custom unit, define it with 'u.def_unit'. To have it recognized inside a file reader or other code, enable it with 'u.add_enabled_units'. For details, see https://docs.astropy.org/en/latest/units/combining_and_defining.html [astropy.units.core]
WARNING: UnitsWarning: 'log(solMass)' did not parse as fits unit: 'log' is not a recognized function If this is meant to be a custom unit, define it with 'u.def_unit'. To have it recognized inside a file reader or other code, enable it with 'u.add_enabled_units'. For details, see https://docs.astropy.org/en/latest/units/combining_and_defining.html [astropy.units.core]
WARNING: UnitsWarning: 'log(solMass)' did not parse as fits unit: 'log' is not a recognized function If this is meant to be a custom unit, define it with 'u.def_unit'. To have it recognized inside a file reader or other code, enable it with 'u.add_enabled_units'. For details, see https://docs.astropy.org/en/latest/units/combining_and_defining.html [astropy.units.core]
WARNING: UnitsWarning: 'log(solMass.yr**-1)' did not parse as fits unit: 'log' is not a recognized function If this is meant to be a custom unit, define it with 'u.def_unit'. To have it recognized inside a file reader or other code, enable it with 'u.add_enabled_units'. For details, see https://docs.astropy.org/en/latest/units/combining_and_defining.html [astropy.units.core]
WARNING: UnitsWarning: 'log(solMass.yr**-1)' did not parse as fits unit: 'log' is not a recognized function If this is meant to be a custom unit, define it with 'u.def_unit'. To have it recognized inside a file reader or other code, enable it with 'u.add_enabled_units'. For details, see https://docs.astropy.org/en/latest/units/combining_and_defining.html [astropy.units.core]
WARNING: UnitsWarning: 'log(solMass.yr**-1)' did not parse as fits unit: 'log' is not a recognized function If this is meant to be a custom unit, define it with 'u.def_unit'. To have it recognized inside a file reader or other code, enable it with 'u.add_enabled_units'. For details, see https://docs.astropy.org/en/latest/units/combining_and_defining.html [astropy.units.core]
WARNING: UnitsWarning: 'log(solMass.yr**-1)' did not parse as fits unit: 'log' is not a recognized function If this is meant to be a custom unit, define it with 'u.def_unit'. To have it recognized inside a file reader or other code, enable it with 'u.add_enabled_units'. For details, see https://docs.astropy.org/en/latest/units/combining_and_defining.html [astropy.units.core]
WARNING: UnitsWarning: 'log(solMass.yr**-1)' did not parse as fits unit: 'log' is not a recognized function If this is meant to be a custom unit, define it with 'u.def_unit'. To have it recognized inside a file reader or other code, enable it with 'u.add_enabled_units'. For details, see https://docs.astropy.org/en/latest/units/combining_and_defining.html [astropy.units.core]
WARNING: UnitsWarning: 'log(solLum)' did not parse as fits unit: 'log' is not a recognized function If this is meant to be a custom unit, define it with 'u.def_unit'. To have it recognized inside a file reader or other code, enable it with 'u.add_enabled_units'. For details, see https://docs.astropy.org/en/latest/units/combining_and_defining.html [astropy.units.core]
WARNING: UnitsWarning: 'log(solLum)' did not parse as fits unit: 'log' is not a recognized function If this is meant to be a custom unit, define it with 'u.def_unit'. To have it recognized inside a file reader or other code, enable it with 'u.add_enabled_units'. For details, see https://docs.astropy.org/en/latest/units/combining_and_defining.html [astropy.units.core]
WARNING: UnitsWarning: 'log(solLum)' did not parse as fits unit: 'log' is not a recognized function If this is meant to be a custom unit, define it with 'u.def_unit'. To have it recognized inside a file reader or other code, enable it with 'u.add_enabled_units'. For details, see https://docs.astropy.org/en/latest/units/combining_and_defining.html [astropy.units.core]
WARNING: UnitsWarning: 'log(solLum)' did not parse as fits unit: 'log' is not a recognized function If this is meant to be a custom unit, define it with 'u.def_unit'. To have it recognized inside a file reader or other code, enable it with 'u.add_enabled_units'. For details, see https://docs.astropy.org/en/latest/units/combining_and_defining.html [astropy.units.core]
WARNING: UnitsWarning: 'log(solLum)' did not parse as fits unit: 'log' is not a recognized function If this is meant to be a custom unit, define it with 'u.def_unit'. To have it recognized inside a file reader or other code, enable it with 'u.add_enabled_units'. For details, see https://docs.astropy.org/en/latest/units/combining_and_defining.html [astropy.units.core]
WARNING: UnitsWarning: 'log(yr**-1)' did not parse as fits unit: 'log' is not a recognized function If this is meant to be a custom unit, define it with 'u.def_unit'. To have it recognized inside a file reader or other code, enable it with 'u.add_enabled_units'. For details, see https://docs.astropy.org/en/latest/units/combining_and_defining.html [astropy.units.core]
WARNING: UnitsWarning: 'log(yr**-1)' did not parse as fits unit: 'log' is not a recognized function If this is meant to be a custom unit, define it with 'u.def_unit'. To have it recognized inside a file reader or other code, enable it with 'u.add_enabled_units'. For details, see https://docs.astropy.org/en/latest/units/combining_and_defining.html [astropy.units.core]
WARNING: UnitsWarning: 'log(yr**-1)' did not parse as fits unit: 'log' is not a recognized function If this is meant to be a custom unit, define it with 'u.def_unit'. To have it recognized inside a file reader or other code, enable it with 'u.add_enabled_units'. For details, see https://docs.astropy.org/en/latest/units/combining_and_defining.html [astropy.units.core]
WARNING: UnitsWarning: 'log(yr**-1)' did not parse as fits unit: 'log' is not a recognized function If this is meant to be a custom unit, define it with 'u.def_unit'. To have it recognized inside a file reader or other code, enable it with 'u.add_enabled_units'. For details, see https://docs.astropy.org/en/latest/units/combining_and_defining.html [astropy.units.core]
WARNING: UnitsWarning: 'log(yr**-1)' did not parse as fits unit: 'log' is not a recognized function If this is meant to be a custom unit, define it with 'u.def_unit'. To have it recognized inside a file reader or other code, enable it with 'u.add_enabled_units'. For details, see https://docs.astropy.org/en/latest/units/combining_and_defining.html [astropy.units.core]
WARNING: UnitsWarning: 'log(solMass)' did not parse as fits unit: 'log' is not a recognized function If this is meant to be a custom unit, define it with 'u.def_unit'. To have it recognized inside a file reader or other code, enable it with 'u.add_enabled_units'. For details, see https://docs.astropy.org/en/latest/units/combining_and_defining.html [astropy.units.core]
WARNING: UnitsWarning: 'log(solMass)' did not parse as fits unit: 'log' is not a recognized function If this is meant to be a custom unit, define it with 'u.def_unit'. To have it recognized inside a file reader or other code, enable it with 'u.add_enabled_units'. For details, see https://docs.astropy.org/en/latest/units/combining_and_defining.html [astropy.units.core]
WARNING: UnitsWarning: 'log(solMass)' did not parse as fits unit: 'log' is not a recognized function If this is meant to be a custom unit, define it with 'u.def_unit'. To have it recognized inside a file reader or other code, enable it with 'u.add_enabled_units'. For details, see https://docs.astropy.org/en/latest/units/combining_and_defining.html [astropy.units.core]
WARNING: UnitsWarning: 'log(solMass)' did not parse as fits unit: 'log' is not a recognized function If this is meant to be a custom unit, define it with 'u.def_unit'. To have it recognized inside a file reader or other code, enable it with 'u.add_enabled_units'. For details, see https://docs.astropy.org/en/latest/units/combining_and_defining.html [astropy.units.core]
WARNING: UnitsWarning: 'log(solMass.yr**-1)' did not parse as fits unit: 'log' is not a recognized function If this is meant to be a custom unit, define it with 'u.def_unit'. To have it recognized inside a file reader or other code, enable it with 'u.add_enabled_units'. For details, see https://docs.astropy.org/en/latest/units/combining_and_defining.html [astropy.units.core]
WARNING: UnitsWarning: 'log(solMass.yr**-1)' did not parse as fits unit: 'log' is not a recognized function If this is meant to be a custom unit, define it with 'u.def_unit'. To have it recognized inside a file reader or other code, enable it with 'u.add_enabled_units'. For details, see https://docs.astropy.org/en/latest/units/combining_and_defining.html [astropy.units.core]
WARNING: UnitsWarning: 'log(solMass.yr**-1)' did not parse as fits unit: 'log' is not a recognized function If this is meant to be a custom unit, define it with 'u.def_unit'. To have it recognized inside a file reader or other code, enable it with 'u.add_enabled_units'. For details, see https://docs.astropy.org/en/latest/units/combining_and_defining.html [astropy.units.core]
WARNING: UnitsWarning: 'log(solMass.yr**-1)' did not parse as fits unit: 'log' is not a recognized function If this is meant to be a custom unit, define it with 'u.def_unit'. To have it recognized inside a file reader or other code, enable it with 'u.add_enabled_units'. For details, see https://docs.astropy.org/en/latest/units/combining_and_defining.html [astropy.units.core]
WARNING: UnitsWarning: 'log(yr**-1)' did not parse as fits unit: 'log' is not a recognized function If this is meant to be a custom unit, define it with 'u.def_unit'. To have it recognized inside a file reader or other code, enable it with 'u.add_enabled_units'. For details, see https://docs.astropy.org/en/latest/units/combining_and_defining.html [astropy.units.core]
WARNING: UnitsWarning: 'log(yr**-1)' did not parse as fits unit: 'log' is not a recognized function If this is meant to be a custom unit, define it with 'u.def_unit'. To have it recognized inside a file reader or other code, enable it with 'u.add_enabled_units'. For details, see https://docs.astropy.org/en/latest/units/combining_and_defining.html [astropy.units.core]
WARNING: UnitsWarning: 'log(yr**-1)' did not parse as fits unit: 'log' is not a recognized function If this is meant to be a custom unit, define it with 'u.def_unit'. To have it recognized inside a file reader or other code, enable it with 'u.add_enabled_units'. For details, see https://docs.astropy.org/en/latest/units/combining_and_defining.html [astropy.units.core]
WARNING: UnitsWarning: 'log(yr**-1)' did not parse as fits unit: 'log' is not a recognized function If this is meant to be a custom unit, define it with 'u.def_unit'. To have it recognized inside a file reader or other code, enable it with 'u.add_enabled_units'. For details, see https://docs.astropy.org/en/latest/units/combining_and_defining.html [astropy.units.core]
WARNING: UnitsWarning: 'log(solMass)' did not parse as fits unit: 'log' is not a recognized function If this is meant to be a custom unit, define it with 'u.def_unit'. To have it recognized inside a file reader or other code, enable it with 'u.add_enabled_units'. For details, see https://docs.astropy.org/en/latest/units/combining_and_defining.html [astropy.units.core]
WARNING: UnitsWarning: 'log(solMass.yr**-1)' did not parse as fits unit: 'log' is not a recognized function If this is meant to be a custom unit, define it with 'u.def_unit'. To have it recognized inside a file reader or other code, enable it with 'u.add_enabled_units'. For details, see https://docs.astropy.org/en/latest/units/combining_and_defining.html [astropy.units.core]
WARNING: UnitsWarning: 'log(yr**-1)' did not parse as fits unit: 'log' is not a recognized function If this is meant to be a custom unit, define it with 'u.def_unit'. To have it recognized inside a file reader or other code, enable it with 'u.add_enabled_units'. For details, see https://docs.astropy.org/en/latest/units/combining_and_defining.html [astropy.units.core]
WARNING: UnitsWarning: 'log(solLum)' did not parse as fits unit: 'log' is not a recognized function If this is meant to be a custom unit, define it with 'u.def_unit'. To have it recognized inside a file reader or other code, enable it with 'u.add_enabled_units'. For details, see https://docs.astropy.org/en/latest/units/combining_and_defining.html [astropy.units.core]
WARNING: UnitsWarning: 'log(solMass)' did not parse as fits unit: 'log' is not a recognized function If this is meant to be a custom unit, define it with 'u.def_unit'. To have it recognized inside a file reader or other code, enable it with 'u.add_enabled_units'. For details, see https://docs.astropy.org/en/latest/units/combining_and_defining.html [astropy.units.core]
WARNING: UnitsWarning: 'log(solMass)' did not parse as fits unit: 'log' is not a recognized function If this is meant to be a custom unit, define it with 'u.def_unit'. To have it recognized inside a file reader or other code, enable it with 'u.add_enabled_units'. For details, see https://docs.astropy.org/en/latest/units/combining_and_defining.html [astropy.units.core]
WARNING: UnitsWarning: 'log(solMass)' did not parse as fits unit: 'log' is not a recognized function If this is meant to be a custom unit, define it with 'u.def_unit'. To have it recognized inside a file reader or other code, enable it with 'u.add_enabled_units'. For details, see https://docs.astropy.org/en/latest/units/combining_and_defining.html [astropy.units.core]
WARNING: UnitsWarning: 'log(solMass)' did not parse as fits unit: 'log' is not a recognized function If this is meant to be a custom unit, define it with 'u.def_unit'. To have it recognized inside a file reader or other code, enable it with 'u.add_enabled_units'. For details, see https://docs.astropy.org/en/latest/units/combining_and_defining.html [astropy.units.core]
WARNING: UnitsWarning: 'log(solMass)' did not parse as fits unit: 'log' is not a recognized function If this is meant to be a custom unit, define it with 'u.def_unit'. To have it recognized inside a file reader or other code, enable it with 'u.add_enabled_units'. For details, see https://docs.astropy.org/en/latest/units/combining_and_defining.html [astropy.units.core]
WARNING: UnitsWarning: 'log(solMass.yr**-1)' did not parse as fits unit: 'log' is not a recognized function If this is meant to be a custom unit, define it with 'u.def_unit'. To have it recognized inside a file reader or other code, enable it with 'u.add_enabled_units'. For details, see https://docs.astropy.org/en/latest/units/combining_and_defining.html [astropy.units.core]
WARNING: UnitsWarning: 'log(solMass.yr**-1)' did not parse as fits unit: 'log' is not a recognized function If this is meant to be a custom unit, define it with 'u.def_unit'. To have it recognized inside a file reader or other code, enable it with 'u.add_enabled_units'. For details, see https://docs.astropy.org/en/latest/units/combining_and_defining.html [astropy.units.core]
WARNING: UnitsWarning: 'log(solMass.yr**-1)' did not parse as fits unit: 'log' is not a recognized function If this is meant to be a custom unit, define it with 'u.def_unit'. To have it recognized inside a file reader or other code, enable it with 'u.add_enabled_units'. For details, see https://docs.astropy.org/en/latest/units/combining_and_defining.html [astropy.units.core]
WARNING: UnitsWarning: 'log(solMass.yr**-1)' did not parse as fits unit: 'log' is not a recognized function If this is meant to be a custom unit, define it with 'u.def_unit'. To have it recognized inside a file reader or other code, enable it with 'u.add_enabled_units'. For details, see https://docs.astropy.org/en/latest/units/combining_and_defining.html [astropy.units.core]
WARNING: UnitsWarning: 'log(solMass.yr**-1)' did not parse as fits unit: 'log' is not a recognized function If this is meant to be a custom unit, define it with 'u.def_unit'. To have it recognized inside a file reader or other code, enable it with 'u.add_enabled_units'. For details, see https://docs.astropy.org/en/latest/units/combining_and_defining.html [astropy.units.core]
WARNING: UnitsWarning: 'log(solLum)' did not parse as fits unit: 'log' is not a recognized function If this is meant to be a custom unit, define it with 'u.def_unit'. To have it recognized inside a file reader or other code, enable it with 'u.add_enabled_units'. For details, see https://docs.astropy.org/en/latest/units/combining_and_defining.html [astropy.units.core]
WARNING: UnitsWarning: 'log(solLum)' did not parse as fits unit: 'log' is not a recognized function If this is meant to be a custom unit, define it with 'u.def_unit'. To have it recognized inside a file reader or other code, enable it with 'u.add_enabled_units'. For details, see https://docs.astropy.org/en/latest/units/combining_and_defining.html [astropy.units.core]
WARNING: UnitsWarning: 'log(solLum)' did not parse as fits unit: 'log' is not a recognized function If this is meant to be a custom unit, define it with 'u.def_unit'. To have it recognized inside a file reader or other code, enable it with 'u.add_enabled_units'. For details, see https://docs.astropy.org/en/latest/units/combining_and_defining.html [astropy.units.core]
WARNING: UnitsWarning: 'log(solLum)' did not parse as fits unit: 'log' is not a recognized function If this is meant to be a custom unit, define it with 'u.def_unit'. To have it recognized inside a file reader or other code, enable it with 'u.add_enabled_units'. For details, see https://docs.astropy.org/en/latest/units/combining_and_defining.html [astropy.units.core]
WARNING: UnitsWarning: 'log(solLum)' did not parse as fits unit: 'log' is not a recognized function If this is meant to be a custom unit, define it with 'u.def_unit'. To have it recognized inside a file reader or other code, enable it with 'u.add_enabled_units'. For details, see https://docs.astropy.org/en/latest/units/combining_and_defining.html [astropy.units.core]
WARNING: UnitsWarning: 'log(yr**-1)' did not parse as fits unit: 'log' is not a recognized function If this is meant to be a custom unit, define it with 'u.def_unit'. To have it recognized inside a file reader or other code, enable it with 'u.add_enabled_units'. For details, see https://docs.astropy.org/en/latest/units/combining_and_defining.html [astropy.units.core]
WARNING: UnitsWarning: 'log(yr**-1)' did not parse as fits unit: 'log' is not a recognized function If this is meant to be a custom unit, define it with 'u.def_unit'. To have it recognized inside a file reader or other code, enable it with 'u.add_enabled_units'. For details, see https://docs.astropy.org/en/latest/units/combining_and_defining.html [astropy.units.core]
WARNING: UnitsWarning: 'log(yr**-1)' did not parse as fits unit: 'log' is not a recognized function If this is meant to be a custom unit, define it with 'u.def_unit'. To have it recognized inside a file reader or other code, enable it with 'u.add_enabled_units'. For details, see https://docs.astropy.org/en/latest/units/combining_and_defining.html [astropy.units.core]
WARNING: UnitsWarning: 'log(yr**-1)' did not parse as fits unit: 'log' is not a recognized function If this is meant to be a custom unit, define it with 'u.def_unit'. To have it recognized inside a file reader or other code, enable it with 'u.add_enabled_units'. For details, see https://docs.astropy.org/en/latest/units/combining_and_defining.html [astropy.units.core]
WARNING: UnitsWarning: 'log(yr**-1)' did not parse as fits unit: 'log' is not a recognized function If this is meant to be a custom unit, define it with 'u.def_unit'. To have it recognized inside a file reader or other code, enable it with 'u.add_enabled_units'. For details, see https://docs.astropy.org/en/latest/units/combining_and_defining.html [astropy.units.core]
Using only diffuse dust attenuation.
Initializing DiffuseDust model...
Dust initialization complete.
Spectrum model: dust attenuation only (alpha-enhanced, no nebular)
MODEL PARAMETERS (generated from the SedModel object)
Stellar population grid
  library: C3K v2.3 high-res (c3k_hr, vt=10 km/s); isochrones: MIST v2.5 (aMIST, alpha-variable); IMF: imf_type=2 (Kroupa (2001)); schema 2.1
  grid axes: [alpha/Fe] [-0.2, 0, 0.2, 0.4, 0.6]; [Fe/H] 13 nodes [-2.500, 0.500] (grid Z + 1.7328283); log10(age/Gyr) 107 nodes; wavelength 10992 pts [100, 99595855] A
Star-formation history
  form: piecewise-constant SFR ('step' interpolation) on 7 lookback bins; metallicity history: constant Z
  bin edges (lookback, Gyr): [0, 0.03, 0.1, 0.3, 1, 3, 5, 7.566]  (last edge = universe age at z)
  free parameters: logsfr_ratios[7] = log10(SFR_i / SFR_i+1), transform 'sfh_from_ratios' -> unit-mass SFH (integral 1 Msun); logmass scales the total formed mass
Free parameters and priors
  Z: shape (1,); prior Uniform(-4.233, -1.233); init [-1.85]
  afe: shape (1,); prior Uniform(-0.2, 0.6); init [0.2]
  diffuse_dust_index: shape (1,); prior Uniform(-1, 0.4); init [-0.7]
  diffuse_tau_kc: shape (1,); prior Uniform(0, 1); init [0.1]
  log_f_calib: shape (1,); prior Uniform(-4.605, -2.303); init [-3.507]
  logmass: shape (1,); prior Uniform(8, 13); init [10.94]
  logsfr_ratios: shape (7,); prior StudentT(mean=0, scale=0.3, df=2); init [0, 0, 0, 0, 0, 0, 0]
  sigma_smooth: shape (1,); prior ClippedNormal(mean=259.5, sigma=6.5, low=240, high=279); init [259.5]
  spectrum_scaling: shape (1,); prior ClippedNormal(mean=1, sigma=0.3, low=0.2, high=3); init [1]
  zred: shape (1,); prior Uniform(0.5542, 0.7542); init [0.6542]
Fixed and derived quantities
  redshift: sampled as zred; SFH age grid tracks z: False
Dust, nebular emission, IGM
  diffuse attenuation: law 'kriek_conroy', parameters ['diffuse_tau_kc', 'diffuse_dust_index']; birth-cloud (age-dependent) dust: False; dust emission: False
  nebular emission: none (spectrum model 'get_spectrum_dattn_nodem_noneb')
  IGM absorption: none
  cosmology: Cosmology(H0=67.66, Om0=0.30966, Tcmb0=2.7255, Neff=3.046, m_nu_ev_sum=0.06)
Observations and calibration
  photometry: Photometry, 30 bands, 30 fitted; filters ['galex_NUV', 'cfht_megacam_us_9301', 'subaru_suprimecam_ia427', 'subaru_suprimecam_B', 'subaru_suprimecam_ia464', 'hsc_g', 'subaru_suprimecam_ia484', 'subaru_suprimecam_ia505', 'subaru_suprimecam_ia527', 'subaru_suprimecam_V', 'subaru_suprimecam_ia574', 'hsc_r', 'subaru_suprimecam_ia624', 'subaru_suprimecam_rp', 'subaru_suprimecam_ia679', 'subaru_suprimecam_ia709', 'subaru_suprimecam_ia738', 'subaru_suprimecam_ip', 'subaru_suprimecam_ia767', 'hsc_i', 'subaru_suprimecam_ia827', 'hsc_z', 'subaru_suprimecam_zp', 'hsc_y', 'vista_vircam_Y', 'vista_vircam_J', 'vista_vircam_H', 'vista_vircam_Ks', 'spitzer_irac_ch1', 'spitzer_irac_ch2']
  spectrum: Spectrum, 3523 of 6166 native pixels fitted, 6199-8635 A observed; instrument R = 2500 (R, fwhm); fixed stellar sigma_losvd = 259.5 km/s; CSP-level LOSVD 0.0 km/s
  likelihood[photometry]: DiagonalGaussianLikelihood with DiagonalNoiseModel: var = sigma_obs^2 (no extra terms)
  likelihood[spectrum]: DiagonalGaussianLikelihood with DiagonalNoiseModel: var = sigma_obs^2 + model-scaled fractional floor f_calib*|mu| (log_f_calib free in [1%, 10%])
  likelihood[spectrum] calibration polynomial: PolynomialCalibration(order=10, fit_constant=False, prior_sigma=(0.1, 0.1, 0.1, 0.1, 0.1, 0.1, 0.1, 0.1, 0.1, 0.1), marginalize=True, n_pix=6166)
  spectrum normalisation: free multiplicative spectrum_scaling, prior ClippedNormal(mean=1, sigma=0.3, low=0.2, high=3)
Sampler
  blackjax.nss: num_live 500, num_inner_steps 65, num_delete 100, logZ_tol -5.0; random seed 20260832
blackjax.nss  |  n_samples=29900  ln Z = 231476.727 ± 0.237  |  n_like = 10494423  |  wall = 1025.7 s
ln Z: 231476.727 +/- 0.237
posterior-weight ESS: 5499.2
likelihood calls: 10494423
status: diagnostics passed
Traceback (most recent call last):
  File "/workspace/cosmic-chronometers-jwst/scripts/run_ceridwen_vast_multi_gpu.py", line 656, in <module>
    raise SystemExit(main())
                     ^^^^^^
  File "/workspace/cosmic-chronometers-jwst/scripts/run_ceridwen_vast_multi_gpu.py", line 649, in main
    return _worker(args.worker_output)
           ^^^^^^^^^^^^^^^^^^^^^^^^^^^
  File "/workspace/cosmic-chronometers-jwst/scripts/run_ceridwen_vast_multi_gpu.py", line 330, in _worker
    client.execute()
  File "/workspace/cosmic-chronometers-jwst/.venv-ceridwen-gpu/lib/python3.11/site-packages/jupyter_core/utils/__init__.py", line 165, in wrapped
    return loop.run_until_complete(inner)
           ^^^^^^^^^^^^^^^^^^^^^^^^^^^^^^
  File "/.uv/python_install/cpython-3.11.16-linux-x86_64-gnu/lib/python3.11/asyncio/base_events.py", line 654, in run_until_complete
    return future.result()
           ^^^^^^^^^^^^^^^
  File "/workspace/cosmic-chronometers-jwst/.venv-ceridwen-gpu/lib/python3.11/site-packages/nbclient/client.py", line 709, in async_execute
    await self.async_execute_cell(
  File "/workspace/cosmic-chronometers-jwst/.venv-ceridwen-gpu/lib/python3.11/site-packages/nbclient/client.py", line 1062, in async_execute_cell
    await self._check_raise_for_error(cell, cell_index, exec_reply)
  File "/workspace/cosmic-chronometers-jwst/.venv-ceridwen-gpu/lib/python3.11/site-packages/nbclient/client.py", line 918, in _check_raise_for_error
    raise CellExecutionError.from_cell_and_msg(cell, exec_reply_content)
nbclient.exceptions.CellExecutionError: An error occurred while executing the following cell:
------------------
def posterior_batch(samples, model, count):
    total = len(next(iter(samples.values())))
    indices = np.linspace(0, total - 1, min(count, total), dtype=int)
    batch = {}
    for name, parameter_template in model.theta_init.items():
        values = np.asarray(samples[name])[indices]
        if np.shape(parameter_template) == (1,) and values.ndim == 1:
            values = values[:, None]
        batch[name] = jnp.asarray(values)
    return batch


predictive_batch = posterior_batch(joint_posterior, joint_model, 200)
joint_predictions = joint_model.predict_vmap(predictive_batch)
phot_predictions = np.asarray(joint_predictions["photometry"])
spectrum_predictions = np.asarray(joint_predictions["spectrum"])
# Per draw: the noise model's sigma at the uncalibrated model, then one coefficient
# draw from N(a_hat, N^-1); P(lambda) multiplies the prediction.
predictive_sigma = np.hypot(
    spectrum_uncertainty[None, :],
    np.exp(np.asarray(predictive_batch["log_f_calib"]).reshape(-1, 1)) * np.abs(spectrum_predictions),
)
calibration_coefficients, calibration_vectors = (
    np.asarray(value)
    for value in calibration_polynomial.posterior_draws(
        spectrum_flux, spectrum_predictions, predictive_sigma, spectrum_mask, jax.random.PRNGKey(SEED + 2)
    )
)
spectrum_predictions = spectrum_predictions * calibration_vectors
phot_q16, phot_q50, phot_q84 = np.percentile(phot_predictions, [16, 50, 84], axis=0)
spec_q16, spec_q50, spec_q84 = np.percentile(spectrum_predictions, [16, 50, 84], axis=0)

median_theta = {
    name: jnp.atleast_1d(np.median(np.asarray(values), axis=0)) for name, values in joint_posterior.items()
}
continuum = (
    np.asarray(joint_csp.get_spectrum(joint_model.apply_transforms(median_theta)))
    * 10 ** float(median_theta["logmass"][0])
    * float(flux_factor_maggies(z_catalog))
    / CGS_FNU_PER_MAGGIE
)
continuum_wave = np.asarray(joint_csp.wave) * (1 + z_catalog)
continuum_mask = (continuum_wave > 2500) & (continuum_wave < 55000)

# Photometry in microJy versus micron; the h5 stays in maggies.
MICRON_PER_ANGSTROM = 1e-4
phot_plot_wave = filter_wave_eff * MICRON_PER_ANGSTROM
fig, axes = plt.subplots(2, 1, figsize=(8, 6), gridspec_kw={"height_ratios": [3, 1]}, sharex=True)
axes[0].plot(
    continuum_wave[continuum_mask] * MICRON_PER_ANGSTROM, continuum[continuum_mask] / UJY_TO_MAGGIES,
    color="0.6", lw=0.8, label="median continuum",
)
axes[0].errorbar(
    phot_plot_wave, phot_flux / UJY_TO_MAGGIES,
    xerr=filter_wave_xerr * MICRON_PER_ANGSTROM, yerr=phot_uncertainty / UJY_TO_MAGGIES,
    fmt="o", color="tab:blue", label=f"{SETTINGS['photometry']} fitted bands",
)
axes[0].errorbar(
    phot_plot_wave, phot_q50 / UJY_TO_MAGGIES,
    yerr=[(phot_q50 - phot_q16) / UJY_TO_MAGGIES, (phot_q84 - phot_q50) / UJY_TO_MAGGIES],
    fmt="s", color="tab:red", label="joint Ceridwen",
)
axes[0].set(xscale="log", yscale="log", ylabel=r"$F_\nu$ [$\mu$Jy]")
set_plain_log_ticks(axes[0].yaxis, (1, 10, 100))
mark_filter_ranges(axes[0], x_scale=MICRON_PER_ANGSTROM)
mark_spectral_range(axes[0], show_label=True, x_scale=MICRON_PER_ANGSTROM)
axes[0].legend(frameon=False)
axes[1].axhline(0, color="0.5", lw=0.8)
axes[1].scatter(phot_plot_wave, (phot_flux - phot_q50) / phot_uncertainty, color="tab:blue")
mark_filter_ranges(axes[1], show_labels=False, x_scale=MICRON_PER_ANGSTROM)
mark_spectral_range(axes[1], x_scale=MICRON_PER_ANGSTROM)
axes[1].set(xscale="log", xlabel=r"observed wavelength [$\mu$m]", ylabel="pull")
set_plain_log_ticks(axes[1].xaxis, (0.4, 0.6, 1, 2, 4))
spectral_tight_layout()
plt.show()

calibration_fraction = float(np.exp(np.median(np.asarray(joint_posterior["log_f_calib"]))))
effective_spec_uncertainty = np.hypot(spectrum_uncertainty, calibration_fraction * np.abs(spec_q50))
spectrum_plot_pull = np.where(
    spectrum_mask, (spectrum_flux - spec_q50) / effective_spec_uncertainty, np.nan
)

# Spectrum in microJy; the likelihood and the h5 stay in cgs F_nu.
UJY_PER_CGS = 1e29
fig, axes = plt.subplots(2, 1, figsize=(10, 6), gridspec_kw={"height_ratios": [3, 1]}, sharex=True)
axes[0].errorbar(
    spectrum_wave,
    np.where(spectrum_mask, spectrum_flux, np.nan) * UJY_PER_CGS,
    yerr=np.where(spectrum_mask, effective_spec_uncertainty, np.nan) * UJY_PER_CGS,
    fmt="-", lw=0.5, color="0.35", label="measured LEGA-C",
)
axes[0].plot(
    spectrum_wave, np.where(spectrum_mask, spec_q50, np.nan) * UJY_PER_CGS, color="tab:red", lw=1.2,
    label="joint Ceridwen median",
)
axes[0].fill_between(
    spectrum_wave,
    np.where(spectrum_mask, spec_q16, np.nan) * UJY_PER_CGS,
    np.where(spectrum_mask, spec_q84, np.nan) * UJY_PER_CGS,
    color="tab:red", alpha=0.25,
)
axes[0].set(ylabel=r"$F_\nu$ [$\mu$Jy]")
axes[0].legend(frameon=False)
axes[1].axhline(0, color="0.5", lw=0.8)
axes[1].plot(spectrum_wave, spectrum_plot_pull, lw=0.45, color="0.35")
axes[1].set(xlabel="observed vacuum wavelength [angstrom]", ylabel="pull")
mark_filter_ranges(axes[0])
mark_filter_ranges(axes[1], show_labels=False)
mark_absorption_features(axes[0], z_catalog, show_labels=False)
mark_absorption_features(axes[1], z_catalog, xlabel="observed vacuum wavelength [angstrom]")
mark_rest_wavelength_axis(axes[0], z_catalog, label="rest-frame vacuum wavelength [angstrom]")
spectral_tight_layout()
plt.show()

phot_chi2 = np.sum(((phot_flux - phot_q50) / phot_uncertainty) ** 2)
spectrum_chi2 = np.sum(
    ((spectrum_flux[spectrum_mask] - spec_q50[spectrum_mask]) / effective_spec_uncertainty[spectrum_mask]) ** 2
)
joint_chi2 = phot_chi2 + spectrum_chi2
joint_points = phot_obs.ndof + spectrum_obs.ndof
print(f"photometry chi2/datum: {phot_chi2 / phot_obs.ndof:.2f}")
print(f"spectrum chi2/bin: {spectrum_chi2 / spectrum_obs.ndof:.2f}")
print(f"joint chi2/datum: {joint_chi2 / joint_points:.2f}")
print(f"sampled calibration floor: {100 * calibration_fraction:.2f}%")
------------------


[31m---------------------------------------------------------------------------[39m
[31mValueError[39m                                Traceback (most recent call last)
[36mCell[39m[36m [39m[32mIn[7][39m[32m, line 53[39m
[32m     49[39m axes[0].plot(
[32m     50[39m     continuum_wave[continuum_mask] * MICRON_PER_ANGSTROM, continuum[continuum_mask] / UJY_TO_MAGGIES,
[32m     51[39m     color=[33m"0.6"[39m, lw=[32m0.8[39m, label=[33m"median continuum"[39m,
[32m     52[39m )
[32m---> [39m[32m53[39m axes[0].errorbar(
[32m     54[39m     phot_plot_wave, phot_flux / UJY_TO_MAGGIES,
[32m     55[39m     xerr=filter_wave_xerr * MICRON_PER_ANGSTROM, yerr=phot_uncertainty / UJY_TO_MAGGIES,
[32m     56[39m     fmt=[33m"o"[39m, color=[33m"tab:blue"[39m, label=[33mf"{SETTINGS['photometry']} fitted bands"[39m,

    [31m[... skipping hidden 2 frame][39m

[36mFile [39m[32m/workspace/cosmic-chronometers-jwst/.venv-ceridwen-gpu/lib/python3.11/site-packages/matplotlib/axes/_axes.py:4232[39m, in [36mAxes.errorbar[39m[34m(self, x, y, yerr, xerr, fmt, ecolor, elinewidth, capsize, barsabove, lolims, uplims, xlolims, xuplims, errorevery, capthick, elinestyle, **kwargs)[39m
[32m   4226[39m [38;5;66;03m# Raise if any errors are negative, but not if they are nan.[39;00m
[32m   4227[39m [38;5;66;03m# To avoid nan comparisons (which lead to warnings on some[39;00m
[32m   4228[39m [38;5;66;03m# platforms), we select with `err==err` (which is False for nan).[39;00m
[32m   4229[39m [38;5;66;03m# Also, since datetime.timedelta cannot be compared with 0,[39;00m
[32m   4230[39m [38;5;66;03m# we compare with the negative error instead.[39;00m
[32m   4231[39m [38;5;28;01mif[39;00m np.any((check := err[err == err]) < -check):
[32m-> [39m[32m4232[39m     [38;5;28;01mraise[39;00m [38;5;167;01mValueError[39;00m(
[32m   4233[39m         [33mf[39m[33m"[39m[33m'[39m[38;5;132;01m{[39;00mdep_axis[38;5;132;01m}[39;00m[33merr[39m[33m'[39m[33m must not contain negative values[39m[33m"[39m)
[32m   4234[39m [38;5;66;03m# This is like[39;00m
[32m   4235[39m [38;5;66;03m#     elow, ehigh = np.broadcast_to(...)[39;00m
[32m   4236[39m [38;5;66;03m#     return dep - elow * ~lolims, dep + ehigh * ~uplims[39;00m
[32m   4237[39m [38;5;66;03m# except that broadcast_to would strip units.[39;00m
[32m   4238[39m low, high = dep + np.vstack([-([32m1[39m - lolims), [32m1[39m - uplims]) * err

[31mValueError[39m: 'xerr' must not contain negative values

