[22:20:02] remote: mock_tilt4_new_default/M5_172669: start seed=20260830 {'CERIDWEN_MOCK_TRUTH': 'results/absorption-mask/truth_M5_172669.json', 'CERIDWEN_MOCK_TILT': '0.04', 'CERIDWEN_MOCK_SEED': '1', 'CERIDWEN_PHOTOMETRY': 'cosmos_ap3', 'CERIDWEN_CALIBRATION_ORDER': '3', 'CERIDWEN_SFH_PRIOR': 'student', 'CERIDWEN_FREE_DUST_INDEX': '1'}
[22:20:32] remote: mock_tilt4_new_default/M5_172669: attempt 1 returned 1
[22:21:01] remote: mock_tilt4_new_default/M5_172669: attempt 2 returned 1
[22:21:01] remote: mock_tilt4_new_default/M5_172669: failed in 1.0 min
[22:21:01] remote: new_default/M12_98104: start seed=20261007 {'CERIDWEN_CALIBRATION_ORDER': '3', 'CERIDWEN_PHOTOMETRY': 'cosmos_total', 'CERIDWEN_SFH_PRIOR': 'student', 'CERIDWEN_FREE_DUST_INDEX': '1'}
[22:28:39] remote: new_default/M12_98104: done in 7.6 min
[22:28:39] remote: tau_cn/M12_98104: start seed=20261007 {'CERIDWEN_CALIBRATION_ORDER': '3', 'CERIDWEN_PHOTOMETRY': 'cosmos_total', 'CERIDWEN_SFH_PRIOR': 'student', 'CERIDWEN_FREE_DUST_INDEX': '1', 'CERIDWEN_TAU_PRIOR': 'clipped'}
[22:36:07] remote: tau_cn/M12_98104: done in 7.5 min
[22:36:07] remote: dust_wide/M12_98104: start seed=20261007 {'CERIDWEN_CALIBRATION_ORDER': '3', 'CERIDWEN_PHOTOMETRY': 'cosmos_total', 'CERIDWEN_SFH_PRIOR': 'student', 'CERIDWEN_FREE_DUST_INDEX': '1', 'CERIDWEN_DUST_INDEX_BOUNDS': '-2.0,0.5'}
[22:43:51] remote: dust_wide/M12_98104: done in 7.7 min
[22:43:51] remote: new_default/M5_173928: start seed=20260970 {'CERIDWEN_CALIBRATION_ORDER': '3', 'CERIDWEN_PHOTOMETRY': 'cosmos_total', 'CERIDWEN_SFH_PRIOR': 'student', 'CERIDWEN_FREE_DUST_INDEX': '1'}
[22:53:52] remote: new_default/M5_173928: done in 10.0 min
[22:53:52] remote: tau_cn/M5_173928: start seed=20260970 {'CERIDWEN_CALIBRATION_ORDER': '3', 'CERIDWEN_PHOTOMETRY': 'cosmos_total', 'CERIDWEN_SFH_PRIOR': 'student', 'CERIDWEN_FREE_DUST_INDEX': '1', 'CERIDWEN_TAU_PRIOR': 'clipped'}
[23:03:43] remote: tau_cn/M5_173928: done in 9.8 min
[23:03:43] remote: dust_wide/M5_173928: start seed=20260970 {'CERIDWEN_CALIBRATION_ORDER': '3', 'CERIDWEN_PHOTOMETRY': 'cosmos_total', 'CERIDWEN_SFH_PRIOR': 'student', 'CERIDWEN_FREE_DUST_INDEX': '1', 'CERIDWEN_DUST_INDEX_BOUNDS': '-2.0,0.5'}
[23:14:07] remote: dust_wide/M5_173928: done in 10.4 min
[23:14:07] remote: new_default/M12_185653: start seed=20260923 {'CERIDWEN_CALIBRATION_ORDER': '3', 'CERIDWEN_PHOTOMETRY': 'cosmos_total', 'CERIDWEN_SFH_PRIOR': 'student', 'CERIDWEN_FREE_DUST_INDEX': '1'}
[23:21:36] remote: new_default/M12_185653: done in 7.5 min
[23:21:36] remote: tau_cn/M12_185653: start seed=20260923 {'CERIDWEN_CALIBRATION_ORDER': '3', 'CERIDWEN_PHOTOMETRY': 'cosmos_total', 'CERIDWEN_SFH_PRIOR': 'student', 'CERIDWEN_FREE_DUST_INDEX': '1', 'CERIDWEN_TAU_PRIOR': 'clipped'}
[23:29:02] remote: tau_cn/M12_185653: done in 7.4 min
[23:29:02] remote: dust_wide/M12_185653: start seed=20260923 {'CERIDWEN_CALIBRATION_ORDER': '3', 'CERIDWEN_PHOTOMETRY': 'cosmos_total', 'CERIDWEN_SFH_PRIOR': 'student', 'CERIDWEN_FREE_DUST_INDEX': '1', 'CERIDWEN_DUST_INDEX_BOUNDS': '-2.0,0.5'}
[23:36:41] remote: dust_wide/M12_185653: done in 7.6 min
[23:36:41] remote: new_default/M4_108989: start seed=20260924 {'CERIDWEN_CALIBRATION_ORDER': '3', 'CERIDWEN_PHOTOMETRY': 'cosmos_total', 'CERIDWEN_SFH_PRIOR': 'student', 'CERIDWEN_FREE_DUST_INDEX': '1'}
[23:45:30] remote: new_default/M4_108989: done in 8.8 min
[23:45:30] remote: new_default_rep1/M4_108989: start seed=20261924 {'CERIDWEN_CALIBRATION_ORDER': '3', 'CERIDWEN_PHOTOMETRY': 'cosmos_total', 'CERIDWEN_SFH_PRIOR': 'student', 'CERIDWEN_FREE_DUST_INDEX': '1'}
[23:54:16] remote: new_default_rep1/M4_108989: done in 8.8 min
[23:54:16] remote: new_default_rep2/M4_108989: start seed=20262924 {'CERIDWEN_CALIBRATION_ORDER': '3', 'CERIDWEN_PHOTOMETRY': 'cosmos_total', 'CERIDWEN_SFH_PRIOR': 'student', 'CERIDWEN_FREE_DUST_INDEX': '1'}
[00:02:55] remote: new_default_rep2/M4_108989: done in 8.7 min
[00:02:55] remote: tau_cn/M4_108989: start seed=20260924 {'CERIDWEN_CALIBRATION_ORDER': '3', 'CERIDWEN_PHOTOMETRY': 'cosmos_total', 'CERIDWEN_SFH_PRIOR': 'student', 'CERIDWEN_FREE_DUST_INDEX': '1', 'CERIDWEN_TAU_PRIOR': 'clipped'}
[00:11:37] remote: tau_cn/M4_108989: done in 8.7 min
[00:11:37] remote: dust_wide/M4_108989: start seed=20260924 {'CERIDWEN_CALIBRATION_ORDER': '3', 'CERIDWEN_PHOTOMETRY': 'cosmos_total', 'CERIDWEN_SFH_PRIOR': 'student', 'CERIDWEN_FREE_DUST_INDEX': '1', 'CERIDWEN_DUST_INDEX_BOUNDS': '-2.0,0.5'}
[00:22:08] remote: dust_wide/M4_108989: done in 10.5 min
[00:22:08] remote: new_default/M1_206545: start seed=20260877 {'CERIDWEN_CALIBRATION_ORDER': '3', 'CERIDWEN_PHOTOMETRY': 'cosmos_total', 'CERIDWEN_SFH_PRIOR': 'student', 'CERIDWEN_FREE_DUST_INDEX': '1'}
[00:32:40] remote: new_default/M1_206545: done in 10.5 min
[00:32:40] remote: tau_cn/M1_206545: start seed=20260877 {'CERIDWEN_CALIBRATION_ORDER': '3', 'CERIDWEN_PHOTOMETRY': 'cosmos_total', 'CERIDWEN_SFH_PRIOR': 'student', 'CERIDWEN_FREE_DUST_INDEX': '1', 'CERIDWEN_TAU_PRIOR': 'clipped'}
[00:43:11] remote: tau_cn/M1_206545: done in 10.5 min
[00:43:11] remote: dust_wide/M1_206545: start seed=20260877 {'CERIDWEN_CALIBRATION_ORDER': '3', 'CERIDWEN_PHOTOMETRY': 'cosmos_total', 'CERIDWEN_SFH_PRIOR': 'student', 'CERIDWEN_FREE_DUST_INDEX': '1', 'CERIDWEN_DUST_INDEX_BOUNDS': '-2.0,0.5'}
[00:53:24] remote: dust_wide/M1_206545: done in 10.2 min
[00:53:24] remote: new_default/M5_172669: start seed=20260830 {'CERIDWEN_CALIBRATION_ORDER': '3', 'CERIDWEN_PHOTOMETRY': 'cosmos_total', 'CERIDWEN_SFH_PRIOR': 'student', 'CERIDWEN_FREE_DUST_INDEX': '1'}
[01:03:19] remote: new_default/M5_172669: done in 9.9 min
[01:03:19] remote: new_default_rep1/M5_172669: start seed=20261830 {'CERIDWEN_CALIBRATION_ORDER': '3', 'CERIDWEN_PHOTOMETRY': 'cosmos_total', 'CERIDWEN_SFH_PRIOR': 'student', 'CERIDWEN_FREE_DUST_INDEX': '1'}
[01:13:39] remote: new_default_rep1/M5_172669: done in 10.3 min
[01:13:39] remote: new_default_rep2/M5_172669: start seed=20262830 {'CERIDWEN_CALIBRATION_ORDER': '3', 'CERIDWEN_PHOTOMETRY': 'cosmos_total', 'CERIDWEN_SFH_PRIOR': 'student', 'CERIDWEN_FREE_DUST_INDEX': '1'}
[01:24:09] remote: new_default_rep2/M5_172669: done in 10.5 min
[01:24:09] remote: tau_cn/M5_172669: start seed=20260830 {'CERIDWEN_CALIBRATION_ORDER': '3', 'CERIDWEN_PHOTOMETRY': 'cosmos_total', 'CERIDWEN_SFH_PRIOR': 'student', 'CERIDWEN_FREE_DUST_INDEX': '1', 'CERIDWEN_TAU_PRIOR': 'clipped'}
[01:34:18] remote: tau_cn/M5_172669: done in 10.1 min
[01:34:18] remote: dust_wide/M5_172669: start seed=20260830 {'CERIDWEN_CALIBRATION_ORDER': '3', 'CERIDWEN_PHOTOMETRY': 'cosmos_total', 'CERIDWEN_SFH_PRIOR': 'student', 'CERIDWEN_FREE_DUST_INDEX': '1', 'CERIDWEN_DUST_INDEX_BOUNDS': '-2.0,0.5'}
[01:44:17] remote: dust_wide/M5_172669: done in 10.0 min
