23:17:24 committed source faf650c146ff; output /Users/liuhao/Downloads/Astro project/tmp/worktrees/swarm-throughput/results/speedups-swarm-throughput-2026-09-30/types/rtx-5090/run
23:17:40 ranking: host record, then USD per fit; estimates use 0.5 hours plus 8 GB download; 47680627 good on-demand $0.615/h, $0.307/fit, $0.318 total; 49023406 unknown bid $0.378/h, $0.189/fit, $0.210 total; 36647967 unknown bid $0.420/h, $0.210/fit, $0.231 total; 53114568 unknown bid $0.420/h, $0.210/fit, $0.252 total; 51969558 unknown bid $0.532/h, $0.266/fit, $0.266 total; 52845570 unknown on-demand $0.544/h, $0.272/fit, $0.293 total; 48225469 unknown bid $0.549/h, $0.275/fit, $0.296 total; 46037256 unknown on-demand $0.554/h, $0.277/fit, $0.278 total; 42405155 unknown bid $0.561/h, $0.280/fit, $0.301 total; 46877351 unknown on-demand $0.571/h, $0.286/fit, $0.306 total; 52943981 
23:17:40 renting RTX 5090, host 370354, $0.615/h; estimate $0.318
23:17:46 instance 53602708: (None, None)
23:18:00 instance 53602708: ('loading', None)
23:18:06 instance 53602708: ('loading', 'success, running ghcr.io/potatoist314/ceridwen-gpu_sha256_6565b52d486cfe82cd17f6f2bd928b45529576d32b6dc52734c4549a953ed1a1/ssh')
23:18:13 instance 53602708: ('running', 'success, running ghcr.io/potatoist314/ceridwen-gpu_sha256_6565b52d486cfe82cd17f6f2bd928b45529576d32b6dc52734c4549a953ed1a1/ssh')
23:18:19 uploading pinned source, inputs and cached grid
23:19:26 bootstrap: 0; d
Installed kernelspec ceridwen in /root/.local/share/jupyter/kernels/ceridwen
Selected fit inputs verified
LEGA-C inputs and schema-2.1 HR SSP grid verified: /workspace/cosmic-chronometers-jwst/grid/6fe00c55a177a93d5c74782e94d3a78418ce2ad856a4edfca8dcd8ed5e572a67.h5
Ceridwen GPU environment ready.
23:19:49 00-probe: running; 
23:19:58 00-probe: 0; 62           4          31           0          27          58
Swap:             39           0          39
name, compute_mode, memory.total [MiB], clocks.max.sm [MHz], power.limit [W]
NVIDIA GeForce RTX 5090, Default, 32607 MiB, 3210 MHz, 500.00 W
model name	: Intel(R) Core(TM) Ultra 9 285K
23:20:20 01-solo30: running; 
23:20:29 01-solo30: running; is not a recognized function If this is meant to be a custom unit, define it with 'u.def_unit'. To have it recognized inside a file reader or other code, enable it with 'u.add_enabled_units'. For details, see https://docs.astropy.org/en/latest/units/combining_and_defining.html [astropy.units.core]
23:20:38 01-solo30: running; is not a recognized function If this is meant to be a custom unit, define it with 'u.def_unit'. To have it recognized inside a file reader or other code, enable it with 'u.add_enabled_units'. For details, see https://docs.astropy.org/en/latest/units/combining_and_defining.html [astropy.units.core]
23:20:47 01-solo30: running; is not a recognized function If this is meant to be a custom unit, define it with 'u.def_unit'. To have it recognized inside a file reader or other code, enable it with 'u.add_enabled_units'. For details, see https://docs.astropy.org/en/latest/units/combining_and_defining.html [astropy.units.core]
23:20:56 01-solo30: running; is not a recognized function If this is meant to be a custom unit, define it with 'u.def_unit'. To have it recognized inside a file reader or other code, enable it with 'u.add_enabled_units'. For details, see https://docs.astropy.org/en/latest/units/combining_and_defining.html [astropy.units.core]
23:21:07 01-solo30: running; is not a recognized function If this is meant to be a custom unit, define it with 'u.def_unit'. To have it recognized inside a file reader or other code, enable it with 'u.add_enabled_units'. For details, see https://docs.astropy.org/en/latest/units/combining_and_defining.html [astropy.units.core]
23:21:17 01-solo30: 0; , "logZ": 235026.66864632023, "logZ_live": 235935.28701790486, "n_likelihood_calls": 978144, "build_s": 13.805819954257458, "init_s": 2.876792619936168, "sampling_s": 34.37458191206679, "first_iteration_s": 4.9211655030958354, "later_iterations_s": 29.336995712015778, "script_s": 53.13455406809226}
23:21:43 02-mps2-30: running; 
23:21:53 02-mps2-30: running; is not a recognized function If this is meant to be a custom unit, define it with 'u.def_unit'. To have it recognized inside a file reader or other code, enable it with 'u.add_enabled_units'. For details, see https://docs.astropy.org/en/latest/units/combining_and_defining.html [astropy.units.core]
23:22:02 02-mps2-30: running; is not a recognized function If this is meant to be a custom unit, define it with 'u.def_unit'. To have it recognized inside a file reader or other code, enable it with 'u.add_enabled_units'. For details, see https://docs.astropy.org/en/latest/units/combining_and_defining.html [astropy.units.core]
23:22:11 02-mps2-30: running; is not a recognized function If this is meant to be a custom unit, define it with 'u.def_unit'. To have it recognized inside a file reader or other code, enable it with 'u.add_enabled_units'. For details, see https://docs.astropy.org/en/latest/units/combining_and_defining.html [astropy.units.core]
23:22:21 02-mps2-30: running; is not a recognized function If this is meant to be a custom unit, define it with 'u.def_unit'. To have it recognized inside a file reader or other code, enable it with 'u.add_enabled_units'. For details, see https://docs.astropy.org/en/latest/units/combining_and_defining.html [astropy.units.core]
23:22:30 02-mps2-30: running; is not a recognized function If this is meant to be a custom unit, define it with 'u.def_unit'. To have it recognized inside a file reader or other code, enable it with 'u.add_enabled_units'. For details, see https://docs.astropy.org/en/latest/units/combining_and_defining.html [astropy.units.core]
23:22:39 02-mps2-30: running; is not a recognized function If this is meant to be a custom unit, define it with 'u.def_unit'. To have it recognized inside a file reader or other code, enable it with 'u.add_enabled_units'. For details, see https://docs.astropy.org/en/latest/units/combining_and_defining.html [astropy.units.core]
23:22:49 02-mps2-30: running; is not a recognized function If this is meant to be a custom unit, define it with 'u.def_unit'. To have it recognized inside a file reader or other code, enable it with 'u.add_enabled_units'. For details, see https://docs.astropy.org/en/latest/units/combining_and_defining.html [astropy.units.core]
23:22:58 02-mps2-30: running; , "logZ": 235026.66864632023, "logZ_live": 235935.28701790486, "n_likelihood_calls": 978144, "build_s": 14.012914977967739, "init_s": 3.0269290693104267, "sampling_s": 53.67756216414273, "first_iteration_s": 5.792583200614899, "later_iterations_s": 47.764078247826546, "script_s": 72.90557660115883}
23:23:08 02-mps2-30: 0; e, "logZ": 235030.3634932661, "logZ_live": 235841.76942137172, "n_likelihood_calls": 983862, "build_s": 13.999677886255085, "init_s": 3.0337905967608094, "sampling_s": 54.182813515886664, "first_iteration_s": 5.772140434011817, "later_iterations_s": 48.289097383618355, "script_s": 73.4053080403246}
23:23:32 03-mps4-30: running; 
23:23:42 03-mps4-30: running; is not a recognized function If this is meant to be a custom unit, define it with 'u.def_unit'. To have it recognized inside a file reader or other code, enable it with 'u.add_enabled_units'. For details, see https://docs.astropy.org/en/latest/units/combining_and_defining.html [astropy.units.core]
23:23:51 03-mps4-30: running; is not a recognized function If this is meant to be a custom unit, define it with 'u.def_unit'. To have it recognized inside a file reader or other code, enable it with 'u.add_enabled_units'. For details, see https://docs.astropy.org/en/latest/units/combining_and_defining.html [astropy.units.core]
23:24:00 03-mps4-30: running; is not a recognized function If this is meant to be a custom unit, define it with 'u.def_unit'. To have it recognized inside a file reader or other code, enable it with 'u.add_enabled_units'. For details, see https://docs.astropy.org/en/latest/units/combining_and_defining.html [astropy.units.core]
23:24:09 03-mps4-30: running; is not a recognized function If this is meant to be a custom unit, define it with 'u.def_unit'. To have it recognized inside a file reader or other code, enable it with 'u.add_enabled_units'. For details, see https://docs.astropy.org/en/latest/units/combining_and_defining.html [astropy.units.core]
23:24:19 03-mps4-30: running; is not a recognized function If this is meant to be a custom unit, define it with 'u.def_unit'. To have it recognized inside a file reader or other code, enable it with 'u.add_enabled_units'. For details, see https://docs.astropy.org/en/latest/units/combining_and_defining.html [astropy.units.core]
23:24:28 03-mps4-30: running; is not a recognized function If this is meant to be a custom unit, define it with 'u.def_unit'. To have it recognized inside a file reader or other code, enable it with 'u.add_enabled_units'. For details, see https://docs.astropy.org/en/latest/units/combining_and_defining.html [astropy.units.core]
23:24:37 03-mps4-30: running; is not a recognized function If this is meant to be a custom unit, define it with 'u.def_unit'. To have it recognized inside a file reader or other code, enable it with 'u.add_enabled_units'. For details, see https://docs.astropy.org/en/latest/units/combining_and_defining.html [astropy.units.core]
23:24:46 03-mps4-30: running; is not a recognized function If this is meant to be a custom unit, define it with 'u.def_unit'. To have it recognized inside a file reader or other code, enable it with 'u.add_enabled_units'. For details, see https://docs.astropy.org/en/latest/units/combining_and_defining.html [astropy.units.core]
23:24:56 03-mps4-30: running; is not a recognized function If this is meant to be a custom unit, define it with 'u.def_unit'. To have it recognized inside a file reader or other code, enable it with 'u.add_enabled_units'. For details, see https://docs.astropy.org/en/latest/units/combining_and_defining.html [astropy.units.core]
23:25:05 03-mps4-30: running; is not a recognized function If this is meant to be a custom unit, define it with 'u.def_unit'. To have it recognized inside a file reader or other code, enable it with 'u.add_enabled_units'. For details, see https://docs.astropy.org/en/latest/units/combining_and_defining.html [astropy.units.core]
23:25:14 03-mps4-30: running; is not a recognized function If this is meant to be a custom unit, define it with 'u.def_unit'. To have it recognized inside a file reader or other code, enable it with 'u.add_enabled_units'. For details, see https://docs.astropy.org/en/latest/units/combining_and_defining.html [astropy.units.core]
23:25:23 03-mps4-30: running; is not a recognized function If this is meant to be a custom unit, define it with 'u.def_unit'. To have it recognized inside a file reader or other code, enable it with 'u.add_enabled_units'. For details, see https://docs.astropy.org/en/latest/units/combining_and_defining.html [astropy.units.core]
23:25:33 03-mps4-30: running; is not a recognized function If this is meant to be a custom unit, define it with 'u.def_unit'. To have it recognized inside a file reader or other code, enable it with 'u.add_enabled_units'. For details, see https://docs.astropy.org/en/latest/units/combining_and_defining.html [astropy.units.core]
23:25:43 03-mps4-30: 0; "logZ": 235017.55473599944, "logZ_live": 235875.81160194767, "n_likelihood_calls": 1005516, "build_s": 14.304118612315506, "init_s": 3.300027284771204, "sampling_s": 104.41871246136725, "first_iteration_s": 7.916153942234814, "later_iterations_s": 96.37323481077328, "script_s": 124.23825312126428}
23:26:08 destroyed instance 53602708
