[IPKernelApp] WARNING | Kernel is running over TCP without encryption. All communication (including code and outputs) is sent in plain text and is susceptible to eavesdropping. Use IPC transport or launch with kernel manager-provisioned CurveZMQ keys to enable transport encryption.
target: M1_210210
fit mode: full_spectrum
random seed: 20260905
JAX devices: [CudaDevice(id=0)]
result directory: /workspace/cosmic-chronometers-jwst/results/ceridwen-speedups/M1_210210-20260905-baseline
spectrum pixels: all
photometry source: cosmos_total
calibration polynomial: Chebyshev order 3, prior sigma 0.1, marginalised
SIMPLE  =                    T /Written by IDL:  Wed Jun 13 14:42:40 2018       BITPIX  =                    8 /                                                NAXIS   =                    0 /                                                EXTEND  =                    T /File contains extensions                        DATE    = '2018-06-13'         /                                                ORIGIN  = 'ESO     '           /European Southern Observatory                   TELESCOP= 'ESO-VLT-U3'         /ESO <TEL>                                       INSTRUME= 'VIMOS   '           /Instrument used                                 DISPELEM= 'HR_red  '           /                                                SPECSYS = 'TOPOCENT'           /                                                OBJECT  = 'M1_210210'          /                                                EXT_OBJ =                    T /                                                RA      =           150.148117 /UltraVISTA catalog R.A.                         DEC     =             2.517844 /UltraVISTA catalog Dec.                         EQUINOX =                 2000 /Standard FK5                                    RADECSYS= 'FK5     '           /                                                EXPTIME =              76799.7 /Total integration time per pixel (s)            TEXPTIME=              76799.7 /Total integration time in spectrum (s)          MJD-OBS =       57039.29724000 /                                                MJD-END =       57044.36441678 /                                                PROG_ID = '194.A-2005(B)'      /                                                OBID1   =              1163746 /Observation block ID                            OBID2   =              1163760 /Observation block ID                            OBID3   =              1163762 /Observation block ID                            OBID4   =              1163764 /Observation block ID                            OBID5   =              1163766 /Observation block ID                            OBID6   =              1163768 /Observation block ID                            OBID7   =              1163770 /Observation block ID                            OBID8   =              1163772 /Observation block ID                            OBID9   =              1163774 /Observation block ID                            OBID10  =              1163776 /Observation block ID                            OBID11  =              1163778 /Observation block ID                            OBID12  =              1163780 /Observation block ID                            OBID13  =              1163782 /Observation block ID                            OBID14  =              1163784 /Observation block ID                            OBID15  =              1163786 /Observation block ID                            M_EPOCH =                    T /                                                PROV1   = 'VIMOS.2015-01-17T07:08:01.534.fits' /                                PROV2   = 'VIMOS.2015-01-17T07:28:56.350.fits' /                                PROV3   = 'VIMOS.2015-01-17T07:49:52.333.fits' /                                PROV4   = 'VIMOS.2015-01-17T08:10:47.347.fits' /                                PROV5   = 'VIMOS.2015-01-18T04:03:48.110.fits' /                                PROV6   = 'VIMOS.2015-01-18T04:24:43.107.fits' /                                PROV7   = 'VIMOS.2015-01-18T04:45:38.102.fits' /                                PROV8   = 'VIMOS.2015-01-18T05:06:33.097.fits' /                                PROV9   = 'VIMOS.2015-01-18T05:46:47.348.fits' /                                PROV10  = 'VIMOS.2015-01-18T06:07:44.095.fits' /                                PROV11  = 'VIMOS.2015-01-18T06:28:39.140.fits' /                                PROV12  = 'VIMOS.2015-01-18T06:49:34.094.fits' /                                PROV13  = 'VIMOS.2015-01-18T07:22:50.164.fits' /                                PROV14  = 'VIMOS.2015-01-18T07:43:45.150.fits' /                                PROV15  = 'VIMOS.2015-01-18T08:04:40.777.fits' /                                PROV16  = 'VIMOS.2015-01-18T08:25:36.101.fits' /                                PROV17  = 'VIMOS.2015-01-19T03:48:11.074.fits' /                                PROV18  = 'VIMOS.2015-01-19T04:09:05.971.fits' /                                PROV19  = 'VIMOS.2015-01-19T04:30:00.966.fits' /                                PROV20  = 'VIMOS.2015-01-19T04:50:55.961.fits' /                                PROV21  = 'VIMOS.2015-01-19T05:29:06.425.fits' /                                PROV22  = 'VIMOS.2015-01-19T05:50:01.970.fits' /                                PROV23  = 'VIMOS.2015-01-19T06:10:56.975.fits' /                                PROV24  = 'VIMOS.2015-01-19T06:31:51.967.fits' /                                PROV25  = 'VIMOS.2015-01-19T07:12:45.500.fits' /                                PROV26  = 'VIMOS.2015-01-19T07:33:40.973.fits' /                                PROV27  = 'VIMOS.2015-01-19T07:54:35.978.fits' /                                PROV28  = 'VIMOS.2015-01-19T08:15:32.903.fits' /                                PROV29  = 'VIMOS.2015-01-19T08:36:27.968.fits' /                                PROV30  = 'VIMOS.2015-01-20T03:28:03.835.fits' /                                PROV31  = 'VIMOS.2015-01-20T03:48:58.930.fits' /                                PROV32  = 'VIMOS.2015-01-20T04:09:53.923.fits' /                                PROV33  = 'VIMOS.2015-01-20T04:30:48.932.fits' /                                PROV34  = 'VIMOS.2015-01-20T06:11:51.828.fits' /                                PROV35  = 'VIMOS.2015-01-20T06:32:47.014.fits' /                                PROV36  = 'VIMOS.2015-01-20T06:53:41.937.fits' /                                PROV37  = 'VIMOS.2015-01-20T07:14:37.601.fits' /                                PROV38  = 'VIMOS.2015-01-20T07:56:20.769.fits' /                                PROV39  = 'VIMOS.2015-01-20T08:21:44.043.fits' /                                PROV40  = 'VIMOS.2015-01-21T03:06:28.768.fits' /                                PROV41  = 'VIMOS.2015-01-21T03:27:23.854.fits' /                                PROV42  = 'VIMOS.2015-01-21T03:48:20.850.fits' /                                PROV43  = 'VIMOS.2015-01-21T04:09:15.832.fits' /                                PROV44  = 'VIMOS.2015-01-21T05:11:56.905.fits' /                                PROV45  = 'VIMOS.2015-01-21T05:32:51.841.fits' /                                PROV46  = 'VIMOS.2015-01-21T05:53:46.835.fits' /                                PROV47  = 'VIMOS.2015-01-21T06:14:41.838.fits' /                                PROV48  = 'VIMOS.2015-01-21T06:52:07.926.fits' /                                PROV49  = 'VIMOS.2015-01-21T07:13:02.841.fits' /                                PROV50  = 'VIMOS.2015-01-21T07:33:57.826.fits' /                                PROV51  = 'VIMOS.2015-01-21T07:54:52.821.fits' /                                PROV52  = 'VIMOS.2015-01-21T08:31:17.935.fits' /                                PROV53  = 'VIMOS.2015-01-22T03:58:03.408.fits' /                                PROV54  = 'VIMOS.2015-01-22T04:18:58.654.fits' /                                PROV55  = 'VIMOS.2015-01-22T04:39:53.650.fits' /                                PROV56  = 'VIMOS.2015-01-22T05:20:09.380.fits' /                                PROV57  = 'VIMOS.2015-01-22T05:41:03.647.fits' /                                PROV58  = 'VIMOS.2015-01-22T06:01:58.642.fits' /                                PROV59  = 'VIMOS.2015-01-22T06:22:53.687.fits' /                                PROV60  = 'VIMOS.2015-01-22T07:01:04.733.fits' /                                PROV61  = 'VIMOS.2015-01-22T07:21:59.759.fits' /                                PROV62  = 'VIMOS.2015-01-22T07:42:54.987.fits' /                                PROV63  = 'VIMOS.2015-01-22T08:03:49.652.fits' /                                PROV64  = 'VIMOS.2015-01-22T08:24:45.650.fits' /                                PRODCATG= 'SCIENCE.SPECTRUM'   /                                                PROCSOFT= 'Reflex 2.8, vimos 3.1.7' /                                           OBSTECH = 'MOS,NODDING'        /                                                FLUXCAL = 'ABSOLUTE'           /                                                CONTNORM=                    F /                                                WAVELMIN=              618.610 /                                                WAVELMAX=              890.050 /                                                SPEC_BIN=            0.0600000 /                                                TOT_FLUX=                    F /                                                FLUXERR =                  10.                                                  REFERENC= '2016ApJS..223...29V' /                                               SNR     =        62.2000000000 /                                                SPEC_RES=                 2500 /                                                NCOMBINE=                   64 /                                                DATASUM = '0       '           / data unit checksum updated 2018-06-13T13:04:33 CHECKSUM= 'UWUHaUUFVUUFaUUF'   / HDU checksum updated 2018-06-13T13:04:33       TUTYP3  = 'Spectrum.Data.FluxAxis.Accuracy.StatError'                           TUTYP4  = 'Spectrum.Data.FluxAxis.Quality'                                      END
M1_210210  z=0.6542
catalogue S/N=62.2
observed 4000-A coverage=True
fixed sigma*=259.5 km/s
instrument FWHM resolving power=2500
good spectral coverage: 6190-8633 angstrom
aperture-to-total offset: -0.343 mag
Photometry (photometry)
  n_filters     : 12
  ndof          : 12
  wave_eff range: 3813 – 44781 Å
  filters       : cfht_megacam_us_9301, subaru_suprimecam_B, subaru_suprimecam_V, subaru_suprimecam_rp, subaru_suprimecam_ip … (+7 more)
  masked filters: 0 / 12

  #    filter                           λ_eff [Å]      flux [mag]             σ      S/N   mask   UL
  --------------------------------------------------------------------------------------------------
  0    cfht_megacam_us_9301                3813.2      1.4826e-10    1.5481e-11     9.58   True    -
  1    subaru_suprimecam_B                 4427.2      3.8797e-10    2.3839e-11    16.27   True    -
  2    subaru_suprimecam_V                 5454.9      1.6106e-09    8.8094e-11    18.28   True    -
  3    subaru_suprimecam_rp                6249.0      3.5489e-09    1.8257e-10    19.44   True    -
  4    subaru_suprimecam_ip                7645.9      9.8023e-09    4.9326e-10    19.87   True    -
  5    subaru_suprimecam_zp                9010.8      1.5351e-08    7.6810e-10    19.99   True    -
  6    vista_vircam_Y                     10204.7      1.8944e-08    9.4768e-10    19.99   True    -
  7    vista_vircam_J                     12504.9      2.6482e-08    1.3249e-09    19.99   True    -
  8    vista_vircam_H                     16388.5      3.7862e-08    1.8943e-09    19.99   True    -
  9    vista_vircam_Ks                    21452.8      4.7727e-08    2.3871e-09    19.99   True    -
  10   spitzer_irac_ch1                   35378.5      4.0293e-08    2.0227e-09    19.92   True    -
  11   spitzer_irac_ch2                   44780.5      2.7723e-08    1.3893e-09    19.95   True    -
Spectrum (spectrum)
  ndata         : 6166
  ndof          : 3523
  wavelength    : 5801.9 – 9501.9 Å
  resolution    : 2500.0 (fwhm convention)
  smoothtype    : R
  sigma_losvd   : 259.5 km/s
  logify        : False
  calibration   : none
  sky           : none
  noise_floor   : 0.0000
  noise model   : none
  masked pixels : 2643 / 6166

  i              λ [Å]            flux               σ   mask
  -----------------------------------------------------------
  0            5801.91      0.0000e+00      1.0000e+00  False
  1            5802.51      0.0000e+00      1.0000e+00  False
  2            5803.11      0.0000e+00      1.0000e+00  False
  3            5803.71      0.0000e+00      1.0000e+00  False
  4            5804.31      0.0000e+00      1.0000e+00  False
  5            5804.91      0.0000e+00      1.0000e+00  False
  6            5805.51      0.0000e+00      1.0000e+00  False
  7            5806.11      0.0000e+00      1.0000e+00  False
  8            5806.71      0.0000e+00      1.0000e+00  False
  9            5807.31      0.0000e+00      1.0000e+00  False
  10           5807.91      0.0000e+00      1.0000e+00  False
  11           5808.51      0.0000e+00      1.0000e+00  False
  12           5809.11      0.0000e+00      1.0000e+00  False
  13           5809.71      0.0000e+00      1.0000e+00  False
  14           5810.31      0.0000e+00      1.0000e+00  False
  15           5810.91      0.0000e+00      1.0000e+00  False
  16           5811.51      0.0000e+00      1.0000e+00  False
  17           5812.11      0.0000e+00      1.0000e+00  False
  18           5812.71      0.0000e+00      1.0000e+00  False
  19           5813.31      0.0000e+00      1.0000e+00  False
  20           5813.91      0.0000e+00      1.0000e+00  False
  21           5814.51      0.0000e+00      1.0000e+00  False
  22           5815.11      0.0000e+00      1.0000e+00  False
  23           5815.71      0.0000e+00      1.0000e+00  False
  24           5816.31      0.0000e+00      1.0000e+00  False
  25           5816.91      0.0000e+00      1.0000e+00  False
  26           5817.51      0.0000e+00      1.0000e+00  False
  27           5818.11      0.0000e+00      1.0000e+00  False
  28           5818.71      0.0000e+00      1.0000e+00  False
  29           5819.31      0.0000e+00      1.0000e+00  False
  30           5819.91      0.0000e+00      1.0000e+00  False
  31           5820.51      0.0000e+00      1.0000e+00  False
  32           5821.11      0.0000e+00      1.0000e+00  False
  33           5821.71      0.0000e+00      1.0000e+00  False
  34           5822.31      0.0000e+00      1.0000e+00  False
  35           5822.91      0.0000e+00      1.0000e+00  False
  36           5823.51      0.0000e+00      1.0000e+00  False
  37           5824.11      0.0000e+00      1.0000e+00  False
  38           5824.71      0.0000e+00      1.0000e+00  False
  39           5825.31      0.0000e+00      1.0000e+00  False
  ...
  6126         9478.50      0.0000e+00      1.0000e+00  False
  6127         9479.10      0.0000e+00      1.0000e+00  False
  6128         9479.70      0.0000e+00      1.0000e+00  False
  6129         9480.30      0.0000e+00      1.0000e+00  False
  6130         9480.90      0.0000e+00      1.0000e+00  False
  6131         9481.50      0.0000e+00      1.0000e+00  False
  6132         9482.10      0.0000e+00      1.0000e+00  False
  6133         9482.70      0.0000e+00      1.0000e+00  False
  6134         9483.30      0.0000e+00      1.0000e+00  False
  6135         9483.90      0.0000e+00      1.0000e+00  False
  6136         9484.50      0.0000e+00      1.0000e+00  False
  6137         9485.10      0.0000e+00      1.0000e+00  False
  6138         9485.70      0.0000e+00      1.0000e+00  False
  6139         9486.30      0.0000e+00      1.0000e+00  False
  6140         9486.90      0.0000e+00      1.0000e+00  False
  6141         9487.50      0.0000e+00      1.0000e+00  False
  6142         9488.10      0.0000e+00      1.0000e+00  False
  6143         9488.70      0.0000e+00      1.0000e+00  False
  6144         9489.30      0.0000e+00      1.0000e+00  False
  6145         9489.90      0.0000e+00      1.0000e+00  False
  6146         9490.50      0.0000e+00      1.0000e+00  False
  6147         9491.10      0.0000e+00      1.0000e+00  False
  6148         9491.70      0.0000e+00      1.0000e+00  False
  6149         9492.30      0.0000e+00      1.0000e+00  False
  6150         9492.90      0.0000e+00      1.0000e+00  False
  6151         9493.50      0.0000e+00      1.0000e+00  False
  6152         9494.10      0.0000e+00      1.0000e+00  False
  6153         9494.70      0.0000e+00      1.0000e+00  False
  6154         9495.30      0.0000e+00      1.0000e+00  False
  6155         9495.90      0.0000e+00      1.0000e+00  False
  6156         9496.50      0.0000e+00      1.0000e+00  False
  6157         9497.10      0.0000e+00      1.0000e+00  False
  6158         9497.70      0.0000e+00      1.0000e+00  False
  6159         9498.30      0.0000e+00      1.0000e+00  False
  6160         9498.90      0.0000e+00      1.0000e+00  False
  6161         9499.51      0.0000e+00      1.0000e+00  False
  6162         9500.11      0.0000e+00      1.0000e+00  False
  6163         9500.71      0.0000e+00      1.0000e+00  False
  6164         9501.31      0.0000e+00      1.0000e+00  False
  6165         9501.91      0.0000e+00      1.0000e+00  False
  -----------------------------------------------------------
  [stats over 3523/6166 unmasked, finite pixels]  flux min/med/max = 4.955e-29 / 2.767e-28 / 5.189e-28  mean |S/N| = 57.78
joint photometric bands: 12
spectrum normalization: fitted by spectrum_scaling
native good pixels: 4053
fitted native pixels: 3523
library resolution: schema-2.1 automatic curve
findfont: Failed to find font weight semibold, now using 700.
SSPDataAfe
------------------------------------------------------------------
provenance
  isochrones (isoc_type)   : MIST v2.5 (aMIST, alpha-variable)
  spectral library         : C3K v2.3 high-res (c3k_hr, vt=10 km/s)
  IMF (imf_type)           : 2
  FSPS version             : —
  schema version           : 2.1
  recorded wave_min/max    : 100.0 / 99595854.863
  build kwargs             : {'source_fits': 'ssp_final_mistv2.5_c3kv2.3vt10allfal_250722.fits', 'provider': 'M. J. Park (2025-07-22)', 'zsun_reference': 0.0185, 'feh_to_logZ': 'log10 Z = [Fe/H] + log10(Zsun)', 'imf_name': 'Kroupa'}
grids
  [alpha/Fe]               :    5 pts   [-0.2  0.   0.2  0.4  0.6]
  metallicity  log10 Z     :   13 pts   [-4.233, -1.233]  (absolute TOTAL Z, NOT Z/Zsun, NOT [Fe/H])
  age          log10(Gyr)  :  107 pts   [-4.000, +1.300]  = [0.0001, 20] Gyr
  wavelength   Angstrom    : 10992 pts   [100.0, 99595854.9]
  flux (n_afe,n_met,n_age,n_wave): (5, 13, 107, 10992)  [L_sun Hz^-1 M_sun^-1]  float64  583.3 MB
  library resolution       : sigma_v [23.2, 2546.3] km/s over [100, 99595855] AA (100% of pixels; NaN elsewhere)
  resolution source        : grid 2-pixel sampling floor derived from ssp_wave (sigma_v = 0.8493 c dlambda/lambda)
catalogue-redshift universe age: 7.566 Gyr
median grid pixel resolving power: R=6000
SFH nodes: [0.         0.03       0.1        0.3        1.         3.
 5.         7.56620799]
Using only diffuse dust attenuation.
Initializing DiffuseDust model...
Dust initialization complete.
Spectrum model: dust attenuation only (alpha-enhanced, no nebular)
joint redshift fixed at 0.6542
spectrum sigma* fixed at 259.5 km/s
initial logmass: 11.232
initial median spectrum/model ratio: 0.690
sampler settings: {'num_live': 500, 'num_inner_steps': 65, 'num_delete': 100, 'logZ_tol': -5.0}
spectroscopic likelihood: DiagonalGaussianLikelihood(noise_model=DiagonalNoiseModel(use_jitter=False, use_fractional=True, use_data_fractional=False), calibration=PolynomialCalibration(order=3, fit_constant=False, prior_sigma=(0.1, 0.1, 0.1), marginalize=True, n_pix=6166))
MODEL PARAMETERS (generated from the SedModel object)
Stellar population grid
  library: C3K v2.3 high-res (c3k_hr, vt=10 km/s); isochrones: MIST v2.5 (aMIST, alpha-variable); IMF: imf_type=2 (Kroupa (2001)); schema 2.1
  grid axes: [alpha/Fe] [-0.2, 0, 0.2, 0.4, 0.6]; log10 Z 13 nodes [-4.233, -1.233] (absolute Z); log10(age/Gyr) 107 nodes; wavelength 10992 pts [100, 99595855] A
Star-formation history
  form: piecewise-constant SFR ('step' interpolation) on 7 lookback bins; metallicity history: constant Z
  bin edges (lookback, Gyr): [0, 0.03, 0.1, 0.3, 1, 3, 5, 7.566]  (last edge = universe age at z)
  free parameters: logsfr_ratios[7] = log10(SFR_i / SFR_i+1), transform 'sfh_from_ratios' -> unit-mass SFH (integral 1 Msun); logmass scales the total formed mass
Free parameters and priors
  Z: shape (1,); prior Uniform(-4.233, -1.233); init [-1.85]
  afe: shape (1,); prior Uniform(-0.2, 0.6); init [0.2]
  diffuse_tau_kc: shape (1,); prior Uniform(0, 2); init [0.2]
  log_f_calib: shape (1,); prior Uniform(-4.605, -2.303); init [-3.507]
  logmass: shape (1,); prior Uniform(8, 13); init [11.23]
  logsfr_ratios: shape (7,); prior Uniform(-3, 3); init [0, 0, 0, 0, 0, 0, 0]
  spectrum_scaling: shape (1,); prior ClippedNormal(mean=1, sigma=0.3, low=0.2, high=3); init [1]
Fixed and derived quantities
  redshift: fixed at z = 0.654200 (SedModel.zred); SFH age grid tracks z: False
  diffuse_dust_index: fixed by transform '<lambda>' = [-0.7]
Dust, nebular emission, IGM
  diffuse attenuation: law 'kriek_conroy', parameters ['diffuse_tau_kc', 'diffuse_dust_index']; birth-cloud (age-dependent) dust: False; dust emission: False
  nebular emission: none (spectrum model 'get_spectrum_dattn_nodem_noneb')
  IGM absorption: none
  cosmology: Cosmology(H0=67.66, Om0=0.30966, Tcmb0=2.7255, Neff=3.046, m_nu_ev_sum=0.06)
Observations and calibration
  photometry: Photometry, 12 bands, 12 fitted; filters ['cfht_megacam_us_9301', 'subaru_suprimecam_B', 'subaru_suprimecam_V', 'subaru_suprimecam_rp', 'subaru_suprimecam_ip', 'subaru_suprimecam_zp', 'vista_vircam_Y', 'vista_vircam_J', 'vista_vircam_H', 'vista_vircam_Ks', 'spitzer_irac_ch1', 'spitzer_irac_ch2']
  spectrum: Spectrum, 3523 of 6166 native pixels fitted, 6199-8635 A observed; instrument R = 2500 (R, fwhm); fixed stellar sigma_losvd = 259.5 km/s; CSP-level LOSVD 0.0 km/s
  likelihood[photometry]: DiagonalGaussianLikelihood with DiagonalNoiseModel: var = sigma_obs^2 (no extra terms)
  likelihood[spectrum]: DiagonalGaussianLikelihood with DiagonalNoiseModel: var = sigma_obs^2 + model-scaled fractional floor f_calib*|mu| (log_f_calib free in [1%, 10%])
  likelihood[spectrum] calibration polynomial: PolynomialCalibration(order=3, fit_constant=False, prior_sigma=(0.1, 0.1, 0.1), marginalize=True, n_pix=6166)
  spectrum normalisation: free multiplicative spectrum_scaling, prior ClippedNormal(mean=1, sigma=0.3, low=0.2, high=3)
Sampler
  blackjax.nss: num_live 500, num_inner_steps 65, num_delete 100, logZ_tol -5.0; random seed 20260905
saved result: /workspace/cosmic-chronometers-jwst/results/ceridwen-speedups/M1_210210-20260905-baseline/ceridwen_result.h5
blackjax.nss  |  n_samples=21700  ln Z = 230655.868 ± 0.290  |  n_like = 1378000  |  wall = 450.3 s
joint fit: diagnostics passed
ln Z: 230655.868 +/- 0.290
posterior-weight ESS: 3733.5
likelihood calls: 1378000
findfont: Failed to find font weight semibold, now using 700.
photometry chi2/datum: 12.23
spectrum chi2/bin: 1.05
joint chi2/datum: 1.09
sampled calibration floor: 3.09%
native valid pixels shown: 4053
native residual pixels after masks: 3523
native spectrum is the fitted high-resolution likelihood
P(lambda) median over fitted pixels: 0.8658 - 1.0988
end-to-end tilt P(red) / P(blue) - 1: +0.1003
joint redshift fixed at 0.6542
spectrum normalization fitted with spectrum_scaling
joint fit status: diagnostics passed
saved derived outputs: /workspace/cosmic-chronometers-jwst/results/ceridwen-speedups/M1_210210-20260905-baseline/ceridwen_derived_outputs.h5
{
  "workload": "dr2_poly3_total",
  "target": "M1_210210",
  "fit_arm": "baseline",
  "fit_seed": 20260905,
  "validation_seed": 20260905,
  "prior_points": 64,
  "posterior_points": 64,
  "batch_size": 100,
  "numerical_passed": true,
  "prediction_error_in_sigma": {
    "photometry": 0.0,
    "spectrum": 0.0
  },
  "max_abs_loglike_error": 0.0,
  "max_relative_gradient_error": 1.4173296097033861e-05,
  "interpolation_relative_error_vs_float64": {
    "dense": 0.0006621487040028686,
    "dense_highest": 1.0745285976009625e-07,
    "gather": 1.0745285976009625e-07
  },
  "likelihood_speedup": 1.0006013909429632,
  "interpolation_speedup": 11.261308593840013,
  "software": {
    "jax": "0.10.2",
    "jaxlib": "0.10.2",
    "blackjax": "1.6.dev98+gf73e12956",
    "ceridwen": "0.2.3",
    "sedpy-jax": "0.1.1"
  },
  "devices": [
    "NVIDIA GeForce RTX 5060"
  ],
  "x64": true,
  "validation_instance_id": "50006998"
}
