[16:59:06] calibration arms: rented instance 51329179: offer 43619156 RTX 5060 Ti bid $0.1090/h (on demand $0.1841/h) British Columbia, CA host 78432 rel 0.998
[16:59:07] calibration arms: waiting for instance 51329179: status=None
[16:59:23] calibration arms: waiting for instance 51329179: status=None
[16:59:39] calibration arms: waiting for instance 51329179: status=loading
[16:59:55] calibration arms: waiting for instance 51329179: status=loading
[17:00:11] calibration arms: waiting for instance 51329179: status=loading
[17:00:28] calibration arms: waiting for instance 51329179: status=loading
[17:00:44] calibration arms: waiting for instance 51329179: status=loading
[17:01:00] calibration arms: waiting for instance 51329179: status=loading
[17:01:16] calibration arms: waiting for instance 51329179: status=loading
[17:01:32] calibration arms: waiting for instance 51329179: status=loading
[17:01:48] calibration arms: waiting for instance 51329179: status=loading
[17:02:04] calibration arms: waiting for instance 51329179: status=loading
[17:02:20] calibration arms: waiting for instance 51329179: status=loading
[17:02:36] calibration arms: waiting for instance 51329179: status=loading
[17:02:52] calibration arms: waiting for instance 51329179: status=loading
[17:03:08] calibration arms: waiting for instance 51329179: status=loading
[17:03:24] calibration arms: waiting for instance 51329179: status=loading
[17:03:40] calibration arms: waiting for instance 51329179: status=loading
[17:04:00] calibration arms: cloning branch absorption-mask
[17:04:44] calibration arms: uploading ceridwen working tree
[17:04:49] calibration arms: uploading external/sedpy_jax working tree
[17:04:57] calibration arms: submodule trees uploaded: {'ceridwen': '56505a6', 'external/sedpy_jax': '754a118'}
[17:04:57] calibration arms: uploading data/raw
[17:05:47] calibration arms: uploaded 1988 spectra
[17:05:53] calibration arms: bootstrapping the CUDA environment
[17:11:26] calibration arms: bootstrap: sedpy_jax wavelength-dependent input resolution verified
[17:11:26] calibration arms: bootstrap: Installed kernelspec ceridwen in /root/.local/share/jupyter/kernels/ceridwen
[17:11:26] calibration arms: bootstrap: LEGA-C inputs and schema-2.1 HR SSP grid verified: /root/.ceridwen/grids/amist_c3k_hr_krou_afe.h5
[17:11:26] calibration arms: bootstrap: Select the 'Ceridwen (Vast.ai GPU)' kernel in JupyterLab.
[17:11:30] calibration arms: probe: devices [CudaDevice(id=0)]
[17:11:30] calibration arms: probe: backend gpu
[17:11:30] calibration arms: probe: overlay          40G  8.9G   32G  23% /
[17:11:37] calibration arms: launched the remote runner
[17:13:41] calibration arms: 0/1 done, 0 failed, running ['poly10/M1_210210']; spend $0.034 of cap $0.50
[17:15:47] calibration arms: 0/1 done, 0 failed, running ['poly10/M1_210210']; spend $0.038 of cap $0.50
[17:15:50] calibration arms: pulling results
[17:17:57] calibration arms: 0/1 done, 0 failed, running ['poly10/M1_210210']; spend $0.043 of cap $0.50
[17:20:04] calibration arms: 0/1 done, 0 failed, running ['poly10/M1_210210']; spend $0.047 of cap $0.50
[17:22:10] calibration arms: 1/1 done, 0 failed, running []; spend $0.051 of cap $0.50
[17:22:12] calibration arms: runner has exited
[17:22:13] calibration arms: pulling results
[17:22:26] calibration arms: destroyed instance 51329179
{
 "instance_id": 51329179,
 "spent_usd": 0.0522,
 "instances_left": [],
 "error": null
}
