[22:56:50] M5_172669: rented instance 49693756: offer 43665007 RTX 5070 $0.1023/h Indiana, US host 332635 rel 0.999
[22:56:51] M5_172669: waiting for instance 49693756: status=None
[22:56:55] M4_108989: rented instance 49693763: offer 48986828 RTX 5070 $0.1192/h South Korea, KR host 454863 rel 0.990
[22:56:57] M4_108989: waiting for instance 49693763: status=None
[22:57:11] M5_172669: cloning branch calibration-polynomial
[22:57:13] M4_108989: waiting for instance 49693763: status=None
[22:57:17] M5_172669: uploading ceridwen and sedpy_jax working trees
[22:57:26] M5_172669: uploading data/raw
[22:57:34] M4_108989: cloning branch calibration-polynomial
[22:57:46] M4_108989: uploading ceridwen and sedpy_jax working trees
[22:57:53] M5_172669: uploaded: 1988 | /workspace/cosmic-chronometers-jwst/data/raw/cosmos2015: | README.md | cosmos2015_legac_dr2_apertures_1arcsec.fits | cosmos2015_legac_dr2_photometry_1arcsec.fits |  | /workspace/cosmic-chronometers-jwst/data/raw/ultravista: | README.md | ultravista_legac_dr2_1arcsec.fits
[22:57:58] M5_172669: bootstrapping the CUDA environment
[22:59:23] M4_108989: uploading data/raw
[23:00:09] M4_108989: uploaded: 1988 | /workspace/cosmic-chronometers-jwst/data/raw/cosmos2015: | README.md | cosmos2015_legac_dr2_apertures_1arcsec.fits | cosmos2015_legac_dr2_photometry_1arcsec.fits |  | /workspace/cosmic-chronometers-jwst/data/raw/ultravista: | README.md | ultravista_legac_dr2_1arcsec.fits
[23:00:19] M4_108989: bootstrapping the CUDA environment
[23:09:07] M5_172669: bootstrap: sedpy_jax wavelength-dependent input resolution verified
[23:09:07] M5_172669: bootstrap: Installed kernelspec ceridwen in /root/.local/share/jupyter/kernels/ceridwen
[23:09:07] M5_172669: bootstrap: LEGA-C inputs and schema-2.1 HR SSP grid verified: /root/.ceridwen/grids/amist_c3k_hr_krou_afe.h5
[23:09:07] M5_172669: bootstrap: Select the 'Ceridwen (Vast.ai GPU)' kernel in JupyterLab.
[23:09:11] M5_172669: probe: devices [CudaDevice(id=0)]
[23:09:11] M5_172669: probe: backend gpu
[23:09:11] M5_172669: probe: overlay          40G  6.9G   34G  18% /
[23:09:15] M5_172669: launched runner
[23:10:47] M5_172669: 2026-09-02T23:10:08+00:00 end M5_172669_photonly_cosmos_total rc=0 wall=55s | 2026-09-02T23:10:08+00:00 start M5_172669_photonly_ap3
[23:11:56] M4_108989: bootstrap: sedpy_jax wavelength-dependent input resolution verified
[23:11:56] M4_108989: bootstrap: Installed kernelspec ceridwen in /root/.local/share/jupyter/kernels/ceridwen
[23:11:56] M4_108989: bootstrap: LEGA-C inputs and schema-2.1 HR SSP grid verified: /root/.ceridwen/grids/amist_c3k_hr_krou_afe.h5
[23:11:56] M4_108989: bootstrap: Select the 'Ceridwen (Vast.ai GPU)' kernel in JupyterLab.
[23:12:01] M4_108989: probe: devices [CudaDevice(id=0)]
[23:12:01] M4_108989: probe: backend gpu
[23:12:01] M4_108989: probe: overlay          40G  6.9G   34G  18% /
[23:12:08] M4_108989: launched runner
[23:12:22] M5_172669: 2026-09-02T23:11:05+00:00 end M5_172669_photonly_ap3 rc=0 wall=58s | 2026-09-02T23:11:05+00:00 start M5_172669_cosmos_total_baseline
[23:13:42] M4_108989: 2026-09-02T23:13:42+00:00 end M4_108989_photonly_ap3 rc=0 wall=50s | 2026-09-02T23:13:42+00:00 start M4_108989_cosmos_total_baseline
[23:13:56] M5_172669: 2026-09-02T23:11:05+00:00 end M5_172669_photonly_ap3 rc=0 wall=58s | 2026-09-02T23:11:05+00:00 start M5_172669_cosmos_total_baseline
[23:15:21] M4_108989: 2026-09-02T23:13:42+00:00 end M4_108989_photonly_ap3 rc=0 wall=50s | 2026-09-02T23:13:42+00:00 start M4_108989_cosmos_total_baseline
[23:15:30] M5_172669: 2026-09-02T23:14:06+00:00 end M5_172669_cosmos_total_baseline rc=0 wall=181s | 2026-09-02T23:14:06+00:00 start M5_172669_cosmos_total_poly3
[23:16:59] M4_108989: 2026-09-02T23:16:52+00:00 end M4_108989_cosmos_total_baseline rc=0 wall=190s | 2026-09-02T23:16:52+00:00 start M4_108989_cosmos_total_poly3
[23:17:05] M5_172669: 2026-09-02T23:14:06+00:00 end M5_172669_cosmos_total_baseline rc=0 wall=181s | 2026-09-02T23:14:06+00:00 start M5_172669_cosmos_total_poly3
[23:18:38] M4_108989: 2026-09-02T23:16:52+00:00 end M4_108989_cosmos_total_baseline rc=0 wall=190s | 2026-09-02T23:16:52+00:00 start M4_108989_cosmos_total_poly3
[23:18:39] M5_172669: 2026-09-02T23:14:06+00:00 end M5_172669_cosmos_total_baseline rc=0 wall=181s | 2026-09-02T23:14:06+00:00 start M5_172669_cosmos_total_poly3
[23:20:14] M5_172669: 2026-09-02T23:19:13+00:00 end M5_172669_cosmos_total_poly3 rc=0 wall=307s | 2026-09-02T23:19:13+00:00 start M5_172669_uvista_total_baseline
[23:20:16] M4_108989: 2026-09-02T23:16:52+00:00 end M4_108989_cosmos_total_baseline rc=0 wall=190s | 2026-09-02T23:16:52+00:00 start M4_108989_cosmos_total_poly3
[23:21:48] M5_172669: 2026-09-02T23:19:13+00:00 end M5_172669_cosmos_total_poly3 rc=0 wall=307s | 2026-09-02T23:19:13+00:00 start M5_172669_uvista_total_baseline
[23:21:54] M4_108989: 2026-09-02T23:21:16+00:00 end M4_108989_cosmos_total_poly3 rc=0 wall=264s | 2026-09-02T23:21:16+00:00 start M4_108989_uvista_total_baseline
[23:23:23] M5_172669: 2026-09-02T23:22:17+00:00 end M5_172669_uvista_total_baseline rc=0 wall=184s | 2026-09-02T23:22:17+00:00 start M5_172669_uvista_total_poly3
[23:23:33] M4_108989: 2026-09-02T23:21:16+00:00 end M4_108989_cosmos_total_poly3 rc=0 wall=264s | 2026-09-02T23:21:16+00:00 start M4_108989_uvista_total_baseline
[23:24:58] M5_172669: 2026-09-02T23:22:17+00:00 end M5_172669_uvista_total_baseline rc=0 wall=184s | 2026-09-02T23:22:17+00:00 start M5_172669_uvista_total_poly3
[23:25:00] M5_172669: pulling results
[23:25:12] M4_108989: 2026-09-02T23:24:20+00:00 end M4_108989_uvista_total_baseline rc=0 wall=184s | 2026-09-02T23:24:20+00:00 start M4_108989_uvista_total_poly3
[23:26:39] M5_172669: 2026-09-02T23:22:17+00:00 end M5_172669_uvista_total_baseline rc=0 wall=184s | 2026-09-02T23:22:17+00:00 start M5_172669_uvista_total_poly3
[23:26:50] M4_108989: 2026-09-02T23:24:20+00:00 end M4_108989_uvista_total_baseline rc=0 wall=184s | 2026-09-02T23:24:20+00:00 start M4_108989_uvista_total_poly3
[23:28:13] M5_172669: 2026-09-02T23:27:16+00:00 end M5_172669_uvista_total_poly3 rc=0 wall=299s | 2026-09-02T23:27:16+00:00 start M5_172669_speconly
[23:28:28] M4_108989: 2026-09-02T23:24:20+00:00 end M4_108989_uvista_total_baseline rc=0 wall=184s | 2026-09-02T23:24:20+00:00 start M4_108989_uvista_total_poly3
[23:28:32] M4_108989: pulling results
[23:29:48] M5_172669: 2026-09-02T23:27:16+00:00 end M5_172669_uvista_total_poly3 rc=0 wall=299s | 2026-09-02T23:27:16+00:00 start M5_172669_speconly
[23:30:24] M4_108989: 2026-09-02T23:28:38+00:00 end M4_108989_uvista_total_poly3 rc=0 wall=257s | 2026-09-02T23:28:38+00:00 start M4_108989_speconly
[23:31:22] M5_172669: 2026-09-02T23:30:44+00:00 end M5_172669_speconly rc=0 wall=208s | 2026-09-02T23:30:44+00:00 start M5_172669_ap3_floor05_baseline
[23:32:02] M4_108989: 2026-09-02T23:31:24+00:00 end M4_108989_speconly rc=0 wall=166s | 2026-09-02T23:31:24+00:00 start M4_108989_ap3_floor05_baseline
[23:32:56] M5_172669: 2026-09-02T23:30:44+00:00 end M5_172669_speconly rc=0 wall=208s | 2026-09-02T23:30:44+00:00 start M5_172669_ap3_floor05_baseline
[23:33:41] M4_108989: 2026-09-02T23:31:24+00:00 end M4_108989_speconly rc=0 wall=166s | 2026-09-02T23:31:24+00:00 start M4_108989_ap3_floor05_baseline
[23:34:31] M5_172669: 2026-09-02T23:33:45+00:00 end M5_172669_ap3_floor05_baseline rc=0 wall=182s | 2026-09-02T23:33:45+00:00 start M5_172669_ap3_floor05_poly3
[23:35:20] M4_108989: 2026-09-02T23:34:31+00:00 end M4_108989_ap3_floor05_baseline rc=0 wall=187s | 2026-09-02T23:34:31+00:00 start M4_108989_ap3_floor05_poly3
[23:36:05] M5_172669: 2026-09-02T23:33:45+00:00 end M5_172669_ap3_floor05_baseline rc=0 wall=182s | 2026-09-02T23:33:45+00:00 start M5_172669_ap3_floor05_poly3
[23:36:58] M4_108989: 2026-09-02T23:34:31+00:00 end M4_108989_ap3_floor05_baseline rc=0 wall=187s | 2026-09-02T23:34:31+00:00 start M4_108989_ap3_floor05_poly3
[23:37:40] M5_172669: 2026-09-02T23:33:45+00:00 end M5_172669_ap3_floor05_baseline rc=0 wall=182s | 2026-09-02T23:33:45+00:00 start M5_172669_ap3_floor05_poly3
[23:38:35] M4_108989: 2026-09-02T23:34:31+00:00 end M4_108989_ap3_floor05_baseline rc=0 wall=187s | 2026-09-02T23:34:31+00:00 start M4_108989_ap3_floor05_poly3
[23:39:14] M5_172669: 2026-09-02T23:38:37+00:00 end M5_172669_ap3_floor05_poly3 rc=0 wall=292s | 2026-09-02T23:38:37+00:00 start M5_172669_ap3_floor02_baseline
[23:40:14] M4_108989: 2026-09-02T23:39:19+00:00 end M4_108989_ap3_floor05_poly3 rc=0 wall=288s | 2026-09-02T23:39:19+00:00 start M4_108989_ap3_floor02_baseline
[23:40:49] M5_172669: 2026-09-02T23:38:37+00:00 end M5_172669_ap3_floor05_poly3 rc=0 wall=292s | 2026-09-02T23:38:37+00:00 start M5_172669_ap3_floor02_baseline
[23:40:51] M5_172669: pulling results
[23:41:52] M4_108989: 2026-09-02T23:39:19+00:00 end M4_108989_ap3_floor05_poly3 rc=0 wall=288s | 2026-09-02T23:39:19+00:00 start M4_108989_ap3_floor02_baseline
[23:42:29] M5_172669: 2026-09-02T23:41:54+00:00 end M5_172669_ap3_floor02_baseline rc=0 wall=196s | 2026-09-02T23:41:54+00:00 start M5_172669_ap3_floor02_poly3
[23:43:31] M4_108989: 2026-09-02T23:42:25+00:00 end M4_108989_ap3_floor02_baseline rc=0 wall=187s | 2026-09-02T23:42:25+00:00 start M4_108989_ap3_floor02_poly3
[23:44:03] M5_172669: 2026-09-02T23:41:54+00:00 end M5_172669_ap3_floor02_baseline rc=0 wall=196s | 2026-09-02T23:41:54+00:00 start M5_172669_ap3_floor02_poly3
[23:45:09] M4_108989: 2026-09-02T23:42:25+00:00 end M4_108989_ap3_floor02_baseline rc=0 wall=187s | 2026-09-02T23:42:25+00:00 start M4_108989_ap3_floor02_poly3
[23:45:14] M4_108989: pulling results
[23:45:38] M5_172669: 2026-09-02T23:41:54+00:00 end M5_172669_ap3_floor02_baseline rc=0 wall=196s | 2026-09-02T23:41:54+00:00 start M5_172669_ap3_floor02_poly3
[23:46:58] M4_108989: 2026-09-02T23:42:25+00:00 end M4_108989_ap3_floor02_baseline rc=0 wall=187s | 2026-09-02T23:42:25+00:00 start M4_108989_ap3_floor02_poly3
[23:47:12] M5_172669: 2026-09-02T23:41:54+00:00 end M5_172669_ap3_floor02_baseline rc=0 wall=196s | 2026-09-02T23:41:54+00:00 start M5_172669_ap3_floor02_poly3
[23:48:37] M4_108989: 2026-09-02T23:47:15+00:00 end M4_108989_ap3_floor02_poly3 rc=0 wall=289s | 2026-09-02T23:47:15+00:00 start M4_108989_ap3_floor15_baseline
[23:48:47] M5_172669: 2026-09-02T23:47:17+00:00 end M5_172669_ap3_floor02_poly3 rc=0 wall=324s | 2026-09-02T23:47:17+00:00 start M5_172669_ap3_floor15_baseline
[23:50:15] M4_108989: 2026-09-02T23:47:15+00:00 end M4_108989_ap3_floor02_poly3 rc=0 wall=289s | 2026-09-02T23:47:15+00:00 start M4_108989_ap3_floor15_baseline
[23:50:21] M5_172669: 2026-09-02T23:47:17+00:00 end M5_172669_ap3_floor02_poly3 rc=0 wall=324s | 2026-09-02T23:47:17+00:00 start M5_172669_ap3_floor15_baseline
[23:51:54] M4_108989: 2026-09-02T23:50:58+00:00 end M4_108989_ap3_floor15_baseline rc=0 wall=223s | 2026-09-02T23:50:58+00:00 start M4_108989_ap3_floor15_poly3
[23:51:56] M5_172669: 2026-09-02T23:50:36+00:00 end M5_172669_ap3_floor15_baseline rc=0 wall=199s | 2026-09-02T23:50:36+00:00 start M5_172669_ap3_floor15_poly3
[23:53:30] M5_172669: 2026-09-02T23:50:36+00:00 end M5_172669_ap3_floor15_baseline rc=0 wall=199s | 2026-09-02T23:50:36+00:00 start M5_172669_ap3_floor15_poly3
[23:53:32] M4_108989: 2026-09-02T23:50:58+00:00 end M4_108989_ap3_floor15_baseline rc=0 wall=223s | 2026-09-02T23:50:58+00:00 start M4_108989_ap3_floor15_poly3
[23:55:05] M5_172669: 2026-09-02T23:50:36+00:00 end M5_172669_ap3_floor15_baseline rc=0 wall=199s | 2026-09-02T23:50:36+00:00 start M5_172669_ap3_floor15_poly3
[23:55:10] M4_108989: 2026-09-02T23:50:58+00:00 end M4_108989_ap3_floor15_baseline rc=0 wall=223s | 2026-09-02T23:50:58+00:00 start M4_108989_ap3_floor15_poly3
[23:56:39] M5_172669: 2026-09-02T23:55:29+00:00 end M5_172669_ap3_floor15_poly3 rc=0 wall=294s | 2026-09-02T23:55:29+00:00 start M5_172669_ap3_freeindex
[23:56:42] M5_172669: pulling results
[23:56:49] M4_108989: 2026-09-02T23:56:08+00:00 end M4_108989_ap3_floor15_poly3 rc=0 wall=311s | 2026-09-02T23:56:08+00:00 start M4_108989_ap3_freeindex
[23:58:23] M5_172669: 2026-09-02T23:55:29+00:00 end M5_172669_ap3_floor15_poly3 rc=0 wall=294s | 2026-09-02T23:55:29+00:00 start M5_172669_ap3_freeindex
[23:58:27] M4_108989: 2026-09-02T23:56:08+00:00 end M4_108989_ap3_floor15_poly3 rc=0 wall=311s | 2026-09-02T23:56:08+00:00 start M4_108989_ap3_freeindex
[23:59:58] M5_172669: 2026-09-02T23:59:56+00:00 end M5_172669_ap3_freeindex rc=0 wall=267s | 2026-09-02T23:59:56+00:00 start M5_172669_ap3_calzetti
[00:00:05] M4_108989: 2026-09-02T23:56:08+00:00 end M4_108989_ap3_floor15_poly3 rc=0 wall=311s | 2026-09-02T23:56:08+00:00 start M4_108989_ap3_freeindex
[00:01:32] M5_172669: 2026-09-02T23:59:56+00:00 end M5_172669_ap3_freeindex rc=0 wall=267s | 2026-09-02T23:59:56+00:00 start M5_172669_ap3_calzetti
[00:01:44] M4_108989: 2026-09-03T00:00:50+00:00 end M4_108989_ap3_freeindex rc=0 wall=282s | 2026-09-03T00:00:50+00:00 start M4_108989_ap3_calzetti
[00:01:48] M4_108989: pulling results
[00:03:06] M5_172669: 2026-09-03T00:02:54+00:00 end M5_172669_ap3_calzetti rc=0 wall=178s | 2026-09-03T00:02:54+00:00 start M5_172669_cosmos_total_poly1_dustprior
[00:03:35] M4_108989: 2026-09-03T00:00:50+00:00 end M4_108989_ap3_freeindex rc=0 wall=282s | 2026-09-03T00:00:50+00:00 start M4_108989_ap3_calzetti
[00:04:40] M5_172669: 2026-09-03T00:02:54+00:00 end M5_172669_ap3_calzetti rc=0 wall=178s | 2026-09-03T00:02:54+00:00 start M5_172669_cosmos_total_poly1_dustprior
[00:05:14] M4_108989: 2026-09-03T00:03:53+00:00 end M4_108989_ap3_calzetti rc=0 wall=183s | 2026-09-03T00:03:53+00:00 start M4_108989_cosmos_total_poly1_dustprior
[00:06:15] M5_172669: 2026-09-03T00:02:54+00:00 end M5_172669_ap3_calzetti rc=0 wall=178s | 2026-09-03T00:02:54+00:00 start M5_172669_cosmos_total_poly1_dustprior
[00:06:52] M4_108989: 2026-09-03T00:03:53+00:00 end M4_108989_ap3_calzetti rc=0 wall=183s | 2026-09-03T00:03:53+00:00 start M4_108989_cosmos_total_poly1_dustprior
[00:07:49] M5_172669: 2026-09-03T00:02:54+00:00 start M5_172669_cosmos_total_poly1_dustprior | 2026-09-03T00:06:37+00:00 end M5_172669_cosmos_total_poly1_dustprior rc=0 wall=223s | ALL_DONE
[00:07:50] M5_172669: pulling results
[00:08:00] M5_172669: destroyed instance 49693756
[00:08:31] M4_108989: 2026-09-03T00:03:53+00:00 start M4_108989_cosmos_total_poly1_dustprior | 2026-09-03T00:07:14+00:00 end M4_108989_cosmos_total_poly1_dustprior rc=0 wall=201s | ALL_DONE
[00:08:31] M4_108989: pulling results
[00:08:52] M4_108989: destroyed instance 49693763
{
 "spent_usd": 0.4143,
 "instances_left": []
}
M5_172669 49693756 2026-09-03T00:02:54+00:00 start M5_172669_cosmos_total_poly1_dustprior | 2026-09-03T00:06:37+00:00 end M5_172669_cosmos_total_poly1_dustprior rc=0 wall=223s | ALL_DONE
M4_108989 49693763 2026-09-03T00:03:53+00:00 start M4_108989_cosmos_total_poly1_dustprior | 2026-09-03T00:07:14+00:00 end M4_108989_cosmos_total_poly1_dustprior rc=0 wall=201s | ALL_DONE
