23:06:09 committed source faf650c146ff; output /Users/liuhao/Downloads/Astro project/tmp/worktrees/swarm-throughput/results/speedups-swarm-throughput-2026-09-30/types/a100-sxm4/run
23:06:24 ranking: host record, then USD per fit; estimates use 0.5 hours plus 8 GB download; 52240435 unknown bid $0.360/h, $0.180/fit, $0.199 total; 31632904 unknown on-demand $0.674/h, $0.337/fit, $0.347 total; 52240435 unknown on-demand $0.702/h, $0.351/fit, $0.370 total; 48716614 unknown bid $0.709/h, $0.355/fit, $0.376 total; 48716614 unknown on-demand $0.718/h, $0.359/fit, $0.380 total; 36878342 unknown on-demand $0.741/h, $0.370/fit, $0.381 total
23:06:24 renting A100 SXM4, host 591700, $0.360/h; estimate $0.199
23:06:33 instance 53600971: (None, None)
23:06:49 instance 53600971: ('loading', '876e798be398: Verifying Checksum\n876e798be398: Download complete\n')
23:06:56 instance 53600971: ('loading', '5824fe10eb6b: Verifying Checksum\n5824fe10eb6b: Download complete\n')
23:07:04 instance 53600971: ('loading', 'fd3093a74b0d: Verifying Checksum\nfd3093a74b0d: Download complete\n')
23:07:11 instance 53600971: ('loading', '8412e85cc33a: Pull complete\n')
23:07:19 instance 53600971: ('loading', 'c1e138b8ef21: Pull complete\n')
23:07:33 instance 53600971: ('loading', '20b6301b6072: Verifying Checksum\n20b6301b6072: Download complete\n')
23:07:39 instance 53600971: ('loading', '3db9425516fe: Pull complete\n')
23:07:45 instance 53600971: ('loading', '5824fe10eb6b: Pull complete\n')
23:07:51 instance 53600971: ('loading', 'a96cdfcbf7e6: Pull complete\n')
23:07:57 instance 53600971: ('loading', '#0 building with "default" instance using docker driver\n\n#1 [internal] load build definition from ghcr.io_potatoist314_ceridwen-gpu_sha256_6565b52d486cfe82cd17f6f2bd928b45529576d32b6dc52734c4549a953ed1a1\n')
23:08:09 instance 53600971: ('loading', 'Successfully loaded ghcr.io/potatoist314/ceridwen-gpu@sha256:6565b52d486cfe82cd17f6f2bd928b45529576d32b6dc52734c4549a953ed1a1')
23:08:15 instance 53600971: ('running', 'success, running ghcr.io/potatoist314/ceridwen-gpu_sha256_6565b52d486cfe82cd17f6f2bd928b45529576d32b6dc52734c4549a953ed1a1/ssh')
23:08:18 uploading pinned source, inputs and cached grid
23:09:24 bootstrap: running; -emission models. `export SPS_HOME=/path/to/fsps`

All required components present. (warnings above are optional features / FSPS setup.)
sedpy_jax wavelength-dependent input resolution verified
Installed kernelspec ceridwen in /root/.local/share/jupyter/kernels/ceridwen
Selected fit inputs verified
23:09:31 bootstrap: 0; d
Installed kernelspec ceridwen in /root/.local/share/jupyter/kernels/ceridwen
Selected fit inputs verified
LEGA-C inputs and schema-2.1 HR SSP grid verified: /workspace/cosmic-chronometers-jwst/grid/6fe00c55a177a93d5c74782e94d3a78418ce2ad856a4edfca8dcd8ed5e572a67.h5
Ceridwen GPU environment ready.
23:09:43 00-probe: running; 
23:09:50 00-probe: 0; 83           4           5           0          74          79
Swap:              0           0           0
name, compute_mode, memory.total [MiB], clocks.max.sm [MHz], power.limit [W]
NVIDIA A100-SXM4-40GB, Default, 40960 MiB, 1410 MHz, 400.00 W
model name	: Intel(R) Xeon(R) CPU @ 2.20GHz
23:09:59 01-solo30: running; 
23:10:05 01-solo30: running; is not a recognized function If this is meant to be a custom unit, define it with 'u.def_unit'. To have it recognized inside a file reader or other code, enable it with 'u.add_enabled_units'. For details, see https://docs.astropy.org/en/latest/units/combining_and_defining.html [astropy.units.core]
23:10:12 01-solo30: running; is not a recognized function If this is meant to be a custom unit, define it with 'u.def_unit'. To have it recognized inside a file reader or other code, enable it with 'u.add_enabled_units'. For details, see https://docs.astropy.org/en/latest/units/combining_and_defining.html [astropy.units.core]
23:10:19 01-solo30: running; is not a recognized function If this is meant to be a custom unit, define it with 'u.def_unit'. To have it recognized inside a file reader or other code, enable it with 'u.add_enabled_units'. For details, see https://docs.astropy.org/en/latest/units/combining_and_defining.html [astropy.units.core]
23:10:25 01-solo30: running; is not a recognized function If this is meant to be a custom unit, define it with 'u.def_unit'. To have it recognized inside a file reader or other code, enable it with 'u.add_enabled_units'. For details, see https://docs.astropy.org/en/latest/units/combining_and_defining.html [astropy.units.core]
23:10:32 01-solo30: running; is not a recognized function If this is meant to be a custom unit, define it with 'u.def_unit'. To have it recognized inside a file reader or other code, enable it with 'u.add_enabled_units'. For details, see https://docs.astropy.org/en/latest/units/combining_and_defining.html [astropy.units.core]
23:10:39 01-solo30: running; is not a recognized function If this is meant to be a custom unit, define it with 'u.def_unit'. To have it recognized inside a file reader or other code, enable it with 'u.add_enabled_units'. For details, see https://docs.astropy.org/en/latest/units/combining_and_defining.html [astropy.units.core]
23:10:46 01-solo30: running; is not a recognized function If this is meant to be a custom unit, define it with 'u.def_unit'. To have it recognized inside a file reader or other code, enable it with 'u.add_enabled_units'. For details, see https://docs.astropy.org/en/latest/units/combining_and_defining.html [astropy.units.core]
23:10:52 01-solo30: running; is not a recognized function If this is meant to be a custom unit, define it with 'u.def_unit'. To have it recognized inside a file reader or other code, enable it with 'u.add_enabled_units'. For details, see https://docs.astropy.org/en/latest/units/combining_and_defining.html [astropy.units.core]
23:10:59 01-solo30: running; is not a recognized function If this is meant to be a custom unit, define it with 'u.def_unit'. To have it recognized inside a file reader or other code, enable it with 'u.add_enabled_units'. For details, see https://docs.astropy.org/en/latest/units/combining_and_defining.html [astropy.units.core]
23:11:05 01-solo30: running; is not a recognized function If this is meant to be a custom unit, define it with 'u.def_unit'. To have it recognized inside a file reader or other code, enable it with 'u.add_enabled_units'. For details, see https://docs.astropy.org/en/latest/units/combining_and_defining.html [astropy.units.core]
23:11:14 01-solo30: running; is not a recognized function If this is meant to be a custom unit, define it with 'u.def_unit'. To have it recognized inside a file reader or other code, enable it with 'u.add_enabled_units'. For details, see https://docs.astropy.org/en/latest/units/combining_and_defining.html [astropy.units.core]
23:11:21 01-solo30: running; is not a recognized function If this is meant to be a custom unit, define it with 'u.def_unit'. To have it recognized inside a file reader or other code, enable it with 'u.add_enabled_units'. For details, see https://docs.astropy.org/en/latest/units/combining_and_defining.html [astropy.units.core]
23:11:27 01-solo30: running; is not a recognized function If this is meant to be a custom unit, define it with 'u.def_unit'. To have it recognized inside a file reader or other code, enable it with 'u.add_enabled_units'. For details, see https://docs.astropy.org/en/latest/units/combining_and_defining.html [astropy.units.core]
23:11:34 01-solo30: 0; false, "logZ": 235041.5458517387, "logZ_live": 235944.5813215761, "n_likelihood_calls": 977979, "build_s": 30.039443159941584, "init_s": 7.50283451913856, "sampling_s": 44.74760575196706, "first_iteration_s": 12.098174585029483, "later_iterations_s": 32.367037887685, "script_s": 86.96604215097614}
23:11:42 02-mps2-30: running; 
23:11:49 02-mps2-30: running; is not a recognized function If this is meant to be a custom unit, define it with 'u.def_unit'. To have it recognized inside a file reader or other code, enable it with 'u.add_enabled_units'. For details, see https://docs.astropy.org/en/latest/units/combining_and_defining.html [astropy.units.core]
23:11:56 02-mps2-30: running; is not a recognized function If this is meant to be a custom unit, define it with 'u.def_unit'. To have it recognized inside a file reader or other code, enable it with 'u.add_enabled_units'. For details, see https://docs.astropy.org/en/latest/units/combining_and_defining.html [astropy.units.core]
23:12:03 02-mps2-30: running; is not a recognized function If this is meant to be a custom unit, define it with 'u.def_unit'. To have it recognized inside a file reader or other code, enable it with 'u.add_enabled_units'. For details, see https://docs.astropy.org/en/latest/units/combining_and_defining.html [astropy.units.core]
23:12:09 02-mps2-30: running; is not a recognized function If this is meant to be a custom unit, define it with 'u.def_unit'. To have it recognized inside a file reader or other code, enable it with 'u.add_enabled_units'. For details, see https://docs.astropy.org/en/latest/units/combining_and_defining.html [astropy.units.core]
23:12:16 02-mps2-30: running; is not a recognized function If this is meant to be a custom unit, define it with 'u.def_unit'. To have it recognized inside a file reader or other code, enable it with 'u.add_enabled_units'. For details, see https://docs.astropy.org/en/latest/units/combining_and_defining.html [astropy.units.core]
23:12:23 02-mps2-30: running; is not a recognized function If this is meant to be a custom unit, define it with 'u.def_unit'. To have it recognized inside a file reader or other code, enable it with 'u.add_enabled_units'. For details, see https://docs.astropy.org/en/latest/units/combining_and_defining.html [astropy.units.core]
23:12:30 02-mps2-30: running; is not a recognized function If this is meant to be a custom unit, define it with 'u.def_unit'. To have it recognized inside a file reader or other code, enable it with 'u.add_enabled_units'. For details, see https://docs.astropy.org/en/latest/units/combining_and_defining.html [astropy.units.core]
23:12:37 02-mps2-30: running; is not a recognized function If this is meant to be a custom unit, define it with 'u.def_unit'. To have it recognized inside a file reader or other code, enable it with 'u.add_enabled_units'. For details, see https://docs.astropy.org/en/latest/units/combining_and_defining.html [astropy.units.core]
23:12:43 02-mps2-30: running; is not a recognized function If this is meant to be a custom unit, define it with 'u.def_unit'. To have it recognized inside a file reader or other code, enable it with 'u.add_enabled_units'. For details, see https://docs.astropy.org/en/latest/units/combining_and_defining.html [astropy.units.core]
23:12:50 02-mps2-30: running; is not a recognized function If this is meant to be a custom unit, define it with 'u.def_unit'. To have it recognized inside a file reader or other code, enable it with 'u.add_enabled_units'. For details, see https://docs.astropy.org/en/latest/units/combining_and_defining.html [astropy.units.core]
23:12:57 02-mps2-30: running; is not a recognized function If this is meant to be a custom unit, define it with 'u.def_unit'. To have it recognized inside a file reader or other code, enable it with 'u.add_enabled_units'. For details, see https://docs.astropy.org/en/latest/units/combining_and_defining.html [astropy.units.core]
23:13:04 02-mps2-30: running; is not a recognized function If this is meant to be a custom unit, define it with 'u.def_unit'. To have it recognized inside a file reader or other code, enable it with 'u.add_enabled_units'. For details, see https://docs.astropy.org/en/latest/units/combining_and_defining.html [astropy.units.core]
23:13:11 02-mps2-30: running; is not a recognized function If this is meant to be a custom unit, define it with 'u.def_unit'. To have it recognized inside a file reader or other code, enable it with 'u.add_enabled_units'. For details, see https://docs.astropy.org/en/latest/units/combining_and_defining.html [astropy.units.core]
23:13:18 02-mps2-30: running; is not a recognized function If this is meant to be a custom unit, define it with 'u.def_unit'. To have it recognized inside a file reader or other code, enable it with 'u.add_enabled_units'. For details, see https://docs.astropy.org/en/latest/units/combining_and_defining.html [astropy.units.core]
23:13:25 02-mps2-30: running; is not a recognized function If this is meant to be a custom unit, define it with 'u.def_unit'. To have it recognized inside a file reader or other code, enable it with 'u.add_enabled_units'. For details, see https://docs.astropy.org/en/latest/units/combining_and_defining.html [astropy.units.core]
23:13:32 02-mps2-30: running; is not a recognized function If this is meant to be a custom unit, define it with 'u.def_unit'. To have it recognized inside a file reader or other code, enable it with 'u.add_enabled_units'. For details, see https://docs.astropy.org/en/latest/units/combining_and_defining.html [astropy.units.core]
23:13:39 02-mps2-30: running; is not a recognized function If this is meant to be a custom unit, define it with 'u.def_unit'. To have it recognized inside a file reader or other code, enable it with 'u.add_enabled_units'. For details, see https://docs.astropy.org/en/latest/units/combining_and_defining.html [astropy.units.core]
23:13:46 02-mps2-30: 0; , "logZ": 235028.13336569784, "logZ_live": 235941.19843907136, "n_likelihood_calls": 982087, "build_s": 29.910563081037253, "init_s": 8.610543968854472, "sampling_s": 71.68744345894083, "first_iteration_s": 14.361118382075801, "later_iterations_s": 57.01832722383551, "script_s": 115.10407470795326}
23:13:59 03-mps4-30: running; 
23:14:06 03-mps4-30: running; is not a recognized function If this is meant to be a custom unit, define it with 'u.def_unit'. To have it recognized inside a file reader or other code, enable it with 'u.add_enabled_units'. For details, see https://docs.astropy.org/en/latest/units/combining_and_defining.html [astropy.units.core]
23:14:13 03-mps4-30: running; is not a recognized function If this is meant to be a custom unit, define it with 'u.def_unit'. To have it recognized inside a file reader or other code, enable it with 'u.add_enabled_units'. For details, see https://docs.astropy.org/en/latest/units/combining_and_defining.html [astropy.units.core]
23:14:20 03-mps4-30: running; is not a recognized function If this is meant to be a custom unit, define it with 'u.def_unit'. To have it recognized inside a file reader or other code, enable it with 'u.add_enabled_units'. For details, see https://docs.astropy.org/en/latest/units/combining_and_defining.html [astropy.units.core]
23:14:26 03-mps4-30: running; is not a recognized function If this is meant to be a custom unit, define it with 'u.def_unit'. To have it recognized inside a file reader or other code, enable it with 'u.add_enabled_units'. For details, see https://docs.astropy.org/en/latest/units/combining_and_defining.html [astropy.units.core]
23:14:33 03-mps4-30: running; is not a recognized function If this is meant to be a custom unit, define it with 'u.def_unit'. To have it recognized inside a file reader or other code, enable it with 'u.add_enabled_units'. For details, see https://docs.astropy.org/en/latest/units/combining_and_defining.html [astropy.units.core]
23:14:40 03-mps4-30: running; is not a recognized function If this is meant to be a custom unit, define it with 'u.def_unit'. To have it recognized inside a file reader or other code, enable it with 'u.add_enabled_units'. For details, see https://docs.astropy.org/en/latest/units/combining_and_defining.html [astropy.units.core]
23:14:47 03-mps4-30: running; is not a recognized function If this is meant to be a custom unit, define it with 'u.def_unit'. To have it recognized inside a file reader or other code, enable it with 'u.add_enabled_units'. For details, see https://docs.astropy.org/en/latest/units/combining_and_defining.html [astropy.units.core]
23:14:56 03-mps4-30: running; is not a recognized function If this is meant to be a custom unit, define it with 'u.def_unit'. To have it recognized inside a file reader or other code, enable it with 'u.add_enabled_units'. For details, see https://docs.astropy.org/en/latest/units/combining_and_defining.html [astropy.units.core]
23:15:10 03-mps4-30: running; is not a recognized function If this is meant to be a custom unit, define it with 'u.def_unit'. To have it recognized inside a file reader or other code, enable it with 'u.add_enabled_units'. For details, see https://docs.astropy.org/en/latest/units/combining_and_defining.html [astropy.units.core]
23:15:25 03-mps4-30: running; is not a recognized function If this is meant to be a custom unit, define it with 'u.def_unit'. To have it recognized inside a file reader or other code, enable it with 'u.add_enabled_units'. For details, see https://docs.astropy.org/en/latest/units/combining_and_defining.html [astropy.units.core]
23:15:37 03-mps4-30: running; is not a recognized function If this is meant to be a custom unit, define it with 'u.def_unit'. To have it recognized inside a file reader or other code, enable it with 'u.add_enabled_units'. For details, see https://docs.astropy.org/en/latest/units/combining_and_defining.html [astropy.units.core]
23:15:52 03-mps4-30: running; is not a recognized function If this is meant to be a custom unit, define it with 'u.def_unit'. To have it recognized inside a file reader or other code, enable it with 'u.add_enabled_units'. For details, see https://docs.astropy.org/en/latest/units/combining_and_defining.html [astropy.units.core]
23:16:07 03-mps4-30: running; is not a recognized function If this is meant to be a custom unit, define it with 'u.def_unit'. To have it recognized inside a file reader or other code, enable it with 'u.add_enabled_units'. For details, see https://docs.astropy.org/en/latest/units/combining_and_defining.html [astropy.units.core]
23:16:22 03-mps4-30: running; is not a recognized function If this is meant to be a custom unit, define it with 'u.def_unit'. To have it recognized inside a file reader or other code, enable it with 'u.add_enabled_units'. For details, see https://docs.astropy.org/en/latest/units/combining_and_defining.html [astropy.units.core]
23:16:35 03-mps4-30: running; is not a recognized function If this is meant to be a custom unit, define it with 'u.def_unit'. To have it recognized inside a file reader or other code, enable it with 'u.add_enabled_units'. For details, see https://docs.astropy.org/en/latest/units/combining_and_defining.html [astropy.units.core]
23:16:52 03-mps4-30: running; is not a recognized function If this is meant to be a custom unit, define it with 'u.def_unit'. To have it recognized inside a file reader or other code, enable it with 'u.add_enabled_units'. For details, see https://docs.astropy.org/en/latest/units/combining_and_defining.html [astropy.units.core]
23:17:04 03-mps4-30: running; , "logZ": 235041.5458517387, "logZ_live": 235944.5813215761, "n_likelihood_calls": 977979, "build_s": 34.97456823498942, "init_s": 10.863879459910095, "sampling_s": 126.91112256306224, "first_iteration_s": 16.814451780170202, "later_iterations_s": 109.53444059798494, "script_s": 178.18749970314093}
23:17:19 03-mps4-30: 0; "logZ": 235028.13336569784, "logZ_live": 235941.19843907136, "n_likelihood_calls": 982087, "build_s": 40.110283009009436, "init_s": 10.479609535075724, "sampling_s": 126.29701002012007, "first_iteration_s": 19.13544769305736, "later_iterations_s": 106.83842975157313, "script_s": 182.78823249298148}
23:18:00 destroyed instance 53600971
