Wed Sep 30 22:15:51 2026       
+-----------------------------------------------------------------------------------------+
| NVIDIA-SMI 580.167.08             Driver Version: 580.167.08     CUDA Version: 13.0     |
+-----------------------------------------+------------------------+----------------------+
| GPU  Name                 Persistence-M | Bus-Id          Disp.A | Volatile Uncorr. ECC |
| Fan  Temp   Perf          Pwr:Usage/Cap |           Memory-Usage | GPU-Util  Compute M. |
|                                         |                        |               MIG M. |
|=========================================+========================+======================|
|   0  NVIDIA GeForce RTX 5090        On  |   00000000:02:00.0 Off |                  N/A |
|  0%   34C    P8             29W /  600W |       1MiB /  32607MiB |      0%      Default |
|                                         |                        |                  N/A |
+-----------------------------------------+------------------------+----------------------+

+-----------------------------------------------------------------------------------------+
| Processes:                                                                              |
|  GPU   GI   CI              PID   Type   Process name                        GPU Memory |
|        ID   ID                                                               Usage      |
|=========================================================================================|
|  No running processes found                                                             |
+-----------------------------------------------------------------------------------------+
-rwxr-xr-x 1 root root 70784 Jun  3 23:24 /usr/bin/nvidia-cuda-mps-control
-rwxr-xr-x 1 root root 18664 Jun  3 23:24 /usr/bin/nvidia-cuda-mps-server
CAPS=compute,utility
24
               total        used        free      shared  buff/cache   available
Mem:              62           4          10           0          47          57
Swap:             39           0          39
name, compute_mode, memory.total [MiB], clocks.max.sm [MHz], power.limit [W]
NVIDIA GeForce RTX 5090, Default, 32607 MiB, 3210 MHz, 600.00 W
model name	: Intel(R) Core(TM) Ultra 9 285K
